Component: ARM Compiler 5.05 update 1 (build 106) Tool: armlink [4d0efa]

==============================================================================

Section Cross References

    app.o(i.device_init) refers to remote-comm.o(.bss) for Slave_Device
    app.o(i.ir_init) refers to stm32f10x_rcc.o(i.RCC_APB2PeriphClockCmd) for RCC_APB2PeriphClockCmd
    app.o(i.ir_init) refers to stm32f10x_gpio.o(i.GPIO_Init) for GPIO_Init
    app.o(i.ir_init) refers to stm32f10x_gpio.o(i.GPIO_ResetBits) for GPIO_ResetBits
    app.o(i.ir_init) refers to stm32f10x_gpio.o(i.GPIO_SetBits) for GPIO_SetBits
    app.o(i.main) refers to uart1.o(i.uart1_init) for uart1_init
    app.o(i.main) refers to uart2.o(i.uart2_init) for uart2_init
    app.o(i.main) refers to uart4.o(i.uart4_init) for uart4_init
    app.o(i.main) refers to remote-comm.o(i.treadmill_init) for treadmill_init
    app.o(i.main) refers to app.o(i.ir_init) for ir_init
    app.o(i.main) refers to remote-comm.o(i.servo_motor_rs485_init) for servo_motor_rs485_init
    app.o(i.main) refers to flash.o(i.flash_init) for flash_init
    app.o(i.main) refers to flash.o(i.flash_read) for flash_read
    app.o(i.main) refers to app.o(i.device_init) for device_init
    app.o(i.main) refers to device_can.o(i.CAN_Mode_Init) for CAN_Mode_Init
    app.o(i.main) refers to remote-comm.o(i.uart1_process) for uart1_process
    app.o(i.main) refers to remote-comm.o(i.check_car_and_servo) for check_car_and_servo
    app.o(i.main) refers to system_stm32f10x.o(.data) for SystemCoreClock
    app.o(i.my_sprintf_32) refers to _printf_percent.o(.ARM.Collect$$_printf_percent$$00000000) for _printf_percent
    app.o(i.my_sprintf_32) refers to _printf_d.o(.ARM.Collect$$_printf_percent$$00000009) for _printf_d
    app.o(i.my_sprintf_32) refers to _printf_s.o(.ARM.Collect$$_printf_percent$$00000014) for _printf_s
    app.o(i.my_sprintf_32) refers to _printf_dec.o(.text) for _printf_int_dec
    app.o(i.my_sprintf_32) refers to _printf_str.o(.text) for _printf_str
    app.o(i.my_sprintf_32) refers to rt_memclr_w.o(.text) for __aeabi_memclr4
    app.o(i.my_sprintf_32) refers to noretval__2sprintf.o(.text) for __2sprintf
    app.o(i.my_sprintf_32) refers to strlen.o(.text) for strlen
    app.o(i.my_sprintf_32) refers to uart1.o(i.uart1_sendstr) for uart1_sendstr
    app.o(i.ret_ir) refers to stm32f10x_gpio.o(i.GPIO_ReadInputDataBit) for GPIO_ReadInputDataBit
    app.o(i.ret_ir) refers to stm32f10x_gpio.o(i.GPIO_SetBits) for GPIO_SetBits
    app.o(i.ret_ir) refers to stm32f10x_gpio.o(i.GPIO_ResetBits) for GPIO_ResetBits
    app.o(i.test) refers to rt_memcpy_w.o(.text) for __aeabi_memcpy4
    app.o(i.test) refers to uart1.o(i.uart1_sendstr) for uart1_sendstr
    app.o(i.test) refers to utils.o(i.get_system_tick) for get_system_tick
    app.o(i.test) refers to utils.o(i.retTickDiff) for retTickDiff
    app.o(i.test) refers to app.o(.data) for state
    app.o(i.test_can) refers to device_can.o(i.Can_Send_Msg) for Can_Send_Msg
    app.o(i.test_can) refers to stm32f10x_gpio.o(i.GPIO_ResetBits) for GPIO_ResetBits
    app.o(i.test_can) refers to uart2.o(i.uart2_sendstr) for uart2_sendstr
    app.o(i.test_can) refers to stm32f10x_gpio.o(i.GPIO_SetBits) for GPIO_SetBits
    app.o(i.test_can) refers to utils.o(i.get_system_tick) for get_system_tick
    app.o(i.test_can) refers to utils.o(i.retTickDiff) for retTickDiff
    app.o(i.test_can) refers to device_can.o(i.Can_Receive_Msg) for Can_Receive_Msg
    app.o(i.test_can) refers to memcmp.o(.text) for memcmp
    app.o(i.test_can) refers to app.o(.data) for send_recv_flag
    app.o(i.test_can) refers to remote-comm.o(.bss) for Slave_Device
    app.o(i.test_can_comm) refers to app.o(i.my_sprintf_32) for my_sprintf_32
    app.o(i.test_can_comm) refers to device_can.o(.bss) for Recv_CAN_Data
    uart1.o(i.USART1_IRQHandler) refers to stm32f10x_usart.o(i.USART_GetITStatus) for USART_GetITStatus
    uart1.o(i.USART1_IRQHandler) refers to stm32f10x_usart.o(i.USART_ReceiveData) for USART_ReceiveData
    uart1.o(i.USART1_IRQHandler) refers to uart1.o(.data) for flag_usart1_rx
    uart1.o(i.USART1_IRQHandler) refers to uart1.o(.bss) for usart1_rx_buffer
    uart1.o(i.get_uart1_buf) refers to uart1.o(.bss) for usart1_rx_buffer
    uart1.o(i.get_uart1_length) refers to uart1.o(.data) for flag_usart1_rx
    uart1.o(i.uart1_clear) refers to rt_memclr.o(.text) for __aeabi_memclr
    uart1.o(i.uart1_clear) refers to uart1.o(.bss) for usart1_rx_buffer
    uart1.o(i.uart1_clear) refers to uart1.o(.data) for usart1_rx_len
    uart1.o(i.uart1_init) refers to stm32f10x_rcc.o(i.RCC_APB2PeriphClockCmd) for RCC_APB2PeriphClockCmd
    uart1.o(i.uart1_init) refers to stm32f10x_usart.o(i.USART_DeInit) for USART_DeInit
    uart1.o(i.uart1_init) refers to stm32f10x_gpio.o(i.GPIO_Init) for GPIO_Init
    uart1.o(i.uart1_init) refers to stm32f10x_usart.o(i.USART_Init) for USART_Init
    uart1.o(i.uart1_init) refers to misc.o(i.NVIC_Init) for NVIC_Init
[...]
    ../clib/angel/kernel.s                   0x00000000   Number         0  __rtentry4.o ABSOLUTE
    ../clib/angel/kernel.s                   0x00000000   Number         0  rtexit2.o ABSOLUTE
    ../clib/angel/kernel.s                   0x00000000   Number         0  __rtentry.o ABSOLUTE
    ../clib/angel/rt.s                       0x00000000   Number         0  rt_locale.o ABSOLUTE
    ../clib/angel/rt.s                       0x00000000   Number         0  rt_locale_intlibspace.o ABSOLUTE
    ../clib/angel/rt.s                       0x00000000   Number         0  rt_raise.o ABSOLUTE
    ../clib/angel/rt.s                       0x00000000   Number         0  rt_errno_addr_intlibspace.o ABSOLUTE
    ../clib/angel/rt.s                       0x00000000   Number         0  rt_errno_addr.o ABSOLUTE
    ../clib/angel/rt.s                       0x00000000   Number         0  rt_ctype_table.o ABSOLUTE
    ../clib/angel/scatter.s                  0x00000000   Number         0  __scatter.o ABSOLUTE
    ../clib/angel/startup.s                  0x00000000   Number         0  __main.o ABSOLUTE
    ../clib/angel/sys.s                      0x00000000   Number         0  indicate_semi.o ABSOLUTE
    ../clib/angel/sys.s                      0x00000000   Number         0  use_no_semi.o ABSOLUTE
    ../clib/angel/sys.s                      0x00000000   Number         0  libspace.o ABSOLUTE
    ../clib/angel/sys.s                      0x00000000   Number         0  sys_stackheap_outer.o ABSOLUTE
    ../clib/angel/sysapp.c                   0x00000000   Number         0  sys_command.o ABSOLUTE
    ../clib/angel/sysapp.c                   0x00000000   Number         0  sys_exit.o ABSOLUTE
    ../clib/angel/sysapp.c                   0x00000000   Number         0  sys_wrch.o ABSOLUTE
    ../clib/armsys.c                         0x00000000   Number         0  argv_veneer.o ABSOLUTE
    ../clib/armsys.c                         0x00000000   Number         0  argv_veneer.o ABSOLUTE
    ../clib/armsys.c                         0x00000000   Number         0  no_argv.o ABSOLUTE
    ../clib/armsys.c                         0x00000000   Number         0  _get_argv_nomalloc.o ABSOLUTE
    ../clib/heapalloc.c                      0x00000000   Number         0  hrguard.o ABSOLUTE
    ../clib/heapaux.c                        0x00000000   Number         0  heapauxi.o ABSOLUTE
    ../clib/libinit.s                        0x00000000   Number         0  libshutdown2.o ABSOLUTE
    ../clib/libinit.s                        0x00000000   Number         0  libshutdown.o ABSOLUTE
    ../clib/libinit.s                        0x00000000   Number         0  libinit.o ABSOLUTE
    ../clib/libinit.s                        0x00000000   Number         0  libinit2.o ABSOLUTE
    ../clib/locale.s                         0x00000000   Number         0  lc_ctype_c.o ABSOLUTE
    ../clib/memcpset.s                       0x00000000   Number         0  rt_memcpy_v6.o ABSOLUTE
    ../clib/memcpset.s                       0x00000000   Number         0  strcmpv7m.o ABSOLUTE
    ../clib/memcpset.s                       0x00000000   Number         0  rt_memcpy_w.o ABSOLUTE
    ../clib/memcpset.s                       0x00000000   Number         0  rt_memclr_w.o ABSOLUTE
    ../clib/memcpset.s                       0x00000000   Number         0  rt_memclr.o ABSOLUTE
    ../clib/printf.c                         0x00000000   Number         0  noretval__2sprintf.o ABSOLUTE
    ../clib/printf.c                         0x00000000   Number         0  __printf_flags_ss_wp.o ABSOLUTE
    ../clib/printf.c                         0x00000000   Number         0  _printf_char_common.o ABSOLUTE
    ../clib/printf.c                         0x00000000   Number         0  _printf_intcommon.o ABSOLUTE
    ../clib/printf.c                         0x00000000   Number         0  __2sprintf.o ABSOLUTE
    ../clib/printf.c                         0x00000000   Number         0  __printf_wp.o ABSOLUTE
    ../clib/printf.c                         0x00000000   Number         0  __printf.o ABSOLUTE
    ../clib/printf.c                         0x00000000   Number         0  __printf_ss.o ABSOLUTE
    ../clib/printf.c                         0x00000000   Number         0  __printf_flags_wp.o ABSOLUTE
    ../clib/printf.c                         0x00000000   Number         0  __printf_flags_ss.o ABSOLUTE
    ../clib/printf.c                         0x00000000   Number         0  _printf_char.o ABSOLUTE
    ../clib/printf.c                         0x00000000   Number         0  _sputc.o ABSOLUTE
    ../clib/printf.c                         0x00000000   Number         0  _printf_str.o ABSOLUTE
    ../clib/printf.c                         0x00000000   Number         0  _printf_dec.o ABSOLUTE
    ../clib/printf.c                         0x00000000   Number         0  __printf_flags.o ABSOLUTE
    ../clib/printf.c                         0x00000000   Number         0  __printf_nopercent.o ABSOLUTE
    ../clib/printf.c                         0x00000000   Number         0  __printf_ss_wp.o ABSOLUTE
    ../clib/printf_percent.s                 0x00000000   Number         0  _printf_s.o ABSOLUTE
    ../clib/printf_percent.s                 0x00000000   Number         0  _printf_percent_end.o ABSOLUTE
    ../clib/printf_percent.s                 0x00000000   Number         0  _printf_percent.o ABSOLUTE
    ../clib/printf_percent.s                 0x00000000   Number         0  _printf_d.o ABSOLUTE
    ../clib/scanf.c                          0x00000000   Number         0  _strtoul.o ABSOLUTE
    ../clib/scanf.c                          0x00000000   Number         0  strtol.o ABSOLUTE
    ../clib/scanf.c                          0x00000000   Number         0  _chval.o ABSOLUTE
    ../clib/signal.c                         0x00000000   Number         0  defsig_pvfn_inner.o ABSOLUTE
    ../clib/signal.c                         0x00000000   Number         0  defsig_stak_inner.o ABSOLUTE
    ../clib/signal.c                         0x00000000   Number         0  defsig_rtred_inner.o ABSOLUTE
    ../clib/signal.c                         0x00000000   Number         0  defsig_fpe_inner.o ABSOLUTE
    ../clib/signal.c                         0x00000000   Number         0  defsig_abrt_inner.o ABSOLUTE
    ../clib/signal.c                         0x00000000   Number         0  defsig_rtmem_inner.o ABSOLUTE
    ../clib/signal.c                         0x00000000   Number         0  defsig_exit.o ABSOLUTE
    ../clib/signal.c                         0x00000000   Number         0  defsig_rtmem_outer.o ABSOLUTE
    ../clib/signal.c                         0x00000000   Number         0  defsig_rtmem_formal.o ABSOLUTE
    ../clib/signal.c                         0x00000000   Number         0  defsig_cppl_inner.o ABSOLUTE
    ../clib/signal.c                         0x00000000   Number         0  defsig_segv_inner.o ABSOLUTE
    ../clib/signal.c                         0x00000000   Number         0  defsig_other.o ABSOLUTE
    ../clib/signal.c                         0x00000000   Number         0  __raise.o ABSOLUTE
    ../clib/signal.c                         0x00000000   Number         0  defsig_general.o ABSOLUTE
    ../clib/signal.s                         0x00000000   Number         0  defsig.o ABSOLUTE
    ../clib/stdlib.c                         0x00000000   Number         0  exit.o ABSOLUTE
    ../clib/string.c                         0x00000000   Number         0  strlen.o ABSOLUTE
    ../clib/string.c                         0x00000000   Number         0  memcmp.o ABSOLUTE
    ../fplib/fpinit.s                        0x00000000   Number         0  fpinit.o ABSOLUTE
    C:\Keil_v5\ARM\PACK\Keil\STM32F1xx_DFP\2.3.0\Device\StdPeriph_Driver\src\misc.c 0x00000000   Number         0  misc.o ABSOLUTE
    C:\Keil_v5\ARM\PACK\Keil\STM32F1xx_DFP\2.3.0\Device\StdPeriph_Driver\src\stm32f10x_can.c 0x00000000   Number         0  stm32f10x_can.o ABSOLUTE
    C:\Keil_v5\ARM\PACK\Keil\STM32F1xx_DFP\2.3.0\Device\StdPeriph_Driver\src\stm32f10x_flash.c 0x00000000   Number         0  stm32f10x_flash.o ABSOLUTE
    C:\Keil_v5\ARM\PACK\Keil\STM32F1xx_DFP\2.3.0\Device\StdPeriph_Driver\src\stm32f10x_gpio.c 0x00000000   Number         0  stm32f10x_gpio.o ABSOLUTE
    C:\Keil_v5\ARM\PACK\Keil\STM32F1xx_DFP\2.3.0\Device\StdPeriph_Driver\src\stm32f10x_iwdg.c 0x00000000   Number         0  stm32f10x_iwdg.o ABSOLUTE
    C:\Keil_v5\ARM\PACK\Keil\STM32F1xx_DFP\2.3.0\Device\StdPeriph_Driver\src\stm32f10x_rcc.c 0x00000000   Number         0  stm32f10x_rcc.o ABSOLUTE
    C:\Keil_v5\ARM\PACK\Keil\STM32F1xx_DFP\2.3.0\Device\StdPeriph_Driver\src\stm32f10x_usart.c 0x00000000   Number         0  stm32f10x_usart.o ABSOLUTE
    C:\\Keil_v5\\ARM\\PACK\\Keil\\STM32F1xx_DFP\\2.3.0\\Device\\StdPeriph_Driver\\src\\misc.c 0x00000000   Number         0  misc.o ABSOLUTE
    C:\\Keil_v5\\ARM\\PACK\\Keil\\STM32F1xx_DFP\\2.3.0\\Device\\StdPeriph_Driver\\src\\stm32f10x_can.c 0x00000000   Number         0  stm32f10x_can.o ABSOLUTE
    C:\\Keil_v5\\ARM\\PACK\\Keil\\STM32F1xx_DFP\\2.3.0\\Device\\StdPeriph_Driver\\src\\stm32f10x_flash.c 0x00000000   Number         0  stm32f10x_flash.o ABSOLUTE
    C:\\Keil_v5\\ARM\\PACK\\Keil\\STM32F1xx_DFP\\2.3.0\\Device\\StdPeriph_Driver\\src\\stm32f10x_gpio.c 0x00000000   Number         0  stm32f10x_gpio.o ABSOLUTE
    C:\\Keil_v5\\ARM\\PACK\\Keil\\STM32F1xx_DFP\\2.3.0\\Device\\StdPeriph_Driver\\src\\stm32f10x_iwdg.c 0x00000000   Number         0  stm32f10x_iwdg.o ABSOLUTE
    C:\\Keil_v5\\ARM\\PACK\\Keil\\STM32F1xx_DFP\\2.3.0\\Device\\StdPeriph_Driver\\src\\stm32f10x_rcc.c 0x00000000   Number         0  stm32f10x_rcc.o ABSOLUTE
    C:\\Keil_v5\\ARM\\PACK\\Keil\\STM32F1xx_DFP\\2.3.0\\Device\\StdPeriph_Driver\\src\\stm32f10x_usart.c 0x00000000   Number         0  stm32f10x_usart.o ABSOLUTE
    RTE\Device\STM32F103RC\startup_stm32f10x_hd.s 0x00000000   Number         0  startup_stm32f10x_hd.o ABSOLUTE
    RTE\Device\STM32F103RC\system_stm32f10x.c 0x00000000   Number         0  system_stm32f10x.o ABSOLUTE
    RTE\\Device\\STM32F103RC\\system_stm32f10x.c 0x00000000   Number         0  system_stm32f10x.o ABSOLUTE
    Src\\app.c                               0x00000000   Number         0  app.o ABSOLUTE
    Src\\crc16_mobus.c                       0x00000000   Number         0  crc16_mobus.o ABSOLUTE
    Src\\device_can.c                        0x00000000   Number         0  device_can.o ABSOLUTE
    Src\\flash.c                             0x00000000   Number         0  flash.o ABSOLUTE
    Src\\remote-comm.c                       0x00000000   Number         0  remote-comm.o ABSOLUTE
    Src\\uart1.c                             0x00000000   Number         0  uart1.o ABSOLUTE
    Src\\uart2.c                             0x00000000   Number         0  uart2.o ABSOLUTE
    Src\\uart3.c                             0x00000000   Number         0  uart3.o ABSOLUTE
    Src\\uart4.c                             0x00000000   Number         0  uart4.o ABSOLUTE
    Src\\utils.c                             0x00000000   Number         0  utils.o ABSOLUTE
    Src\app.c                                0x00000000   Number         0  app.o ABSOLUTE
    Src\crc16_mobus.c                        0x00000000   Number         0  crc16_mobus.o ABSOLUTE
    Src\device_can.c                         0x00000000   Number         0  device_can.o ABSOLUTE
    Src\flash.c                              0x00000000   Number         0  flash.o ABSOLUTE
    Src\remote-comm.c                        0x00000000   Number         0  remote-comm.o ABSOLUTE
    Src\uart1.c                              0x00000000   Number         0  uart1.o ABSOLUTE
    Src\uart2.c                              0x00000000   Number         0  uart2.o ABSOLUTE
    Src\uart3.c                              0x00000000   Number         0  uart3.o ABSOLUTE
    Src\uart4.c                              0x00000000   Number         0  uart4.o ABSOLUTE
    Src\utils.c                              0x00000000   Number         0  utils.o ABSOLUTE
    dc.s                                     0x00000000   Number         0  dc.o ABSOLUTE
    driver.c                                 0x00000000   Number         0  driver.o ABSOLUTE
    driver.c                                 0x00000000   Number         0  driver.o ABSOLUTE
    RESET                                    0x08000000   Section      304  startup_stm32f10x_hd.o(RESET)
    !!!main                                  0x08000130   Section        8  __main.o(!!!main)
    !!!scatter                               0x08000138   Section       52  __scatter.o(!!!scatter)
    !!handler_copy                           0x0800016c   Section       26  __scatter_copy.o(!!handler_copy)
    !!handler_zi                             0x08000188   Section       28  __scatter_zi.o(!!handler_zi)
    .ARM.Collect$$_printf_percent$$00000000  0x080001a4   Section        0  _printf_percent.o(.ARM.Collect$$_printf_percent$$00000000)
    .ARM.Collect$$_printf_percent$$00000009  0x080001a4   Section        6  _printf_d.o(.ARM.Collect$$_printf_percent$$00000009)
    .ARM.Collect$$_printf_percent$$00000017  0x080001aa   Section        4  _printf_percent_end.o(.ARM.Collect$$_printf_percent$$00000017)
    .ARM.Collect$$libinit$$00000000          0x080001ae   Section        2  libinit.o(.ARM.Collect$$libinit$$00000000)
    .ARM.Collect$$libinit$$00000002          0x080001b0   Section        0  libinit2.o(.ARM.Collect$$libinit$$00000002)
    .ARM.Collect$$libinit$$00000004          0x080001b0   Section        0  libinit2.o(.ARM.Collect$$libinit$$00000004)
    .ARM.Collect$$libinit$$0000000A          0x080001b0   Section        0  libinit2.o(.ARM.Collect$$libinit$$0000000A)
    .ARM.Collect$$libinit$$0000000C          0x080001b0   Section        0  libinit2.o(.ARM.Collect$$libinit$$0000000C)
    .ARM.Collect$$libinit$$0000000E          0x080001b0   Section        0  libinit2.o(.ARM.Collect$$libinit$$0000000E)
    .ARM.Collect$$libinit$$0000000F          0x080001b0   Section        6  libinit2.o(.ARM.Collect$$libinit$$0000000F)
    .ARM.Collect$$libinit$$00000011          0x080001b6   Section        0  libinit2.o(.ARM.Collect$$libinit$$00000011)
    .ARM.Collect$$libinit$$00000012          0x080001b6   Section       12  libinit2.o(.ARM.Collect$$libinit$$00000012)
    .ARM.Collect$$libinit$$00000013          0x080001c2   Section        0  libinit2.o(.ARM.Collect$$libinit$$00000013)
    .ARM.Collect$$libinit$$00000015          0x080001c2   Section        0  libinit2.o(.ARM.Collect$$libinit$$00000015)
    .ARM.Collect$$libinit$$00000017          0x080001c2   Section        0  libinit2.o(.ARM.Collect$$libinit$$00000017)
    .ARM.Collect$$libinit$$00000019          0x080001c2   Section        0  libinit2.o(.ARM.Collect$$libinit$$00000019)
    .ARM.Collect$$libinit$$0000001B          0x080001c2   Section        0  libinit2.o(.ARM.Collect$$libinit$$0000001B)
    .ARM.Collect$$libinit$$0000001D          0x080001c2   Section        0  libinit2.o(.ARM.Collect$$libinit$$0000001D)
    .ARM.Collect$$libinit$$0000001F          0x080001c2   Section        0  libinit2.o(.ARM.Collect$$libinit$$0000001F)
    .ARM.Collect$$libinit$$00000021          0x080001c2   Section        0  libinit2.o(.ARM.Collect$$libinit$$00000021)
    .ARM.Collect$$libinit$$00000023          0x080001c2   Section        0  libinit2.o(.ARM.Collect$$libinit$$00000023)
    .ARM.Collect$$libinit$$00000025          0x080001c2   Section        0  libinit2.o(.ARM.Collect$$libinit$$00000025)
    .ARM.Collect$$libinit$$0000002C          0x080001c2   Section        0  libinit2.o(.ARM.Collect$$libinit$$0000002C)
    .ARM.Collect$$libinit$$0000002E          0x080001c2   Section        0  libinit2.o(.ARM.Collect$$libinit$$0000002E)
    .ARM.Collect$$libinit$$00000030          0x080001c2   Section        0  libinit2.o(.ARM.Collect$$libinit$$00000030)
    .ARM.Collect$$libinit$$00000032          0x080001c2   Section        0  libinit2.o(.ARM.Collect$$libinit$$00000032)
    .ARM.Collect$$libinit$$00000033          0x080001c2   Section        2  libinit2.o(.ARM.Collect$$libinit$$00000033)
    .ARM.Collect$$libshutdown$$00000000      0x080001c4   Section        2  libshutdown.o(.ARM.Collect$$libshutdown$$00000000)
    .ARM.Collect$$libshutdown$$00000003      0x080001c6   Section        0  libshutdown2.o(.ARM.Collect$$libshutdown$$00000003)
    .ARM.Collect$$libshutdown$$00000006      0x080001c6   Section        0  libshutdown2.o(.ARM.Collect$$libshutdown$$00000006)
    .ARM.Collect$$libshutdown$$00000009      0x080001c6   Section        0  libshutdown2.o(.ARM.Collect$$libshutdown$$00000009)
    .ARM.Collect$$libshutdown$$0000000B      0x080001c6   Section        0  libshutdown2.o(.ARM.Collect$$libshutdown$$0000000B)
    .ARM.Collect$$libshutdown$$0000000E      0x080001c6   Section        0  libshutdown2.o(.ARM.Collect$$libshutdown$$0000000E)
    .ARM.Collect$$libshutdown$$0000000F      0x080001c6   Section        2  libshutdown2.o(.ARM.Collect$$libshutdown$$0000000F)
    .ARM.Collect$$rtentry$$00000000          0x080001c8   Section        0  __rtentry.o(.ARM.Collect$$rtentry$$00000000)
    .ARM.Collect$$rtentry$$00000002          0x080001c8   Section        0  __rtentry2.o(.ARM.Collect$$rtentry$$00000002)
    .ARM.Collect$$rtentry$$00000004          0x080001c8   Section        6  __rtentry4.o(.ARM.Collect$$rtentry$$00000004)
    .ARM.Collect$$rtentry$$00000009          0x080001ce   Section        0  __rtentry2.o(.ARM.Collect$$rtentry$$00000009)
    .ARM.Collect$$rtentry$$0000000A          0x080001ce   Section        4  __rtentry2.o(.ARM.Collect$$rtentry$$0000000A)
    .ARM.Collect$$rtentry$$0000000C          0x080001d2   Section        0  __rtentry2.o(.ARM.Collect$$rtentry$$0000000C)
    .ARM.Collect$$rtentry$$0000000D          0x080001d2   Section        8  __rtentry2.o(.ARM.Collect$$rtentry$$0000000D)
    .ARM.Collect$$rtexit$$00000000           0x080001da   Section        2  rtexit.o(.ARM.Collect$$rtexit$$00000000)
    .ARM.Collect$$rtexit$$00000002           0x080001dc   Section        0  rtexit2.o(.ARM.Collect$$rtexit$$00000002)
    .ARM.Collect$$rtexit$$00000003           0x080001dc   Section        4  rtexit2.o(.ARM.Collect$$rtexit$$00000003)
    .ARM.Collect$$rtexit$$00000004           0x080001e0   Section        6  rtexit2.o(.ARM.Collect$$rtexit$$00000004)
    .text                                    0x080001e8   Section       64  startup_stm32f10x_hd.o(.text)
    .text                                    0x08000228   Section        0  noretval__2sprintf.o(.text)
    .text                                    0x08000250   Section        0  __printf.o(.text)
    .text                                    0x080002b8   Section        0  _printf_dec.o(.text)
    .text                                    0x08000330   Section        0  strtol.o(.text)
    .text                                    0x080003a0   Section        0  memcmp.o(.text)
    .text                                    0x080003f8   Section        0  strlen.o(.text)
    .text                                    0x08000436   Section      138  rt_memcpy_v6.o(.text)
    .text                                    0x080004c0   Section      100  rt_memcpy_w.o(.text)
    .text                                    0x08000524   Section       68  rt_memclr.o(.text)
    .text                                    0x08000568   Section       78  rt_memclr_w.o(.text)
    .text                                    0x080005b6   Section        0  heapauxi.o(.text)
    .text                                    0x080005bc   Section       16  rt_ctype_table.o(.text)
    .text                                    0x080005cc   Section        8  rt_errno_addr_intlibspace.o(.text)
    .text                                    0x080005d4   Section        0  _printf_intcommon.o(.text)
    .text                                    0x08000688   Section        0  _printf_char_common.o(.text)
    _printf_input_char                       0x08000689   Thumb Code    10  _printf_char_common.o(.text)
    .text                                    0x080006b8   Section        0  _sputc.o(.text)
    .text                                    0x080006c2   Section        0  _strtoul.o(.text)
    .text                                    0x08000760   Section        8  libspace.o(.text)
    .text                                    0x08000768   Section        8  rt_locale_intlibspace.o(.text)
    .text                                    0x08000770   Section        0  _chval.o(.text)
    .text                                    0x0800078c   Section       74  sys_stackheap_outer.o(.text)
    .text                                    0x080007d6   Section        0  exit.o(.text)
    .text                                    0x080007e4   Section      128  strcmpv7m.o(.text)
    .text                                    0x08000864   Section        0  sys_exit.o(.text)
    .text                                    0x08000870   Section        2  use_no_semi.o(.text)
    .text                                    0x08000872   Section        0  indicate_semi.o(.text)
    i.CAN_FilterInit                         0x08000874   Section        0  stm32f10x_can.o(i.CAN_FilterInit)
    i.CAN_ITConfig                           0x0800097c   Section        0  stm32f10x_can.o(i.CAN_ITConfig)
    i.CAN_Init                               0x0800098e   Section        0  stm32f10x_can.o(i.CAN_Init)
    i.CAN_Mode_Init                          0x08000aa4   Section        0  device_can.o(i.CAN_Mode_Init)
    i.CAN_Receive                            0x08000d74   Section        0  stm32f10x_can.o(i.CAN_Receive)
    i.CAN_Transmit                           0x08000e64   Section        0  stm32f10x_can.o(i.CAN_Transmit)
    i.CAN_TransmitStatus                     0x08000f8c   Section        0  stm32f10x_can.o(i.CAN_TransmitStatus)
    i.Can_Send_Msg                           0x0800102c   Section        0  device_can.o(i.Can_Send_Msg)
    i.FLASH_ClearFlag                        0x080010a0   Section        0  stm32f10x_flash.o(i.FLASH_ClearFlag)
    i.FLASH_ErasePage                        0x080010ac   Section        0  stm32f10x_flash.o(i.FLASH_ErasePage)
    i.FLASH_GetBank1Status                   0x080010f8   Section        0  stm32f10x_flash.o(i.FLASH_GetBank1Status)
    i.FLASH_LockBank1                        0x0800112c   Section        0  stm32f10x_flash.o(i.FLASH_LockBank1)
    i.FLASH_ProgramWord                      0x08001140   Section        0  stm32f10x_flash.o(i.FLASH_ProgramWord)
    i.FLASH_UnlockBank1                      0x080011ac   Section        0  stm32f10x_flash.o(i.FLASH_UnlockBank1)
    i.FLASH_WaitForLastOperation             0x080011c4   Section        0  stm32f10x_flash.o(i.FLASH_WaitForLastOperation)
    i.GPIO_Init                              0x080011ea   Section        0  stm32f10x_gpio.o(i.GPIO_Init)
    i.GPIO_PinRemapConfig                    0x08001300   Section        0  stm32f10x_gpio.o(i.GPIO_PinRemapConfig)
    i.GPIO_ResetBits                         0x08001390   Section        0  stm32f10x_gpio.o(i.GPIO_ResetBits)
    i.GPIO_SetBits                           0x08001394   Section        0  stm32f10x_gpio.o(i.GPIO_SetBits)
    i.IWDG_Enable                            0x08001398   Section        0  stm32f10x_iwdg.o(i.IWDG_Enable)
    i.IWDG_ReloadCounter                     0x080013a8   Section        0  stm32f10x_iwdg.o(i.IWDG_ReloadCounter)
    i.IWDG_SetPrescaler                      0x080013b8   Section        0  stm32f10x_iwdg.o(i.IWDG_SetPrescaler)
    i.IWDG_SetReload                         0x080013c4   Section        0  stm32f10x_iwdg.o(i.IWDG_SetReload)
    i.IWDG_WriteAccessCmd                    0x080013d0   Section        0  stm32f10x_iwdg.o(i.IWDG_WriteAccessCmd)
    i.NVIC_Init                              0x080013dc   Section        0  misc.o(i.NVIC_Init)
    i.RCC_APB1PeriphClockCmd                 0x0800144c   Section        0  stm32f10x_rcc.o(i.RCC_APB1PeriphClockCmd)
    i.RCC_APB1PeriphResetCmd                 0x0800146c   Section        0  stm32f10x_rcc.o(i.RCC_APB1PeriphResetCmd)
    i.RCC_APB2PeriphClockCmd                 0x0800148c   Section        0  stm32f10x_rcc.o(i.RCC_APB2PeriphClockCmd)
    i.RCC_APB2PeriphResetCmd                 0x080014ac   Section        0  stm32f10x_rcc.o(i.RCC_APB2PeriphResetCmd)
    i.RCC_GetClocksFreq                      0x080014cc   Section        0  stm32f10x_rcc.o(i.RCC_GetClocksFreq)
    i.RCC_GetFlagStatus                      0x080015a0   Section        0  stm32f10x_rcc.o(i.RCC_GetFlagStatus)
    i.RCC_LSICmd                             0x080015dc   Section        0  stm32f10x_rcc.o(i.RCC_LSICmd)
    i.SetSysClock                            0x080015e8   Section        0  system_stm32f10x.o(i.SetSysClock)
    SetSysClock                              0x080015e9   Thumb Code     8  system_stm32f10x.o(i.SetSysClock)
    i.SetSysClockTo72                        0x080015f0   Section        0  system_stm32f10x.o(i.SetSysClockTo72)
    SetSysClockTo72                          0x080015f1   Thumb Code   214  system_stm32f10x.o(i.SetSysClockTo72)
    i.SysTick_Handler                        0x080016d0   Section        0  utils.o(i.SysTick_Handler)
    i.SystemInit                             0x080016e0   Section        0  system_stm32f10x.o(i.SystemInit)
    i.UART4_IRQHandler                       0x08001740   Section        0  uart4.o(i.UART4_IRQHandler)
    i.USART1_IRQHandler                      0x08001784   Section        0  uart1.o(i.USART1_IRQHandler)
    i.USART2_IRQHandler                      0x080017e8   Section        0  uart2.o(i.USART2_IRQHandler)
    i.USART3_IRQHandler                      0x0800182c   Section        0  uart3.o(i.USART3_IRQHandler)
    i.USART_Cmd                              0x08001870   Section        0  stm32f10x_usart.o(i.USART_Cmd)
    i.USART_DeInit                           0x08001888   Section        0  stm32f10x_usart.o(i.USART_DeInit)
    i.USART_GetFlagStatus                    0x08001924   Section        0  stm32f10x_usart.o(i.USART_GetFlagStatus)
    i.USART_GetITStatus                      0x0800193e   Section        0  stm32f10x_usart.o(i.USART_GetITStatus)
    i.USART_ITConfig                         0x08001992   Section        0  stm32f10x_usart.o(i.USART_ITConfig)
    i.USART_Init                             0x080019dc   Section        0  stm32f10x_usart.o(i.USART_Init)
    i.USART_ReceiveData                      0x08001ab4   Section        0  stm32f10x_usart.o(i.USART_ReceiveData)
    i.USART_SendData                         0x08001abe   Section        0  stm32f10x_usart.o(i.USART_SendData)
    i.USB_LP_CAN1_RX0_IRQHandler             0x08001ac8   Section        0  device_can.o(i.USB_LP_CAN1_RX0_IRQHandler)
    i.WriteFlashOneWord                      0x08001b88   Section        0  flash.o(i.WriteFlashOneWord)
    i.check_car_and_servo                    0x08001c0c   Section        0  remote-comm.o(i.check_car_and_servo)
    i.crc_modbus                             0x08001f88   Section        0  crc16_mobus.o(i.crc_modbus)
    i.device_init                            0x08001fc8   Section        0  app.o(i.device_init)
    i.flash_adtime_data_get                  0x08001fe8   Section        0  flash.o(i.flash_adtime_data_get)
    i.flash_device_id_data_get               0x0800200c   Section        0  flash.o(i.flash_device_id_data_get)
    i.flash_device_maxid_data_get            0x0800202c   Section        0  flash.o(i.flash_device_maxid_data_get)
    i.flash_init                             0x08002050   Section        0  flash.o(i.flash_init)
    i.flash_read                             0x08002074   Section        0  flash.o(i.flash_read)
    i.flash_rs485_tick_data_get              0x080020e8   Section        0  flash.o(i.flash_rs485_tick_data_get)
    i.flash_servo_motor_adtime_data_get      0x08002108   Section        0  flash.o(i.flash_servo_motor_adtime_data_get)
    i.flash_servo_motor_position_data_get    0x0800212c   Section        0  flash.o(i.flash_servo_motor_position_data_get)
    i.flash_servo_motor_speed_data_get       0x08002154   Section        0  flash.o(i.flash_servo_motor_speed_data_get)
    i.flash_speed_data_get                   0x08002178   Section        0  flash.o(i.flash_speed_data_get)
    i.get_system_tick                        0x0800219c   Section        0  utils.o(i.get_system_tick)
    i.get_uart1_buf                          0x080021a8   Section        0  uart1.o(i.get_uart1_buf)
    i.get_uart1_length                       0x080021b0   Section        0  uart1.o(i.get_uart1_length)
    i.get_uart2_buf                          0x080021cc   Section        0  uart2.o(i.get_uart2_buf)
    i.id_run_ctrl                            0x080021d4   Section        0  crc16_mobus.o(i.id_run_ctrl)
    i.id_set_mobus_crc                       0x080021f6   Section        0  crc16_mobus.o(i.id_set_mobus_crc)
    i.initServoLiChuang                      0x0800222c   Section        0  remote-comm.o(i.initServoLiChuang)
    i.ir_init                                0x0800276c   Section        0  app.o(i.ir_init)
    i.main                                   0x080027b4   Section        0  app.o(i.main)
    i.reset                                  0x08002860   Section        0  utils.o(i.reset)
    i.retTickDiff                            0x080028a8   Section        0  utils.o(i.retTickDiff)
    i.rs3485_pb14_init                       0x080028b4   Section        0  uart4.o(i.rs3485_pb14_init)
    i.rs3485_pb15_init                       0x080028f8   Section        0  uart2.o(i.rs3485_pb15_init)
    i.send_servor_motor_data                 0x0800293c   Section        0  crc16_mobus.o(i.send_servor_motor_data)
    i.send_servor_motor_pos                  0x08002962   Section        0  crc16_mobus.o(i.send_servor_motor_pos)
    i.servo_motor_rs485_init                 0x08002990   Section        0  remote-comm.o(i.servo_motor_rs485_init)
    i.set_addr_mobus_crc                     0x08002bf8   Section        0  crc16_mobus.o(i.set_addr_mobus_crc)
    i.set_mobus_crc                          0x08002c2a   Section        0  crc16_mobus.o(i.set_mobus_crc)
    i.treadmill_init                         0x08002c50   Section        0  remote-comm.o(i.treadmill_init)
    i.uart1_clear                            0x08002e0c   Section        0  uart1.o(i.uart1_clear)
    i.uart1_init                             0x08002e30   Section        0  uart1.o(i.uart1_init)
    i.uart1_process                          0x08002ed8   Section        0  remote-comm.o(i.uart1_process)
    i.uart1_sendstr                          0x080039b8   Section        0  uart1.o(i.uart1_sendstr)
    i.uart2_clear                            0x080039f0   Section        0  uart2.o(i.uart2_clear)
    i.uart2_init                             0x08003a14   Section        0  uart2.o(i.uart2_init)
    i.uart2_sendstr                          0x08003ac4   Section        0  uart2.o(i.uart2_sendstr)
    i.uart4_init                             0x08003b28   Section        0  uart4.o(i.uart4_init)
    i.uart4_sendstr                          0x08003bd8   Section        0  uart4.o(i.uart4_sendstr)
    i.uart_485_delay                         0x08003c34   Section        0  uart4.o(i.uart_485_delay)
    locale$$code                             0x08003c40   Section       44  lc_ctype_c.o(locale$$code)
    .constdata                               0x08003c6c   Section      512  crc16_mobus.o(.constdata)
    crc_tab16                                0x08003c6c   Data         512  crc16_mobus.o(.constdata)
    .constdata                               0x08003e6c   Section        8  remote-comm.o(.constdata)
    .conststring                             0x08003e74   Section       94  flash.o(.conststring)
    locale$$data                             0x08003ef4   Section      272  lc_ctype_c.o(locale$$data)
    __lcctype_c_name                         0x08003ef8   Data           2  lc_ctype_c.o(locale$$data)
    __lcctype_c_start                        0x08003f00   Data           0  lc_ctype_c.o(locale$$data)
    __lcctype_c_end                          0x08004004   Data           0  lc_ctype_c.o(locale$$data)
    .data                                    0x20000000   Section       12  uart1.o(.data)
    .data                                    0x2000000c   Section        8  uart2.o(.data)
    .data                                    0x20000014   Section        8  uart3.o(.data)
    .data                                    0x2000001c   Section        1  flash.o(.data)
    .data                                    0x20000020   Section       32  remote-comm.o(.data)
    state                                    0x20000030   Data           4  remote-comm.o(.data)
    DelayTick                                0x20000034   Data           4  remote-comm.o(.data)
    id                                       0x20000038   Data           4  remote-comm.o(.data)
    abnormal                                 0x2000003c   Data           4  remote-comm.o(.data)
    .data                                    0x20000040   Section        8  uart4.o(.data)
    .data                                    0x20000048   Section        4  utils.o(.data)
    .data                                    0x2000004c   Section        4  device_can.o(.data)
    .data                                    0x20000050   Section       20  stm32f10x_rcc.o(.data)
    APBAHBPrescTable                         0x20000050   Data          16  stm32f10x_rcc.o(.data)
    ADCPrescTable                            0x20000060   Data           4  stm32f10x_rcc.o(.data)
    .data                                    0x20000064   Section       20  system_stm32f10x.o(.data)
    .bss                                     0x20000078   Section      720  app.o(.bss)
    .bss                                     0x20000348   Section      200  uart1.o(.bss)
    .bss                                     0x20000410   Section      200  uart2.o(.bss)
    .bss                                     0x200004d8   Section      200  uart3.o(.bss)
    .bss                                     0x200005a0   Section     1468  remote-comm.o(.bss)
    .bss                                     0x20000b5c   Section      200  uart4.o(.bss)
    .bss                                     0x20000c24   Section       96  libspace.o(.bss)
    HEAP                                     0x20000c88   Section      512  startup_stm32f10x_hd.o(HEAP)
    Heap_Mem                                 0x20000c88   Data         512  startup_stm32f10x_hd.o(HEAP)
    STACK                                    0x20000e88   Section     1024  startup_stm32f10x_hd.o(STACK)
    Stack_Mem                                0x20000e88   Data        1024  startup_stm32f10x_hd.o(STACK)
    __initial_sp                             0x20001288   Data           0  startup_stm32f10x_hd.o(STACK)

    Global Symbols

    Symbol Name                              Value     Ov Type        Size  Object(Section)

    BuildAttributes$$THM_ISAv4$P$D$K$B$S$PE$A:L22UL41UL21$X:L11$S22US41US21$IEEE1$IW$USESV6$~STKCKD$USESV7$~SHL$OSPACE$ROPI$EBA8$UX$STANDARDLIB$REQ8$PRES8$EABIv2 0x00000000   Number         0  anon$$obj.o ABSOLUTE
    __ARM_use_no_argv                        0x00000000   Number         0  app.o ABSOLUTE
    __ARM_exceptions_init                     - Undefined Weak Reference
    __alloca_initialize                       - Undefined Weak Reference
    __arm_preinit_                            - Undefined Weak Reference
    __cpp_initialize__aeabi_                  - Undefined Weak Reference
    __cxa_finalize                            - Undefined Weak Reference
    __sigvec_lookup                           - Undefined Weak Reference
    _atexit_init                              - Undefined Weak Reference
    _call_atexit_fns                          - Undefined Weak Reference
    _clock_init                               - Undefined Weak Reference
    _fp_trap_init                             - Undefined Weak Reference
    _fp_trap_shutdown                         - Undefined Weak Reference
    _get_lc_collate                           - Undefined Weak Reference
    _get_lc_monetary                          - Undefined Weak Reference
    _get_lc_numeric                           - Undefined Weak Reference
    _get_lc_time                              - Undefined Weak Reference
    _getenv_init                              - Undefined Weak Reference
    _handle_redirection                       - Undefined Weak Reference
    _init_alloc                               - Undefined Weak Reference
    _init_user_alloc                          - Undefined Weak Reference
    _initio                                   - Undefined Weak Reference
    _printf_mbtowc                            - Undefined Weak Reference
    _printf_post_padding                      - Undefined Weak Reference
    _printf_pre_padding                       - Undefined Weak Reference
    _printf_truncate_signed                   - Undefined Weak Reference
    _printf_truncate_unsigned                 - Undefined Weak Reference
    _rand_init                                - Undefined Weak Reference
    _signal_finish                            - Undefined Weak Reference
    _signal_init                              - Undefined Weak Reference
    _terminate_alloc                          - Undefined Weak Reference
    _terminate_user_alloc                     - Undefined Weak Reference
    _terminateio                              - Undefined Weak Reference
    __Vectors_Size                           0x00000130   Number         0  startup_stm32f10x_hd.o ABSOLUTE
    __Vectors                                0x08000000   Data           4  startup_stm32f10x_hd.o(RESET)
    __Vectors_End                            0x08000130   Data           0  startup_stm32f10x_hd.o(RESET)
    __main                                   0x08000131   Thumb Code     8  __main.o(!!!main)
    __scatterload                            0x08000139   Thumb Code     0  __scatter.o(!!!scatter)
    __scatterload_rt2                        0x08000139   Thumb Code    44  __scatter.o(!!!scatter)
    __scatterload_rt2_thumb_only             0x08000139   Thumb Code     0  __scatter.o(!!!scatter)
    __scatterload_null                       0x08000147   Thumb Code     0  __scatter.o(!!!scatter)
    __scatterload_copy                       0x0800016d   Thumb Code    26  __scatter_copy.o(!!handler_copy)
    __scatterload_zeroinit                   0x08000189   Thumb Code    28  __scatter_zi.o(!!handler_zi)
    _printf_d                                0x080001a5   Thumb Code     0  _printf_d.o(.ARM.Collect$$_printf_percent$$00000009)
    _printf_percent                          0x080001a5   Thumb Code     0  _printf_percent.o(.ARM.Collect$$_printf_percent$$00000000)
    _printf_percent_end                      0x080001ab   Thumb Code     0  _printf_percent_end.o(.ARM.Collect$$_printf_percent$$00000017)
    __rt_lib_init                            0x080001af   Thumb Code     0  libinit.o(.ARM.Collect$$libinit$$00000000)
    __rt_lib_init_fp_1                       0x080001b1   Thumb Code     0  libinit2.o(.ARM.Collect$$libinit$$00000002)
    __rt_lib_init_heap_1                     0x080001b1   Thumb Code     0  libinit2.o(.ARM.Collect$$libinit$$0000000A)
    __rt_lib_init_lc_common                  0x080001b1   Thumb Code     0  libinit2.o(.ARM.Collect$$libinit$$0000000F)
    __rt_lib_init_preinit_1                  0x080001b1   Thumb Code     0  libinit2.o(.ARM.Collect$$libinit$$00000004)
    __rt_lib_init_rand_1                     0x080001b1   Thumb Code     0  libinit2.o(.ARM.Collect$$libinit$$0000000E)
    __rt_lib_init_user_alloc_1               0x080001b1   Thumb Code     0  libinit2.o(.ARM.Collect$$libinit$$0000000C)
    __rt_lib_init_lc_collate_1               0x080001b7   Thumb Code     0  libinit2.o(.ARM.Collect$$libinit$$00000011)
    __rt_lib_init_lc_ctype_2                 0x080001b7   Thumb Code     0  libinit2.o(.ARM.Collect$$libinit$$00000012)
    __rt_lib_init_alloca_1                   0x080001c3   Thumb Code     0  libinit2.o(.ARM.Collect$$libinit$$0000002E)
    __rt_lib_init_argv_1                     0x080001c3   Thumb Code     0  libinit2.o(.ARM.Collect$$libinit$$0000002C)
    __rt_lib_init_atexit_1                   0x080001c3   Thumb Code     0  libinit2.o(.ARM.Collect$$libinit$$0000001B)
    __rt_lib_init_clock_1                    0x080001c3   Thumb Code     0  libinit2.o(.ARM.Collect$$libinit$$00000021)
    __rt_lib_init_cpp_1                      0x080001c3   Thumb Code     0  libinit2.o(.ARM.Collect$$libinit$$00000032)
    __rt_lib_init_exceptions_1               0x080001c3   Thumb Code     0  libinit2.o(.ARM.Collect$$libinit$$00000030)
    __rt_lib_init_fp_trap_1                  0x080001c3   Thumb Code     0  libinit2.o(.ARM.Collect$$libinit$$0000001F)
    __rt_lib_init_getenv_1                   0x080001c3   Thumb Code     0  libinit2.o(.ARM.Collect$$libinit$$00000023)
    __rt_lib_init_lc_ctype_1                 0x080001c3   Thumb Code     0  libinit2.o(.ARM.Collect$$libinit$$00000013)
    __rt_lib_init_lc_monetary_1              0x080001c3   Thumb Code     0  libinit2.o(.ARM.Collect$$libinit$$00000015)
    __rt_lib_init_lc_numeric_1               0x080001c3   Thumb Code     0  libinit2.o(.ARM.Collect$$libinit$$00000017)
    __rt_lib_init_lc_time_1                  0x080001c3   Thumb Code     0  libinit2.o(.ARM.Collect$$libinit$$00000019)
    __rt_lib_init_return                     0x080001c3   Thumb Code     0  libinit2.o(.ARM.Collect$$libinit$$00000033)
    __rt_lib_init_signal_1                   0x080001c3   Thumb Code     0  libinit2.o(.ARM.Collect$$libinit$$0000001D)
    __rt_lib_init_stdio_1                    0x080001c3   Thumb Code     0  libinit2.o(.ARM.Collect$$libinit$$00000025)
    __rt_lib_shutdown                        0x080001c5   Thumb Code     0  libshutdown.o(.ARM.Collect$$libshutdown$$00000000)
    __rt_lib_shutdown_fp_trap_1              0x080001c7   Thumb Code     0  libshutdown2.o(.ARM.Collect$$libshutdown$$00000006)
    __rt_lib_shutdown_heap_1                 0x080001c7   Thumb Code     0  libshutdown2.o(.ARM.Collect$$libshutdown$$0000000E)
    __rt_lib_shutdown_return                 0x080001c7   Thumb Code     0  libshutdown2.o(.ARM.Collect$$libshutdown$$0000000F)
    __rt_lib_shutdown_signal_1               0x080001c7   Thumb Code     0  libshutdown2.o(.ARM.Collect$$libshutdown$$00000009)
    __rt_lib_shutdown_stdio_1                0x080001c7   Thumb Code     0  libshutdown2.o(.ARM.Collect$$libshutdown$$00000003)
    __rt_lib_shutdown_user_alloc_1           0x080001c7   Thumb Code     0  libshutdown2.o(.ARM.Collect$$libshutdown$$0000000B)
    __rt_entry                               0x080001c9   Thumb Code     0  __rtentry.o(.ARM.Collect$$rtentry$$00000000)
    __rt_entry_presh_1                       0x080001c9   Thumb Code     0  __rtentry2.o(.ARM.Collect$$rtentry$$00000002)
    __rt_entry_sh                            0x080001c9   Thumb Code     0  __rtentry4.o(.ARM.Collect$$rtentry$$00000004)
    __rt_entry_li                            0x080001cf   Thumb Code     0  __rtentry2.o(.ARM.Collect$$rtentry$$0000000A)
    __rt_entry_postsh_1                      0x080001cf   Thumb Code     0  __rtentry2.o(.ARM.Collect$$rtentry$$00000009)
    __rt_entry_main                          0x080001d3   Thumb Code     0  __rtentry2.o(.ARM.Collect$$rtentry$$0000000D)
    __rt_entry_postli_1                      0x080001d3   Thumb Code     0  __rtentry2.o(.ARM.Collect$$rtentry$$0000000C)
    __rt_exit                                0x080001db   Thumb Code     0  rtexit.o(.ARM.Collect$$rtexit$$00000000)
    __rt_exit_ls                             0x080001dd   Thumb Code     0  rtexit2.o(.ARM.Collect$$rtexit$$00000003)
    __rt_exit_prels_1                        0x080001dd   Thumb Code     0  rtexit2.o(.ARM.Collect$$rtexit$$00000002)
    __rt_exit_exit                           0x080001e1   Thumb Code     0  rtexit2.o(.ARM.Collect$$rtexit$$00000004)
    Reset_Handler                            0x080001e9   Thumb Code     8  startup_stm32f10x_hd.o(.text)
    NMI_Handler                              0x080001f1   Thumb Code     2  startup_stm32f10x_hd.o(.text)
    HardFault_Handler                        0x080001f3   Thumb Code     2  startup_stm32f10x_hd.o(.text)
    MemManage_Handler                        0x080001f5   Thumb Code     2  startup_stm32f10x_hd.o(.text)
    BusFault_Handler                         0x080001f7   Thumb Code     2  startup_stm32f10x_hd.o(.text)
    UsageFault_Handler                       0x080001f9   Thumb Code     2  startup_stm32f10x_hd.o(.text)
    SVC_Handler                              0x080001fb   Thumb Code     2  startup_stm32f10x_hd.o(.text)
    DebugMon_Handler                         0x080001fd   Thumb Code     2  startup_stm32f10x_hd.o(.text)
    PendSV_Handler                           0x080001ff   Thumb Code     2  startup_stm32f10x_hd.o(.text)
    ADC1_2_IRQHandler                        0x08000203   Thumb Code     0  startup_stm32f10x_hd.o(.text)
    ADC3_IRQHandler                          0x08000203   Thumb Code     0  startup_stm32f10x_hd.o(.text)
    CAN1_RX1_IRQHandler                      0x08000203   Thumb Code     0  startup_stm32f10x_hd.o(.text)
    CAN1_SCE_IRQHandler                      0x08000203   Thumb Code     0  startup_stm32f10x_hd.o(.text)
    DMA1_Channel1_IRQHandler                 0x08000203   Thumb Code     0  startup_stm32f10x_hd.o(.text)
    DMA1_Channel2_IRQHandler                 0x08000203   Thumb Code     0  startup_stm32f10x_hd.o(.text)
    DMA1_Channel3_IRQHandler                 0x08000203   Thumb Code     0  startup_stm32f10x_hd.o(.text)
    DMA1_Channel4_IRQHandler                 0x08000203   Thumb Code     0  startup_stm32f10x_hd.o(.text)
    DMA1_Channel5_IRQHandler                 0x08000203   Thumb Code     0  startup_stm32f10x_hd.o(.text)
    DMA1_Channel6_IRQHandler                 0x08000203   Thumb Code     0  startup_stm32f10x_hd.o(.text)
    DMA1_Channel7_IRQHandler                 0x08000203   Thumb Code     0  startup_stm32f10x_hd.o(.text)
    DMA2_Channel1_IRQHandler                 0x08000203   Thumb Code     0  startup_stm32f10x_hd.o(.text)
    DMA2_Channel2_IRQHandler                 0x08000203   Thumb Code     0  startup_stm32f10x_hd.o(.text)
    DMA2_Channel3_IRQHandler                 0x08000203   Thumb Code     0  startup_stm32f10x_hd.o(.text)
    DMA2_Channel4_5_IRQHandler               0x08000203   Thumb Code     0  startup_stm32f10x_hd.o(.text)
    EXTI0_IRQHandler                         0x08000203   Thumb Code     0  startup_stm32f10x_hd.o(.text)
    EXTI15_10_IRQHandler                     0x08000203   Thumb Code     0  startup_stm32f10x_hd.o(.text)
    EXTI1_IRQHandler                         0x08000203   Thumb Code     0  startup_stm32f10x_hd.o(.text)
    EXTI2_IRQHandler                         0x08000203   Thumb Code     0  startup_stm32f10x_hd.o(.text)
    EXTI3_IRQHandler                         0x08000203   Thumb Code     0  startup_stm32f10x_hd.o(.text)
    EXTI4_IRQHandler                         0x08000203   Thumb Code     0  startup_stm32f10x_hd.o(.text)
    EXTI9_5_IRQHandler                       0x08000203   Thumb Code     0  startup_stm32f10x_hd.o(.text)
    FLASH_IRQHandler                         0x08000203   Thumb Code     0  startup_stm32f10x_hd.o(.text)
    FSMC_IRQHandler                          0x08000203   Thumb Code     0  startup_stm32f10x_hd.o(.text)
    I2C1_ER_IRQHandler                       0x08000203   Thumb Code     0  startup_stm32f10x_hd.o(.text)
    I2C1_EV_IRQHandler                       0x08000203   Thumb Code     0  startup_stm32f10x_hd.o(.text)
    I2C2_ER_IRQHandler                       0x08000203   Thumb Code     0  startup_stm32f10x_hd.o(.text)
    I2C2_EV_IRQHandler                       0x08000203   Thumb Code     0  startup_stm32f10x_hd.o(.text)
    PVD_IRQHandler                           0x08000203   Thumb Code     0  startup_stm32f10x_hd.o(.text)
    RCC_IRQHandler                           0x08000203   Thumb Code     0  startup_stm32f10x_hd.o(.text)
    RTCAlarm_IRQHandler                      0x08000203   Thumb Code     0  startup_stm32f10x_hd.o(.text)
    RTC_IRQHandler                           0x08000203   Thumb Code     0  startup_stm32f10x_hd.o(.text)
    SDIO_IRQHandler                          0x08000203   Thumb Code     0  startup_stm32f10x_hd.o(.text)
    SPI1_IRQHandler                          0x08000203   Thumb Code     0  startup_stm32f10x_hd.o(.text)
    SPI2_IRQHandler                          0x08000203   Thumb Code     0  startup_stm32f10x_hd.o(.text)
    SPI3_IRQHandler                          0x08000203   Thumb Code     0  startup_stm32f10x_hd.o(.text)
    TAMPER_IRQHandler                        0x08000203   Thumb Code     0  startup_stm32f10x_hd.o(.text)
    TIM1_BRK_IRQHandler                      0x08000203   Thumb Code     0  startup_stm32f10x_hd.o(.text)
    TIM1_CC_IRQHandler                       0x08000203   Thumb Code     0  startup_stm32f10x_hd.o(.text)
    TIM1_TRG_COM_IRQHandler                  0x08000203   Thumb Code     0  startup_stm32f10x_hd.o(.text)
    TIM1_UP_IRQHandler                       0x08000203   Thumb Code     0  startup_stm32f10x_hd.o(.text)
    TIM2_IRQHandler                          0x08000203   Thumb Code     0  startup_stm32f10x_hd.o(.text)
    TIM3_IRQHandler                          0x08000203   Thumb Code     0  startup_stm32f10x_hd.o(.text)
    TIM4_IRQHandler                          0x08000203   Thumb Code     0  startup_stm32f10x_hd.o(.text)
    TIM5_IRQHandler                          0x08000203   Thumb Code     0  startup_stm32f10x_hd.o(.text)
    TIM6_IRQHandler                          0x08000203   Thumb Code     0  startup_stm32f10x_hd.o(.text)
    TIM7_IRQHandler                          0x08000203   Thumb Code     0  startup_stm32f10x_hd.o(.text)
    TIM8_BRK_IRQHandler                      0x08000203   Thumb Code     0  startup_stm32f10x_hd.o(.text)
    TIM8_CC_IRQHandler                       0x08000203   Thumb Code     0  startup_stm32f10x_hd.o(.text)
    TIM8_TRG_COM_IRQHandler                  0x08000203   Thumb Code     0  startup_stm32f10x_hd.o(.text)
    TIM8_UP_IRQHandler                       0x08000203   Thumb Code     0  startup_stm32f10x_hd.o(.text)
    UART5_IRQHandler                         0x08000203   Thumb Code     0  startup_stm32f10x_hd.o(.text)
    USBWakeUp_IRQHandler                     0x08000203   Thumb Code     0  startup_stm32f10x_hd.o(.text)
    USB_HP_CAN1_TX_IRQHandler                0x08000203   Thumb Code     0  startup_stm32f10x_hd.o(.text)
    WWDG_IRQHandler                          0x08000203   Thumb Code     0  startup_stm32f10x_hd.o(.text)
    __user_initial_stackheap                 0x08000205   Thumb Code     0  startup_stm32f10x_hd.o(.text)
    __2sprintf                               0x08000229   Thumb Code    34  noretval__2sprintf.o(.text)
    __printf                                 0x08000251   Thumb Code   104  __printf.o(.text)
    _printf_int_dec                          0x080002b9   Thumb Code   104  _printf_dec.o(.text)
    strtol                                   0x08000331   Thumb Code   112  strtol.o(.text)
    memcmp                                   0x080003a1   Thumb Code    88  memcmp.o(.text)
    strlen                                   0x080003f9   Thumb Code    62  strlen.o(.text)
    __aeabi_memcpy                           0x08000437   Thumb Code     0  rt_memcpy_v6.o(.text)
    __rt_memcpy                              0x08000437   Thumb Code   138  rt_memcpy_v6.o(.text)
    _memcpy_lastbytes                        0x0800049d   Thumb Code     0  rt_memcpy_v6.o(.text)
    __aeabi_memcpy4                          0x080004c1   Thumb Code     0  rt_memcpy_w.o(.text)
    __aeabi_memcpy8                          0x080004c1   Thumb Code     0  rt_memcpy_w.o(.text)
    __rt_memcpy_w                            0x080004c1   Thumb Code   100  rt_memcpy_w.o(.text)
    _memcpy_lastbytes_aligned                0x08000509   Thumb Code     0  rt_memcpy_w.o(.text)
    __aeabi_memclr                           0x08000525   Thumb Code     0  rt_memclr.o(.text)
    __rt_memclr                              0x08000525   Thumb Code    68  rt_memclr.o(.text)
    _memset                                  0x08000529   Thumb Code     0  rt_memclr.o(.text)
    __aeabi_memclr4                          0x08000569   Thumb Code     0  rt_memclr_w.o(.text)
    __aeabi_memclr8                          0x08000569   Thumb Code     0  rt_memclr_w.o(.text)
    __rt_memclr_w                            0x08000569   Thumb Code    78  rt_memclr_w.o(.text)
    _memset_w                                0x0800056d   Thumb Code     0  rt_memclr_w.o(.text)
    __use_two_region_memory                  0x080005b7   Thumb Code     2  heapauxi.o(.text)
    __rt_heap_escrow$2region                 0x080005b9   Thumb Code     2  heapauxi.o(.text)
    __rt_heap_expand$2region                 0x080005bb   Thumb Code     2  heapauxi.o(.text)
    __rt_ctype_table                         0x080005bd   Thumb Code    16  rt_ctype_table.o(.text)
    __aeabi_errno_addr                       0x080005cd   Thumb Code     8  rt_errno_addr_intlibspace.o(.text)
    __errno$intlibspace                      0x080005cd   Thumb Code     0  rt_errno_addr_intlibspace.o(.text)
    __rt_errno_addr$intlibspace              0x080005cd   Thumb Code     0  rt_errno_addr_intlibspace.o(.text)
    _printf_int_common                       0x080005d5   Thumb Code   178  _printf_intcommon.o(.text)
    _printf_char_common                      0x08000693   Thumb Code    32  _printf_char_common.o(.text)
    _sputc                                   0x080006b9   Thumb Code    10  _sputc.o(.text)
    _strtoul                                 0x080006c3   Thumb Code   158  _strtoul.o(.text)
    __user_libspace                          0x08000761   Thumb Code     8  libspace.o(.text)
    __user_perproc_libspace                  0x08000761   Thumb Code     0  libspace.o(.text)
    __user_perthread_libspace                0x08000761   Thumb Code     0  libspace.o(.text)
    __rt_locale                              0x08000769   Thumb Code     8  rt_locale_intlibspace.o(.text)
    _chval                                   0x08000771   Thumb Code    28  _chval.o(.text)
    __user_setup_stackheap                   0x0800078d   Thumb Code    74  sys_stackheap_outer.o(.text)
    exit                                     0x080007d7   Thumb Code    12  exit.o(.text)
    strcmp                                   0x080007e5   Thumb Code   128  strcmpv7m.o(.text)
    _sys_exit                                0x08000865   Thumb Code     8  sys_exit.o(.text)
    __I$use$semihosting                      0x08000871   Thumb Code     0  use_no_semi.o(.text)
    __use_no_semihosting_swi                 0x08000871   Thumb Code     2  use_no_semi.o(.text)
    __semihosting_library_function           0x08000873   Thumb Code     0  indicate_semi.o(.text)
    CAN_FilterInit                           0x08000875   Thumb Code   258  stm32f10x_can.o(i.CAN_FilterInit)
    CAN_ITConfig                             0x0800097d   Thumb Code    18  stm32f10x_can.o(i.CAN_ITConfig)
    CAN_Init                                 0x0800098f   Thumb Code   276  stm32f10x_can.o(i.CAN_Init)
    CAN_Mode_Init                            0x08000aa5   Thumb Code   710  device_can.o(i.CAN_Mode_Init)
    CAN_Receive                              0x08000d75   Thumb Code   240  stm32f10x_can.o(i.CAN_Receive)
    CAN_Transmit                             0x08000e65   Thumb Code   294  stm32f10x_can.o(i.CAN_Transmit)
    CAN_TransmitStatus                       0x08000f8d   Thumb Code   138  stm32f10x_can.o(i.CAN_TransmitStatus)
    Can_Send_Msg                             0x0800102d   Thumb Code   112  device_can.o(i.Can_Send_Msg)
    FLASH_ClearFlag                          0x080010a1   Thumb Code     6  stm32f10x_flash.o(i.FLASH_ClearFlag)
    FLASH_ErasePage                          0x080010ad   Thumb Code    72  stm32f10x_flash.o(i.FLASH_ErasePage)
    FLASH_GetBank1Status                     0x080010f9   Thumb Code    48  stm32f10x_flash.o(i.FLASH_GetBank1Status)
    FLASH_LockBank1                          0x0800112d   Thumb Code    14  stm32f10x_flash.o(i.FLASH_LockBank1)
    FLASH_ProgramWord                        0x08001141   Thumb Code   102  stm32f10x_flash.o(i.FLASH_ProgramWord)
    FLASH_UnlockBank1                        0x080011ad   Thumb Code    12  stm32f10x_flash.o(i.FLASH_UnlockBank1)
    FLASH_WaitForLastOperation               0x080011c5   Thumb Code    38  stm32f10x_flash.o(i.FLASH_WaitForLastOperation)
    GPIO_Init                                0x080011eb   Thumb Code   278  stm32f10x_gpio.o(i.GPIO_Init)
    GPIO_PinRemapConfig                      0x08001301   Thumb Code   138  stm32f10x_gpio.o(i.GPIO_PinRemapConfig)
    GPIO_ResetBits                           0x08001391   Thumb Code     4  stm32f10x_gpio.o(i.GPIO_ResetBits)
    GPIO_SetBits                             0x08001395   Thumb Code     4  stm32f10x_gpio.o(i.GPIO_SetBits)
    IWDG_Enable                              0x08001399   Thumb Code    10  stm32f10x_iwdg.o(i.IWDG_Enable)
    IWDG_ReloadCounter                       0x080013a9   Thumb Code    10  stm32f10x_iwdg.o(i.IWDG_ReloadCounter)
    IWDG_SetPrescaler                        0x080013b9   Thumb Code     6  stm32f10x_iwdg.o(i.IWDG_SetPrescaler)
    IWDG_SetReload                           0x080013c5   Thumb Code     6  stm32f10x_iwdg.o(i.IWDG_SetReload)
    IWDG_WriteAccessCmd                      0x080013d1   Thumb Code     6  stm32f10x_iwdg.o(i.IWDG_WriteAccessCmd)
    NVIC_Init                                0x080013dd   Thumb Code   100  misc.o(i.NVIC_Init)
    RCC_APB1PeriphClockCmd                   0x0800144d   Thumb Code    26  stm32f10x_rcc.o(i.RCC_APB1PeriphClockCmd)
    RCC_APB1PeriphResetCmd                   0x0800146d   Thumb Code    26  stm32f10x_rcc.o(i.RCC_APB1PeriphResetCmd)
    RCC_APB2PeriphClockCmd                   0x0800148d   Thumb Code    26  stm32f10x_rcc.o(i.RCC_APB2PeriphClockCmd)
    RCC_APB2PeriphResetCmd                   0x080014ad   Thumb Code    26  stm32f10x_rcc.o(i.RCC_APB2PeriphResetCmd)
    RCC_GetClocksFreq                        0x080014cd   Thumb Code   192  stm32f10x_rcc.o(i.RCC_GetClocksFreq)
    RCC_GetFlagStatus                        0x080015a1   Thumb Code    56  stm32f10x_rcc.o(i.RCC_GetFlagStatus)
    RCC_LSICmd                               0x080015dd   Thumb Code     6  stm32f10x_rcc.o(i.RCC_LSICmd)
    SysTick_Handler                          0x080016d1   Thumb Code    12  utils.o(i.SysTick_Handler)
    SystemInit                               0x080016e1   Thumb Code    78  system_stm32f10x.o(i.SystemInit)
    UART4_IRQHandler                         0x08001741   Thumb Code    54  uart4.o(i.UART4_IRQHandler)
    USART1_IRQHandler                        0x08001785   Thumb Code    82  uart1.o(i.USART1_IRQHandler)
    USART2_IRQHandler                        0x080017e9   Thumb Code    54  uart2.o(i.USART2_IRQHandler)
    USART3_IRQHandler                        0x0800182d   Thumb Code    54  uart3.o(i.USART3_IRQHandler)
    USART_Cmd                                0x08001871   Thumb Code    24  stm32f10x_usart.o(i.USART_Cmd)
    USART_DeInit                             0x08001889   Thumb Code   134  stm32f10x_usart.o(i.USART_DeInit)
    USART_GetFlagStatus                      0x08001925   Thumb Code    26  stm32f10x_usart.o(i.USART_GetFlagStatus)
    USART_GetITStatus                        0x0800193f   Thumb Code    84  stm32f10x_usart.o(i.USART_GetITStatus)
    USART_ITConfig                           0x08001993   Thumb Code    74  stm32f10x_usart.o(i.USART_ITConfig)
    USART_Init                               0x080019dd   Thumb Code   210  stm32f10x_usart.o(i.USART_Init)
    USART_ReceiveData                        0x08001ab5   Thumb Code    10  stm32f10x_usart.o(i.USART_ReceiveData)
    USART_SendData                           0x08001abf   Thumb Code     8  stm32f10x_usart.o(i.USART_SendData)
    USB_LP_CAN1_RX0_IRQHandler               0x08001ac9   Thumb Code   178  device_can.o(i.USB_LP_CAN1_RX0_IRQHandler)
    WriteFlashOneWord                        0x08001b89   Thumb Code   124  flash.o(i.WriteFlashOneWord)
    check_car_and_servo                      0x08001c0d   Thumb Code   814  remote-comm.o(i.check_car_and_servo)
    crc_modbus                               0x08001f89   Thumb Code    60  crc16_mobus.o(i.crc_modbus)
    device_init                              0x08001fc9   Thumb Code    28  app.o(i.device_init)
    flash_adtime_data_get                    0x08001fe9   Thumb Code    26  flash.o(i.flash_adtime_data_get)
    flash_device_id_data_get                 0x0800200d   Thumb Code    22  flash.o(i.flash_device_id_data_get)
    flash_device_maxid_data_get              0x0800202d   Thumb Code    26  flash.o(i.flash_device_maxid_data_get)
    flash_init                               0x08002051   Thumb Code    36  flash.o(i.flash_init)
    flash_read                               0x08002075   Thumb Code    94  flash.o(i.flash_read)
    flash_rs485_tick_data_get                0x080020e9   Thumb Code    24  flash.o(i.flash_rs485_tick_data_get)
    flash_servo_motor_adtime_data_get        0x08002109   Thumb Code    26  flash.o(i.flash_servo_motor_adtime_data_get)
    flash_servo_motor_position_data_get      0x0800212d   Thumb Code    26  flash.o(i.flash_servo_motor_position_data_get)
    flash_servo_motor_speed_data_get         0x08002155   Thumb Code    28  flash.o(i.flash_servo_motor_speed_data_get)
    flash_speed_data_get                     0x08002179   Thumb Code    28  flash.o(i.flash_speed_data_get)
    get_system_tick                          0x0800219d   Thumb Code     6  utils.o(i.get_system_tick)
    get_uart1_buf                            0x080021a9   Thumb Code     4  uart1.o(i.get_uart1_buf)
    get_uart1_length                         0x080021b1   Thumb Code    18  uart1.o(i.get_uart1_length)
    get_uart2_buf                            0x080021cd   Thumb Code     4  uart2.o(i.get_uart2_buf)
    id_run_ctrl                              0x080021d5   Thumb Code    34  crc16_mobus.o(i.id_run_ctrl)
    id_set_mobus_crc                         0x080021f7   Thumb Code    54  crc16_mobus.o(i.id_set_mobus_crc)
    initServoLiChuang                        0x0800222d   Thumb Code  1340  remote-comm.o(i.initServoLiChuang)
    ir_init                                  0x0800276d   Thumb Code    66  app.o(i.ir_init)
    main                                     0x080027b5   Thumb Code   160  app.o(i.main)
    reset                                    0x08002861   Thumb Code    60  utils.o(i.reset)
    retTickDiff                              0x080028a9   Thumb Code    12  utils.o(i.retTickDiff)
    rs3485_pb14_init                         0x080028b5   Thumb Code    58  uart4.o(i.rs3485_pb14_init)
    rs3485_pb15_init                         0x080028f9   Thumb Code    58  uart2.o(i.rs3485_pb15_init)
    send_servor_motor_data                   0x0800293d   Thumb Code    38  crc16_mobus.o(i.send_servor_motor_data)
    send_servor_motor_pos                    0x08002963   Thumb Code    46  crc16_mobus.o(i.send_servor_motor_pos)
    servo_motor_rs485_init                   0x08002991   Thumb Code   416  remote-comm.o(i.servo_motor_rs485_init)
    set_addr_mobus_crc                       0x08002bf9   Thumb Code    50  crc16_mobus.o(i.set_addr_mobus_crc)
    set_mobus_crc                            0x08002c2b   Thumb Code    38  crc16_mobus.o(i.set_mobus_crc)
    treadmill_init                           0x08002c51   Thumb Code   314  remote-comm.o(i.treadmill_init)
    uart1_clear                              0x08002e0d   Thumb Code    22  uart1.o(i.uart1_clear)
    uart1_init                               0x08002e31   Thumb Code   160  uart1.o(i.uart1_init)
    uart1_process                            0x08002ed9   Thumb Code  2702  remote-comm.o(i.uart1_process)
    uart1_sendstr                            0x080039b9   Thumb Code    50  uart1.o(i.uart1_sendstr)
    uart2_clear                              0x080039f1   Thumb Code    22  uart2.o(i.uart2_clear)
    uart2_init                               0x08003a15   Thumb Code   166  uart2.o(i.uart2_init)
    uart2_sendstr                            0x08003ac5   Thumb Code    86  uart2.o(i.uart2_sendstr)
    uart4_init                               0x08003b29   Thumb Code   168  uart4.o(i.uart4_init)
    uart4_sendstr                            0x08003bd9   Thumb Code    84  uart4.o(i.uart4_sendstr)
    uart_485_delay                           0x08003c35   Thumb Code    12  uart4.o(i.uart_485_delay)
    _get_lc_ctype                            0x08003c41   Thumb Code    44  lc_ctype_c.o(locale$$code)
    Region$$Table$$Base                      0x08003ed4   Number         0  anon$$obj.o(Region$$Table)
    Region$$Table$$Limit                     0x08003ef4   Number         0  anon$$obj.o(Region$$Table)
    __ctype                                  0x08003f01   Data           0  lc_ctype_c.o(locale$$data)
    usart1_rx_len                            0x20000000   Data           4  uart1.o(.data)
    usart1_at_buffer                         0x20000004   Data           2  uart1.o(.data)
    flag_usart1_rx                           0x20000008   Data           4  uart1.o(.data)
    usart2_rx_len                            0x2000000c   Data           4  uart2.o(.data)
    flag_usart2_rx                           0x20000010   Data           4  uart2.o(.data)
    usart3_rx_len                            0x20000014   Data           4  uart3.o(.data)
    flag_usart3_rx                           0x20000018   Data           4  uart3.o(.data)
    FLASHStatus                              0x2000001c   Data           1  flash.o(.data)
    uart2_485_delay                          0x20000020   Data           2  remote-comm.o(.data)
    VERSION                                  0x20000022   Data          13  remote-comm.o(.data)
    uart4_rx_len                             0x20000040   Data           4  uart4.o(.data)
    flag_uart4_rx                            0x20000044   Data           4  uart4.o(.data)
    g_system_tick                            0x20000048   Data           4  utils.o(.data)
    WorkStatus                               0x2000004c   Data           4  device_can.o(.data)
    SystemCoreClock                          0x20000064   Data           4  system_stm32f10x.o(.data)
    AHBPrescTable                            0x20000068   Data          16  system_stm32f10x.o(.data)
    treadmill                                0x20000078   Data         208  app.o(.bss)
    windows                                  0x20000148   Data         512  app.o(.bss)
    usart1_rx_buffer                         0x20000348   Data         200  uart1.o(.bss)
    usart2_rx_buffer                         0x20000410   Data         200  uart2.o(.bss)
    usart3_rx_buffer                         0x200004d8   Data         200  uart3.o(.bss)
    Slave_Device                             0x200005a0   Data        1036  remote-comm.o(.bss)
    servo                                    0x200009ac   Data         212  remote-comm.o(.bss)
    CanComm                                  0x20000a80   Data          56  remote-comm.o(.bss)
    can_recv_buf                             0x20000ab8   Data          18  remote-comm.o(.bss)
    can_send_buf                             0x20000aca   Data          18  remote-comm.o(.bss)
    heartbeat                                0x20000adc   Data         128  remote-comm.o(.bss)
    uart4_rx_buffer                          0x20000b5c   Data         200  uart4.o(.bss)
    __libspace_start                         0x20000c24   Data          96  libspace.o(.bss)
    __temporary_stack_top$libspace           0x20000c84   Data           0  libspace.o(.bss)



==============================================================================

Memory Map of the image

  Image Entry point : 0x08000131

  Load Region LR_IROM1 (Base: 0x08000000, Size: 0x0000407c, Max: 0x00040000, ABSOLUTE)

    Execution Region ER_IROM1 (Base: 0x08000000, Size: 0x00004004, Max: 0x00040000, ABSOLUTE)

    Base Addr    Size         Type   Attr      Idx    E Section Name        Object

    0x08000000   0x00000130   Data   RO         1777    RESET               startup_stm32f10x_hd.o
    0x08000130   0x00000008   Code   RO         1879  * !!!main             c_w.l(__main.o)
    0x08000138   0x00000034   Code   RO         2067    !!!scatter          c_w.l(__scatter.o)
    0x0800016c   0x0000001a   Code   RO         2069    !!handler_copy      c_w.l(__scatter_copy.o)
    0x08000186   0x00000002   PAD
    0x08000188   0x0000001c   Code   RO         2071    !!handler_zi        c_w.l(__scatter_zi.o)
    0x080001a4   0x00000000   Code   RO         1862    .ARM.Collect$$_printf_percent$$00000000  c_w.l(_printf_percent.o)
    0x080001a4   0x00000006   Code   RO         1861    .ARM.Collect$$_printf_percent$$00000009  c_w.l(_printf_d.o)
    0x080001aa   0x00000004   Code   RO         1897    .ARM.Collect$$_printf_percent$$00000017  c_w.l(_printf_percent_end.o)
    0x080001ae   0x00000002   Code   RO         1941    .ARM.Collect$$libinit$$00000000  c_w.l(libinit.o)
    0x080001b0   0x00000000   Code   RO         1943    .ARM.Collect$$libinit$$00000002  c_w.l(libinit2.o)
    0x080001b0   0x00000000   Code   RO         1945    .ARM.Collect$$libinit$$00000004  c_w.l(libinit2.o)
    0x080001b0   0x00000000   Code   RO         1948    .ARM.Collect$$libinit$$0000000A  c_w.l(libinit2.o)
    0x080001b0   0x00000000   Code   RO         1950    .ARM.Collect$$libinit$$0000000C  c_w.l(libinit2.o)
    0x080001b0   0x00000000   Code   RO         1952    .ARM.Collect$$libinit$$0000000E  c_w.l(libinit2.o)
    0x080001b0   0x00000006   Code   RO         1953    .ARM.Collect$$libinit$$0000000F  c_w.l(libinit2.o)
    0x080001b6   0x00000000   Code   RO         1955    .ARM.Collect$$libinit$$00000011  c_w.l(libinit2.o)
    0x080001b6   0x0000000c   Code   RO         1956    .ARM.Collect$$libinit$$00000012  c_w.l(libinit2.o)
    0x080001c2   0x00000000   Code   RO         1957    .ARM.Collect$$libinit$$00000013  c_w.l(libinit2.o)
    0x080001c2   0x00000000   Code   RO         1959    .ARM.Collect$$libinit$$00000015  c_w.l(libinit2.o)
    0x080001c2   0x00000000   Code   RO         1961    .ARM.Collect$$libinit$$00000017  c_w.l(libinit2.o)
    0x080001c2   0x00000000   Code   RO         1963    .ARM.Collect$$libinit$$00000019  c_w.l(libinit2.o)
    0x080001c2   0x00000000   Code   RO         1965    .ARM.Collect$$libinit$$0000001B  c_w.l(libinit2.o)
    0x080001c2   0x00000000   Code   RO         1967    .ARM.Collect$$libinit$$0000001D  c_w.l(libinit2.o)
    0x080001c2   0x00000000   Code   RO         1969    .ARM.Collect$$libinit$$0000001F  c_w.l(libinit2.o)
    0x080001c2   0x00000000   Code   RO         1971    .ARM.Collect$$libinit$$00000021  c_w.l(libinit2.o)
    0x080001c2   0x00000000   Code   RO         1973    .ARM.Collect$$libinit$$00000023  c_w.l(libinit2.o)
    0x080001c2   0x00000000   Code   RO         1975    .ARM.Collect$$libinit$$00000025  c_w.l(libinit2.o)
    0x080001c2   0x00000000   Code   RO         1979    .ARM.Collect$$libinit$$0000002C  c_w.l(libinit2.o)
    0x080001c2   0x00000000   Code   RO         1981    .ARM.Collect$$libinit$$0000002E  c_w.l(libinit2.o)
    0x080001c2   0x00000000   Code   RO         1983    .ARM.Collect$$libinit$$00000030  c_w.l(libinit2.o)
    0x080001c2   0x00000000   Code   RO         1985    .ARM.Collect$$libinit$$00000032  c_w.l(libinit2.o)
    0x080001c2   0x00000002   Code   RO         1986    .ARM.Collect$$libinit$$00000033  c_w.l(libinit2.o)
    0x080001c4   0x00000002   Code   RO         2016    .ARM.Collect$$libshutdown$$00000000  c_w.l(libshutdown.o)
    0x080001c6   0x00000000   Code   RO         2028    .ARM.Collect$$libshutdown$$00000003  c_w.l(libshutdown2.o)
    0x080001c6   0x00000000   Code   RO         2031    .ARM.Collect$$libshutdown$$00000006  c_w.l(libshutdown2.o)
    0x080001c6   0x00000000   Code   RO         2034    .ARM.Collect$$libshutdown$$00000009  c_w.l(libshutdown2.o)
    0x080001c6   0x00000000   Code   RO         2036    .ARM.Collect$$libshutdown$$0000000B  c_w.l(libshutdown2.o)
    0x080001c6   0x00000000   Code   RO         2039    .ARM.Collect$$libshutdown$$0000000E  c_w.l(libshutdown2.o)
    0x080001c6   0x00000002   Code   RO         2040    .ARM.Collect$$libshutdown$$0000000F  c_w.l(libshutdown2.o)
    0x080001c8   0x00000000   Code   RO         1881    .ARM.Collect$$rtentry$$00000000  c_w.l(__rtentry.o)
    0x080001c8   0x00000000   Code   RO         1904    .ARM.Collect$$rtentry$$00000002  c_w.l(__rtentry2.o)
    0x080001c8   0x00000006   Code   RO         1916    .ARM.Collect$$rtentry$$00000004  c_w.l(__rtentry4.o)
    0x080001ce   0x00000000   Code   RO         1906    .ARM.Collect$$rtentry$$00000009  c_w.l(__rtentry2.o)
    0x080001ce   0x00000004   Code   RO         1907    .ARM.Collect$$rtentry$$0000000A  c_w.l(__rtentry2.o)
    0x080001d2   0x00000000   Code   RO         1909    .ARM.Collect$$rtentry$$0000000C  c_w.l(__rtentry2.o)
    0x080001d2   0x00000008   Code   RO         1910    .ARM.Collect$$rtentry$$0000000D  c_w.l(__rtentry2.o)
    0x080001da   0x00000002   Code   RO         1987    .ARM.Collect$$rtexit$$00000000  c_w.l(rtexit.o)
    0x080001dc   0x00000000   Code   RO         1994    .ARM.Collect$$rtexit$$00000002  c_w.l(rtexit2.o)
    0x080001dc   0x00000004   Code   RO         1995    .ARM.Collect$$rtexit$$00000003  c_w.l(rtexit2.o)
    0x080001e0   0x00000006   Code   RO         1996    .ARM.Collect$$rtexit$$00000004  c_w.l(rtexit2.o)
    0x080001e6   0x00000002   PAD
    0x080001e8   0x00000040   Code   RO         1778    .text               startup_stm32f10x_hd.o
    0x08000228   0x00000028   Code   RO         1832    .text               c_w.l(noretval__2sprintf.o)
    0x08000250   0x00000068   Code   RO         1834    .text               c_w.l(__printf.o)
    0x080002b8   0x00000078   Code   RO         1838    .text               c_w.l(_printf_dec.o)
    0x08000330   0x00000070   Code   RO         1863    .text               c_w.l(strtol.o)
    0x080003a0   0x00000058   Code   RO         1865    .text               c_w.l(memcmp.o)
    0x080003f8   0x0000003e   Code   RO         1867    .text               c_w.l(strlen.o)
    0x08000436   0x0000008a   Code   RO         1869    .text               c_w.l(rt_memcpy_v6.o)
    0x080004c0   0x00000064   Code   RO         1871    .text               c_w.l(rt_memcpy_w.o)
    0x08000524   0x00000044   Code   RO         1873    .text               c_w.l(rt_memclr.o)
    0x08000568   0x0000004e   Code   RO         1875    .text               c_w.l(rt_memclr_w.o)
    0x080005b6   0x00000006   Code   RO         1877    .text               c_w.l(heapauxi.o)
    0x080005bc   0x00000010   Code   RO         1882    .text               c_w.l(rt_ctype_table.o)
    0x080005cc   0x00000008   Code   RO         1887    .text               c_w.l(rt_errno_addr_intlibspace.o)
    0x080005d4   0x000000b2   Code   RO         1889    .text               c_w.l(_printf_intcommon.o)
    0x08000686   0x00000002   PAD
    0x08000688   0x00000030   Code   RO         1891    .text               c_w.l(_printf_char_common.o)
    0x080006b8   0x0000000a   Code   RO         1893    .text               c_w.l(_sputc.o)
    0x080006c2   0x0000009e   Code   RO         1898    .text               c_w.l(_strtoul.o)
    0x08000760   0x00000008   Code   RO         1900    .text               c_w.l(libspace.o)
    0x08000768   0x00000008   Code   RO         1921    .text               c_w.l(rt_locale_intlibspace.o)
    0x08000770   0x0000001c   Code   RO         1925    .text               c_w.l(_chval.o)
    0x0800078c   0x0000004a   Code   RO         1930    .text               c_w.l(sys_stackheap_outer.o)
    0x080007d6   0x0000000c   Code   RO         1932    .text               c_w.l(exit.o)
    0x080007e2   0x00000002   PAD
    0x080007e4   0x00000080   Code   RO         1934    .text               c_w.l(strcmpv7m.o)
    0x08000864   0x0000000c   Code   RO         2006    .text               c_w.l(sys_exit.o)
    0x08000870   0x00000002   Code   RO         2017    .text               c_w.l(use_no_semi.o)
    0x08000872   0x00000000   Code   RO         2019    .text               c_w.l(indicate_semi.o)
    0x08000872   0x00000002   PAD
    0x08000874   0x00000108   Code   RO          847    i.CAN_FilterInit    stm32f10x_can.o
    0x0800097c   0x00000012   Code   RO          853    i.CAN_ITConfig      stm32f10x_can.o
    0x0800098e   0x00000114   Code   RO          854    i.CAN_Init          stm32f10x_can.o
    0x08000aa2   0x00000002   PAD
    0x08000aa4   0x000002d0   Code   RO          708    i.CAN_Mode_Init     device_can.o
    0x08000d74   0x000000f0   Code   RO          857    i.CAN_Receive       stm32f10x_can.o
    0x08000e64   0x00000126   Code   RO          862    i.CAN_Transmit      stm32f10x_can.o
    0x08000f8a   0x00000002   PAD
    0x08000f8c   0x000000a0   Code   RO          863    i.CAN_TransmitStatus  stm32f10x_can.o
    0x0800102c   0x00000074   Code   RO          710    i.Can_Send_Msg      device_can.o
    0x080010a0   0x0000000c   Code   RO         1008    i.FLASH_ClearFlag   stm32f10x_flash.o
    0x080010ac   0x0000004c   Code   RO         1013    i.FLASH_ErasePage   stm32f10x_flash.o
    0x080010f8   0x00000034   Code   RO         1014    i.FLASH_GetBank1Status  stm32f10x_flash.o
    0x0800112c   0x00000014   Code   RO         1024    i.FLASH_LockBank1   stm32f10x_flash.o
    0x08001140   0x0000006c   Code   RO         1028    i.FLASH_ProgramWord  stm32f10x_flash.o
    0x080011ac   0x00000018   Code   RO         1032    i.FLASH_UnlockBank1  stm32f10x_flash.o
    0x080011c4   0x00000026   Code   RO         1035    i.FLASH_WaitForLastOperation  stm32f10x_flash.o
    0x080011ea   0x00000116   Code   RO         1200    i.GPIO_Init         stm32f10x_gpio.o
    0x08001300   0x00000090   Code   RO         1202    i.GPIO_PinRemapConfig  stm32f10x_gpio.o
    0x08001390   0x00000004   Code   RO         1207    i.GPIO_ResetBits    stm32f10x_gpio.o
    0x08001394   0x00000004   Code   RO         1208    i.GPIO_SetBits      stm32f10x_gpio.o
    0x08001398   0x00000010   Code   RO         1320    i.IWDG_Enable       stm32f10x_iwdg.o
    0x080013a8   0x00000010   Code   RO         1322    i.IWDG_ReloadCounter  stm32f10x_iwdg.o
    0x080013b8   0x0000000c   Code   RO         1323    i.IWDG_SetPrescaler  stm32f10x_iwdg.o
    0x080013c4   0x0000000c   Code   RO         1324    i.IWDG_SetReload    stm32f10x_iwdg.o
    0x080013d0   0x0000000c   Code   RO         1325    i.IWDG_WriteAccessCmd  stm32f10x_iwdg.o
    0x080013dc   0x00000070   Code   RO          793    i.NVIC_Init         misc.o
    0x0800144c   0x00000020   Code   RO         1376    i.RCC_APB1PeriphClockCmd  stm32f10x_rcc.o
    0x0800146c   0x00000020   Code   RO         1377    i.RCC_APB1PeriphResetCmd  stm32f10x_rcc.o
    0x0800148c   0x00000020   Code   RO         1378    i.RCC_APB2PeriphClockCmd  stm32f10x_rcc.o
    0x080014ac   0x00000020   Code   RO         1379    i.RCC_APB2PeriphResetCmd  stm32f10x_rcc.o
    0x080014cc   0x000000d4   Code   RO         1386    i.RCC_GetClocksFreq  stm32f10x_rcc.o
    0x080015a0   0x0000003c   Code   RO         1387    i.RCC_GetFlagStatus  stm32f10x_rcc.o
    0x080015dc   0x0000000c   Code   RO         1395    i.RCC_LSICmd        stm32f10x_rcc.o
    0x080015e8   0x00000008   Code   RO         1785    i.SetSysClock       system_stm32f10x.o
    0x080015f0   0x000000e0   Code   RO         1786    i.SetSysClockTo72   system_stm32f10x.o
    0x080016d0   0x00000010   Code   RO          659    i.SysTick_Handler   utils.o
    0x080016e0   0x00000060   Code   RO         1788    i.SystemInit        system_stm32f10x.o
    0x08001740   0x00000044   Code   RO          589    i.UART4_IRQHandler  uart4.o
    0x08001784   0x00000064   Code   RO          152    i.USART1_IRQHandler  uart1.o
    0x080017e8   0x00000044   Code   RO          218    i.USART2_IRQHandler  uart2.o
    0x0800182c   0x00000044   Code   RO          282    i.USART3_IRQHandler  uart3.o
    0x08001870   0x00000018   Code   RO         1590    i.USART_Cmd         stm32f10x_usart.o
    0x08001888   0x0000009c   Code   RO         1592    i.USART_DeInit      stm32f10x_usart.o
    0x08001924   0x0000001a   Code   RO         1593    i.USART_GetFlagStatus  stm32f10x_usart.o
    0x0800193e   0x00000054   Code   RO         1594    i.USART_GetITStatus  stm32f10x_usart.o
    0x08001992   0x0000004a   Code   RO         1596    i.USART_ITConfig    stm32f10x_usart.o
    0x080019dc   0x000000d8   Code   RO         1597    i.USART_Init        stm32f10x_usart.o
    0x08001ab4   0x0000000a   Code   RO         1604    i.USART_ReceiveData  stm32f10x_usart.o
    0x08001abe   0x00000008   Code   RO         1607    i.USART_SendData    stm32f10x_usart.o
    0x08001ac6   0x00000002   PAD
    0x08001ac8   0x000000c0   Code   RO          711    i.USB_LP_CAN1_RX0_IRQHandler  device_can.o
    0x08001b88   0x00000084   Code   RO          422    i.WriteFlashOneWord  flash.o
    0x08001c0c   0x0000037c   Code   RO          515    i.check_car_and_servo  remote-comm.o
    0x08001f88   0x00000040   Code   RO          346    i.crc_modbus        crc16_mobus.o
    0x08001fc8   0x00000020   Code   RO            4    i.device_init       app.o
    0x08001fe8   0x00000024   Code   RO          423    i.flash_adtime_data_get  flash.o
    0x0800200c   0x00000020   Code   RO          424    i.flash_device_id_data_get  flash.o
    0x0800202c   0x00000024   Code   RO          425    i.flash_device_maxid_data_get  flash.o
    0x08002050   0x00000024   Code   RO          426    i.flash_init        flash.o
    0x08002074   0x00000074   Code   RO          427    i.flash_read        flash.o
    0x080020e8   0x00000020   Code   RO          428    i.flash_rs485_tick_data_get  flash.o
    0x08002108   0x00000024   Code   RO          429    i.flash_servo_motor_adtime_data_get  flash.o
    0x0800212c   0x00000028   Code   RO          430    i.flash_servo_motor_position_data_get  flash.o
    0x08002154   0x00000024   Code   RO          431    i.flash_servo_motor_speed_data_get  flash.o
    0x08002178   0x00000024   Code   RO          432    i.flash_speed_data_get  flash.o
    0x0800219c   0x0000000c   Code   RO          660    i.get_system_tick   utils.o
    0x080021a8   0x00000008   Code   RO          153    i.get_uart1_buf     uart1.o
    0x080021b0   0x0000001c   Code   RO          154    i.get_uart1_length  uart1.o
    0x080021cc   0x00000008   Code   RO          219    i.get_uart2_buf     uart2.o
    0x080021d4   0x00000022   Code   RO          347    i.id_run_ctrl       crc16_mobus.o
    0x080021f6   0x00000036   Code   RO          348    i.id_set_mobus_crc  crc16_mobus.o
    0x0800222c   0x00000540   Code   RO          516    i.initServoLiChuang  remote-comm.o
    0x0800276c   0x00000048   Code   RO            5    i.ir_init           app.o
    0x080027b4   0x000000ac   Code   RO            6    i.main              app.o
    0x08002860   0x00000048   Code   RO          661    i.reset             utils.o
    0x080028a8   0x0000000c   Code   RO          662    i.retTickDiff       utils.o
    0x080028b4   0x00000044   Code   RO          592    i.rs3485_pb14_init  uart4.o
    0x080028f8   0x00000044   Code   RO          221    i.rs3485_pb15_init  uart2.o
    0x0800293c   0x00000026   Code   RO          349    i.send_servor_motor_data  crc16_mobus.o
    0x08002962   0x0000002e   Code   RO          350    i.send_servor_motor_pos  crc16_mobus.o
    0x08002990   0x00000268   Code   RO          517    i.servo_motor_rs485_init  remote-comm.o
    0x08002bf8   0x00000032   Code   RO          351    i.set_addr_mobus_crc  crc16_mobus.o
    0x08002c2a   0x00000026   Code   RO          353    i.set_mobus_crc     crc16_mobus.o
    0x08002c50   0x000001bc   Code   RO          518    i.treadmill_init    remote-comm.o
    0x08002e0c   0x00000024   Code   RO          155    i.uart1_clear       uart1.o
    0x08002e30   0x000000a8   Code   RO          156    i.uart1_init        uart1.o
    0x08002ed8   0x00000ae0   Code   RO          519    i.uart1_process     remote-comm.o
    0x080039b8   0x00000038   Code   RO          157    i.uart1_sendstr     uart1.o
    0x080039f0   0x00000024   Code   RO          222    i.uart2_clear       uart2.o
    0x08003a14   0x000000b0   Code   RO          223    i.uart2_init        uart2.o
    0x08003ac4   0x00000064   Code   RO          224    i.uart2_sendstr     uart2.o
    0x08003b28   0x000000b0   Code   RO          594    i.uart4_init        uart4.o
    0x08003bd8   0x0000005c   Code   RO          595    i.uart4_sendstr     uart4.o
    0x08003c34   0x0000000c   Code   RO          596    i.uart_485_delay    uart4.o
    0x08003c40   0x0000002c   Code   RO         1928    locale$$code        c_w.l(lc_ctype_c.o)
    0x08003c6c   0x00000200   Data   RO          354    .constdata          crc16_mobus.o
    0x08003e6c   0x00000008   Data   RO          521    .constdata          remote-comm.o
    0x08003e74   0x0000005e   Data   RO          433    .conststring        flash.o
    0x08003ed2   0x00000002   PAD
    0x08003ed4   0x00000020   Data   RO         2065    Region$$Table       anon$$obj.o
    0x08003ef4   0x00000110   Data   RO         1927    locale$$data        c_w.l(lc_ctype_c.o)


    Execution Region RW_IRAM1 (Base: 0x20000000, Size: 0x00001288, Max: 0x0000c000, ABSOLUTE)

    Base Addr    Size         Type   Attr      Idx    E Section Name        Object

    0x20000000   0x0000000c   Data   RW          159    .data               uart1.o
    0x2000000c   0x00000008   Data   RW          226    .data               uart2.o
    0x20000014   0x00000008   Data   RW          290    .data               uart3.o
    0x2000001c   0x00000001   Data   RW          434    .data               flash.o
    0x2000001d   0x00000003   PAD
    0x20000020   0x00000020   Data   RW          522    .data               remote-comm.o
    0x20000040   0x00000008   Data   RW          598    .data               uart4.o
    0x20000048   0x00000004   Data   RW          663    .data               utils.o
    0x2000004c   0x00000004   Data   RW          713    .data               device_can.o
    0x20000050   0x00000014   Data   RW         1406    .data               stm32f10x_rcc.o
    0x20000064   0x00000014   Data   RW         1789    .data               system_stm32f10x.o
    0x20000078   0x000002d0   Zero   RW           12    .bss                app.o
    0x20000348   0x000000c8   Zero   RW          158    .bss                uart1.o
    0x20000410   0x000000c8   Zero   RW          225    .bss                uart2.o
    0x200004d8   0x000000c8   Zero   RW          289    .bss                uart3.o
    0x200005a0   0x000005bc   Zero   RW          520    .bss                remote-comm.o
    0x20000b5c   0x000000c8   Zero   RW          597    .bss                uart4.o
    0x20000c24   0x00000060   Zero   RW         1901    .bss                c_w.l(libspace.o)
    0x20000c84   0x00000004   PAD
    0x20000c88   0x00000200   Zero   RW         1776    HEAP                startup_stm32f10x_hd.o
    0x20000e88   0x00000400   Zero   RW         1775    STACK               startup_stm32f10x_hd.o


==============================================================================

Image component sizes


      Code (inc. data)   RO Data    RW Data    ZI Data      Debug   Object Name

       276         22          0          0        720     276986   app.o
       324          4        512          0          0       4944   crc16_mobus.o
      1028         44          0          4          0       6258   device_can.o
       568        108         94          1          0       6005   flash.o
       112         12          0          0          0       1140   misc.o
      6080        878          8         32       1468      12851   remote-comm.o
        64         26        304          0       1536        820   startup_stm32f10x_hd.o
      1252         28          0          0          0       5349   stm32f10x_can.o
       330         38          0          0          0       5658   stm32f10x_flash.o
       430          6          0          0          0       4062   stm32f10x_gpio.o
        68         30          0          0          0       2642   stm32f10x_iwdg.o
       412         54          0         20          0       7041   stm32f10x_rcc.o
       598         28          0          0          0       7060   stm32f10x_usart.o
       328         28          0         20          0       2285   system_stm32f10x.o
       396         60          0         12        200       3955   uart1.o
       456         66          0          8        200       3914   uart2.o
        68         14          0          8        200       1300   uart3.o
       416         40          0          8        200       3513   uart4.o
       112         22          0          4          0       1954   utils.o

    ----------------------------------------------------------------------
     13324       1508        952        120       4524     357737   Object Totals
         0          0         32          0          0          0   (incl. Generated)
         6          0          2          3          0          0   (incl. Padding)

    ----------------------------------------------------------------------

      Code (inc. data)   RO Data    RW Data    ZI Data      Debug   Library Member Name

         8          0          0          0          0         68   __main.o
       104          0          0          0          0         84   __printf.o
         0          0          0          0          0          0   __rtentry.o
        12          0          0          0          0          0   __rtentry2.o
         6          0          0          0          0          0   __rtentry4.o
        52          8          0          0          0          0   __scatter.o
        26          0          0          0          0          0   __scatter_copy.o
        28          0          0          0          0          0   __scatter_zi.o
        28          0          0          0          0         68   _chval.o
        48          6          0          0          0         96   _printf_char_common.o
         6          0          0          0          0          0   _printf_d.o
       120         16          0          0          0         92   _printf_dec.o
       178          0          0          0          0         88   _printf_intcommon.o
         0          0          0          0          0          0   _printf_percent.o
         4          0          0          0          0          0   _printf_percent_end.o
        10          0          0          0          0         68   _sputc.o
       158          0          0          0          0         92   _strtoul.o
        12          0          0          0          0         72   exit.o
         6          0          0          0          0        152   heapauxi.o
         0          0          0          0          0          0   indicate_semi.o
        44         10        272          0          0         76   lc_ctype_c.o
         2          0          0          0          0          0   libinit.o
        20          0          0          0          0          0   libinit2.o
         2          0          0          0          0          0   libshutdown.o
         2          0          0          0          0          0   libshutdown2.o
         8          4          0          0         96         68   libspace.o
        88          0          0          0          0         76   memcmp.o
        40          6          0          0          0         84   noretval__2sprintf.o
        16          4          0          0          0         76   rt_ctype_table.o
         8          4          0          0          0         68   rt_errno_addr_intlibspace.o
         8          4          0          0          0         68   rt_locale_intlibspace.o
        68          0          0          0          0         68   rt_memclr.o
        78          0          0          0          0         80   rt_memclr_w.o
       138          0          0          0          0         68   rt_memcpy_v6.o
       100          0          0          0          0         80   rt_memcpy_w.o
         2          0          0          0          0          0   rtexit.o
        10          0          0          0          0          0   rtexit2.o
       128          0          0          0          0         68   strcmpv7m.o
        62          0          0          0          0         76   strlen.o
       112          0          0          0          0         88   strtol.o
        12          4          0          0          0         68   sys_exit.o
        74          0          0          0          0         80   sys_stackheap_outer.o
         2          0          0          0          0         68   use_no_semi.o

    ----------------------------------------------------------------------
      1840         66        272          0        100       2140   Library Totals
        10          0          0          0          4          0   (incl. Padding)

    ----------------------------------------------------------------------

      Code (inc. data)   RO Data    RW Data    ZI Data      Debug   Library Name

      1830         66        272          0         96       2140   c_w.l

    ----------------------------------------------------------------------
      1840         66        272          0        100       2140   Library Totals

    ----------------------------------------------------------------------

==============================================================================


      Code (inc. data)   RO Data    RW Data    ZI Data      Debug   

     15164       1574       1224        120       4624     354101   Grand Totals
     15164       1574       1224        120       4624     354101   ELF Image Totals
     15164       1574       1224        120          0          0   ROM Totals

==============================================================================

    Total RO  Size (Code + RO Data)                16388 (  16.00kB)
    Total RW  Size (RW Data + ZI Data)              4744 (   4.63kB)
    Total ROM Size (Code + RO Data + RW Data)      16508 (  16.12kB)

==============================================================================

