Component: ARM Compiler 5.05 update 1 (build 106) Tool: armlink [4d0efa]

==============================================================================

Section Cross References

    app.o(i.device_init) refers to remote-comm.o(.bss) for Slave_Device
    app.o(i.init) refers to crc16_mobus_1.o(i.id_set_mobus_crc) for id_set_mobus_crc
    app.o(i.init) refers to utils_1.o(i.get_system_tick) for get_system_tick
    app.o(i.init) refers to uart2_1.o(i.uart2_clear) for uart2_clear
    app.o(i.init) refers to crc16_mobus_1.o(i.id_run_ctrl) for id_run_ctrl
    app.o(i.init) refers to uart2_1.o(i.get_uart2_buf) for get_uart2_buf
    app.o(i.init) refers to memcmp.o(.text) for memcmp
    app.o(i.init) refers to uart1_1.o(i.uart1_clear) for uart1_clear
    app.o(i.init) refers to uart4_1.o(i.uart4_clear) for uart4_clear
    app.o(i.init) refers to app.o(.bss) for treadmill
    app.o(i.ir_init) refers to stm32f10x_rcc.o(i.RCC_APB2PeriphClockCmd) for RCC_APB2PeriphClockCmd
    app.o(i.ir_init) refers to stm32f10x_gpio.o(i.GPIO_Init) for GPIO_Init
    app.o(i.main) refers to misc.o(i.NVIC_PriorityGroupConfig) for NVIC_PriorityGroupConfig
    app.o(i.main) refers to uart1_1.o(i.uart1_init) for uart1_init
    app.o(i.main) refers to uart2_1.o(i.uart2_init) for uart2_init
    app.o(i.main) refers to uart4_1.o(i.uart4_init) for uart4_init
    app.o(i.main) refers to app.o(i.ir_init) for ir_init
    app.o(i.main) refers to flash_1.o(i.flash_init) for flash_init
    app.o(i.main) refers to ir_exti.o(i.EXTIX_Init) for EXTIX_Init
    app.o(i.main) refers to remote-comm.o(i.GoodStructInit) for GoodStructInit
    app.o(i.main) refers to remote-comm.o(i.treadmill_init) for treadmill_init
    app.o(i.main) refers to app.o(i.pb3_init) for pb3_init
    app.o(i.main) refers to remote-comm.o(i.servo_motor_rs485_init) for servo_motor_rs485_init
    app.o(i.main) refers to app.o(i.device_init) for device_init
    app.o(i.main) refers to app.o(i.init) for init
    app.o(i.main) refers to device_can.o(i.CAN_Mode_Init) for CAN_Mode_Init
    app.o(i.main) refers to ir_exti.o(i.IRCheckFunc) for IRCheckFunc
    app.o(i.main) refers to uart1_1.o(i.uart1RecvFinish) for uart1RecvFinish
    app.o(i.main) refers to remote-comm.o(i.uart1_process) for uart1_process
    app.o(i.main) refers to remote-comm.o(i.SlaveDeviceStatus) for SlaveDeviceStatus
    app.o(i.main) refers to remote-comm.o(i.check_car_and_servo) for check_car_and_servo
    app.o(i.main) refers to remote-comm.o(i.RunCar1) for RunCar1
    app.o(i.main) refers to system_stm32f10x.o(.data) for SystemCoreClock
    app.o(i.my_sprintf_32) refers to _printf_percent.o(.ARM.Collect$$_printf_percent$$00000000) for _printf_percent
    app.o(i.my_sprintf_32) refers to _printf_d.o(.ARM.Collect$$_printf_percent$$00000009) for _printf_d
    app.o(i.my_sprintf_32) refers to _printf_s.o(.ARM.Collect$$_printf_percent$$00000014) for _printf_s
    app.o(i.my_sprintf_32) refers to _printf_dec.o(.text) for _printf_int_dec
    app.o(i.my_sprintf_32) refers to _printf_str.o(.text) for _printf_str
    app.o(i.my_sprintf_32) refers to rt_memclr_w.o(.text) for __aeabi_memclr4
    app.o(i.my_sprintf_32) refers to noretval__2sprintf.o(.text) for __2sprintf
    app.o(i.my_sprintf_32) refers to strlen.o(.text) for strlen
    app.o(i.my_sprintf_32) refers to uart1_1.o(i.uart1_sendstr) for uart1_sendstr
    app.o(i.pb3_init) refers to stm32f10x_rcc.o(i.RCC_APB2PeriphClockCmd) for RCC_APB2PeriphClockCmd
    app.o(i.pb3_init) refers to stm32f10x_gpio.o(i.GPIO_Init) for GPIO_Init
    app.o(i.pb3_init) refers to stm32f10x_gpio.o(i.GPIO_ResetBits) for GPIO_ResetBits
    remote-comm.o(i.CanCommInit) refers to remote-comm.o(.bss) for CanComm
    remote-comm.o(i.GoodStructInit) refers to remote-comm.o(i.GoodsStructClean) for GoodsStructClean
    remote-comm.o(i.GoodsStructClean) refers to rt_memclr.o(.text) for __aeabi_memclr
    remote-comm.o(i.GoodsStructClean) refers to app.o(.bss) for goods
    remote-comm.o(i.RunCar1) refers to ir_exti.o(i.RetIRCheckFunc) for RetIRCheckFunc
    remote-comm.o(i.RunCar1) refers to ir_exti.o(i.ClearIRCheck) for ClearIRCheck
    remote-comm.o(i.RunCar1) refers to utils_1.o(i.get_system_tick) for get_system_tick
    remote-comm.o(i.RunCar1) refers to utils_1.o(i.retTickDiff) for retTickDiff
    remote-comm.o(i.RunCar1) refers to uart2_1.o(i.uart2_clear) for uart2_clear
    remote-comm.o(i.RunCar1) refers to crc16_mobus_1.o(i.id_run_ctrl) for id_run_ctrl
    remote-comm.o(i.RunCar1) refers to uart2_1.o(i.get_uart2_buf) for get_uart2_buf
    remote-comm.o(i.RunCar1) refers to memcmp.o(.text) for memcmp
    remote-comm.o(i.RunCar1) refers to remote-comm.o(.data) for DeviceStartOrStop
    remote-comm.o(i.RunCar1) refers to remote-comm.o(.bss) for Slave_Device
    remote-comm.o(i.RunCar1) refers to app.o(.bss) for treadmill
    remote-comm.o(i.SlaveDeviceStatus) refers to remote-comm.o(i.Stop) for Stop
    remote-comm.o(i.SlaveDeviceStatus) refers to remote-comm.o(i.Start) for Start
[...]
    Src\utils.c                              0x00000000   Number         0  utils_1.o ABSOLUTE
    dc.s                                     0x00000000   Number         0  dc.o ABSOLUTE
    ir_exti.c                                0x00000000   Number         0  ir_exti.o ABSOLUTE
    ir_exti.c                                0x00000000   Number         0  ir_exti.o ABSOLUTE
    RESET                                    0x08000000   Section      304  startup_stm32f10x_hd.o(RESET)
    !!!main                                  0x08000130   Section        8  __main.o(!!!main)
    !!!scatter                               0x08000138   Section       52  __scatter.o(!!!scatter)
    !!handler_copy                           0x0800016c   Section       26  __scatter_copy.o(!!handler_copy)
    !!handler_zi                             0x08000188   Section       28  __scatter_zi.o(!!handler_zi)
    .ARM.Collect$$_printf_percent$$00000000  0x080001a4   Section        0  _printf_percent.o(.ARM.Collect$$_printf_percent$$00000000)
    .ARM.Collect$$_printf_percent$$00000009  0x080001a4   Section        6  _printf_d.o(.ARM.Collect$$_printf_percent$$00000009)
    .ARM.Collect$$_printf_percent$$00000017  0x080001aa   Section        4  _printf_percent_end.o(.ARM.Collect$$_printf_percent$$00000017)
    .ARM.Collect$$libinit$$00000000          0x080001ae   Section        2  libinit.o(.ARM.Collect$$libinit$$00000000)
    .ARM.Collect$$libinit$$00000002          0x080001b0   Section        0  libinit2.o(.ARM.Collect$$libinit$$00000002)
    .ARM.Collect$$libinit$$00000004          0x080001b0   Section        0  libinit2.o(.ARM.Collect$$libinit$$00000004)
    .ARM.Collect$$libinit$$0000000A          0x080001b0   Section        0  libinit2.o(.ARM.Collect$$libinit$$0000000A)
    .ARM.Collect$$libinit$$0000000C          0x080001b0   Section        0  libinit2.o(.ARM.Collect$$libinit$$0000000C)
    .ARM.Collect$$libinit$$0000000E          0x080001b0   Section        0  libinit2.o(.ARM.Collect$$libinit$$0000000E)
    .ARM.Collect$$libinit$$0000000F          0x080001b0   Section        6  libinit2.o(.ARM.Collect$$libinit$$0000000F)
    .ARM.Collect$$libinit$$00000011          0x080001b6   Section        0  libinit2.o(.ARM.Collect$$libinit$$00000011)
    .ARM.Collect$$libinit$$00000012          0x080001b6   Section       12  libinit2.o(.ARM.Collect$$libinit$$00000012)
    .ARM.Collect$$libinit$$00000013          0x080001c2   Section        0  libinit2.o(.ARM.Collect$$libinit$$00000013)
    .ARM.Collect$$libinit$$00000015          0x080001c2   Section        0  libinit2.o(.ARM.Collect$$libinit$$00000015)
    .ARM.Collect$$libinit$$00000017          0x080001c2   Section        0  libinit2.o(.ARM.Collect$$libinit$$00000017)
    .ARM.Collect$$libinit$$00000019          0x080001c2   Section        0  libinit2.o(.ARM.Collect$$libinit$$00000019)
    .ARM.Collect$$libinit$$0000001B          0x080001c2   Section        0  libinit2.o(.ARM.Collect$$libinit$$0000001B)
    .ARM.Collect$$libinit$$0000001D          0x080001c2   Section        0  libinit2.o(.ARM.Collect$$libinit$$0000001D)
    .ARM.Collect$$libinit$$0000001F          0x080001c2   Section        0  libinit2.o(.ARM.Collect$$libinit$$0000001F)
    .ARM.Collect$$libinit$$00000021          0x080001c2   Section        0  libinit2.o(.ARM.Collect$$libinit$$00000021)
    .ARM.Collect$$libinit$$00000023          0x080001c2   Section        0  libinit2.o(.ARM.Collect$$libinit$$00000023)
    .ARM.Collect$$libinit$$00000025          0x080001c2   Section        0  libinit2.o(.ARM.Collect$$libinit$$00000025)
    .ARM.Collect$$libinit$$0000002C          0x080001c2   Section        0  libinit2.o(.ARM.Collect$$libinit$$0000002C)
    .ARM.Collect$$libinit$$0000002E          0x080001c2   Section        0  libinit2.o(.ARM.Collect$$libinit$$0000002E)
    .ARM.Collect$$libinit$$00000030          0x080001c2   Section        0  libinit2.o(.ARM.Collect$$libinit$$00000030)
    .ARM.Collect$$libinit$$00000032          0x080001c2   Section        0  libinit2.o(.ARM.Collect$$libinit$$00000032)
    .ARM.Collect$$libinit$$00000033          0x080001c2   Section        2  libinit2.o(.ARM.Collect$$libinit$$00000033)
    .ARM.Collect$$libshutdown$$00000000      0x080001c4   Section        2  libshutdown.o(.ARM.Collect$$libshutdown$$00000000)
    .ARM.Collect$$libshutdown$$00000003      0x080001c6   Section        0  libshutdown2.o(.ARM.Collect$$libshutdown$$00000003)
    .ARM.Collect$$libshutdown$$00000006      0x080001c6   Section        0  libshutdown2.o(.ARM.Collect$$libshutdown$$00000006)
    .ARM.Collect$$libshutdown$$00000009      0x080001c6   Section        0  libshutdown2.o(.ARM.Collect$$libshutdown$$00000009)
    .ARM.Collect$$libshutdown$$0000000B      0x080001c6   Section        0  libshutdown2.o(.ARM.Collect$$libshutdown$$0000000B)
    .ARM.Collect$$libshutdown$$0000000E      0x080001c6   Section        0  libshutdown2.o(.ARM.Collect$$libshutdown$$0000000E)
    .ARM.Collect$$libshutdown$$0000000F      0x080001c6   Section        2  libshutdown2.o(.ARM.Collect$$libshutdown$$0000000F)
    .ARM.Collect$$rtentry$$00000000          0x080001c8   Section        0  __rtentry.o(.ARM.Collect$$rtentry$$00000000)
    .ARM.Collect$$rtentry$$00000002          0x080001c8   Section        0  __rtentry2.o(.ARM.Collect$$rtentry$$00000002)
    .ARM.Collect$$rtentry$$00000004          0x080001c8   Section        6  __rtentry4.o(.ARM.Collect$$rtentry$$00000004)
    .ARM.Collect$$rtentry$$00000009          0x080001ce   Section        0  __rtentry2.o(.ARM.Collect$$rtentry$$00000009)
    .ARM.Collect$$rtentry$$0000000A          0x080001ce   Section        4  __rtentry2.o(.ARM.Collect$$rtentry$$0000000A)
    .ARM.Collect$$rtentry$$0000000C          0x080001d2   Section        0  __rtentry2.o(.ARM.Collect$$rtentry$$0000000C)
    .ARM.Collect$$rtentry$$0000000D          0x080001d2   Section        8  __rtentry2.o(.ARM.Collect$$rtentry$$0000000D)
    .ARM.Collect$$rtexit$$00000000           0x080001da   Section        2  rtexit.o(.ARM.Collect$$rtexit$$00000000)
    .ARM.Collect$$rtexit$$00000002           0x080001dc   Section        0  rtexit2.o(.ARM.Collect$$rtexit$$00000002)
    .ARM.Collect$$rtexit$$00000003           0x080001dc   Section        4  rtexit2.o(.ARM.Collect$$rtexit$$00000003)
    .ARM.Collect$$rtexit$$00000004           0x080001e0   Section        6  rtexit2.o(.ARM.Collect$$rtexit$$00000004)
    .text                                    0x080001e8   Section       64  startup_stm32f10x_hd.o(.text)
    .text                                    0x08000228   Section        0  noretval__2sprintf.o(.text)
    .text                                    0x08000250   Section        0  __printf.o(.text)
    .text                                    0x080002b8   Section        0  _printf_dec.o(.text)
    .text                                    0x08000330   Section        0  strtol.o(.text)
    .text                                    0x080003a0   Section        0  memcmp.o(.text)
    .text                                    0x080003f8   Section        0  strlen.o(.text)
    .text                                    0x08000436   Section      100  rt_memcpy_w.o(.text)
    .text                                    0x0800049a   Section       68  rt_memclr.o(.text)
    .text                                    0x080004de   Section       78  rt_memclr_w.o(.text)
    .text                                    0x0800052c   Section        0  heapauxi.o(.text)
    .text                                    0x08000534   Section       16  rt_ctype_table.o(.text)
    .text                                    0x08000544   Section        8  rt_errno_addr_intlibspace.o(.text)
    .text                                    0x0800054c   Section        0  _printf_intcommon.o(.text)
    .text                                    0x08000600   Section        0  _printf_char_common.o(.text)
    _printf_input_char                       0x08000601   Thumb Code    10  _printf_char_common.o(.text)
    .text                                    0x08000630   Section        0  _sputc.o(.text)
    .text                                    0x0800063a   Section        0  _strtoul.o(.text)
    .text                                    0x080006d8   Section        8  libspace.o(.text)
    .text                                    0x080006e0   Section        8  rt_locale_intlibspace.o(.text)
    .text                                    0x080006e8   Section        0  _chval.o(.text)
    .text                                    0x08000704   Section       74  sys_stackheap_outer.o(.text)
    .text                                    0x0800074e   Section        0  exit.o(.text)
    .text                                    0x0800075c   Section      128  strcmpv7m.o(.text)
    .text                                    0x080007dc   Section        0  sys_exit.o(.text)
    .text                                    0x080007e8   Section        2  use_no_semi.o(.text)
    .text                                    0x080007ea   Section        0  indicate_semi.o(.text)
    i.Adv_Data_Clear                         0x080007ec   Section        0  messagequeuing.o(i.Adv_Data_Clear)
    i.Adv_Data_Fill                          0x080007fc   Section        0  messagequeuing.o(i.Adv_Data_Fill)
    i.Adv_Data_Get                           0x0800085c   Section        0  messagequeuing.o(i.Adv_Data_Get)
    i.Adv_Data_GetLength                     0x080008e0   Section        0  messagequeuing.o(i.Adv_Data_GetLength)
    i.CAN_FilterInit                         0x08000928   Section        0  stm32f10x_can.o(i.CAN_FilterInit)
    i.CAN_ITConfig                           0x08000a30   Section        0  stm32f10x_can.o(i.CAN_ITConfig)
    i.CAN_Init                               0x08000a42   Section        0  stm32f10x_can.o(i.CAN_Init)
    i.CAN_Mode_Init                          0x08000b58   Section        0  device_can.o(i.CAN_Mode_Init)
    i.CAN_Receive                            0x08000e28   Section        0  stm32f10x_can.o(i.CAN_Receive)
    i.CAN_Transmit                           0x08000f18   Section        0  stm32f10x_can.o(i.CAN_Transmit)
    i.CAN_TransmitStatus                     0x08001040   Section        0  stm32f10x_can.o(i.CAN_TransmitStatus)
    i.Can_Send_Msg                           0x080010e0   Section        0  device_can.o(i.Can_Send_Msg)
    i.ClearIRCheck                           0x08001154   Section        0  ir_exti.o(i.ClearIRCheck)
    i.EXTI4_IRQHandler                       0x08001160   Section        0  ir_exti.o(i.EXTI4_IRQHandler)
    i.EXTI9_5_IRQHandler                     0x0800118c   Section        0  ir_exti.o(i.EXTI9_5_IRQHandler)
    i.EXTIX_Init                             0x080011e8   Section        0  ir_exti.o(i.EXTIX_Init)
    i.EXTI_ClearITPendingBit                 0x08001274   Section        0  stm32f10x_exti.o(i.EXTI_ClearITPendingBit)
    i.EXTI_GetITStatus                       0x08001280   Section        0  stm32f10x_exti.o(i.EXTI_GetITStatus)
    i.EXTI_Init                              0x080012a8   Section        0  stm32f10x_exti.o(i.EXTI_Init)
    i.FLASH_ClearFlag                        0x0800133c   Section        0  stm32f10x_flash.o(i.FLASH_ClearFlag)
    i.FLASH_ErasePage                        0x08001348   Section        0  stm32f10x_flash.o(i.FLASH_ErasePage)
    i.FLASH_GetBank1Status                   0x08001394   Section        0  stm32f10x_flash.o(i.FLASH_GetBank1Status)
    i.FLASH_LockBank1                        0x080013c8   Section        0  stm32f10x_flash.o(i.FLASH_LockBank1)
    i.FLASH_ProgramWord                      0x080013dc   Section        0  stm32f10x_flash.o(i.FLASH_ProgramWord)
    i.FLASH_UnlockBank1                      0x08001448   Section        0  stm32f10x_flash.o(i.FLASH_UnlockBank1)
    i.FLASH_WaitForLastOperation             0x08001460   Section        0  stm32f10x_flash.o(i.FLASH_WaitForLastOperation)
    i.GPIO_EXTILineConfig                    0x08001488   Section        0  stm32f10x_gpio.o(i.GPIO_EXTILineConfig)
    i.GPIO_Init                              0x080014c8   Section        0  stm32f10x_gpio.o(i.GPIO_Init)
    i.GPIO_PinRemapConfig                    0x080015e0   Section        0  stm32f10x_gpio.o(i.GPIO_PinRemapConfig)
    i.GPIO_ReadInputDataBit                  0x08001670   Section        0  stm32f10x_gpio.o(i.GPIO_ReadInputDataBit)
    i.GPIO_ResetBits                         0x08001682   Section        0  stm32f10x_gpio.o(i.GPIO_ResetBits)
    i.GPIO_SetBits                           0x08001686   Section        0  stm32f10x_gpio.o(i.GPIO_SetBits)
    i.GoodStructInit                         0x0800168a   Section        0  remote-comm.o(i.GoodStructInit)
    i.GoodsStructClean                       0x080016a0   Section        0  remote-comm.o(i.GoodsStructClean)
    i.IRCheckFunc                            0x080016ec   Section        0  ir_exti.o(i.IRCheckFunc)
    i.IWDG_Enable                            0x08001724   Section        0  stm32f10x_iwdg.o(i.IWDG_Enable)
    i.IWDG_ReloadCounter                     0x08001734   Section        0  stm32f10x_iwdg.o(i.IWDG_ReloadCounter)
    i.IWDG_SetPrescaler                      0x08001744   Section        0  stm32f10x_iwdg.o(i.IWDG_SetPrescaler)
    i.IWDG_SetReload                         0x08001750   Section        0  stm32f10x_iwdg.o(i.IWDG_SetReload)
    i.IWDG_WriteAccessCmd                    0x0800175c   Section        0  stm32f10x_iwdg.o(i.IWDG_WriteAccessCmd)
    i.NVIC_Init                              0x08001768   Section        0  misc.o(i.NVIC_Init)
    i.NVIC_PriorityGroupConfig               0x080017d8   Section        0  misc.o(i.NVIC_PriorityGroupConfig)
    i.RCC_APB1PeriphClockCmd                 0x080017ec   Section        0  stm32f10x_rcc.o(i.RCC_APB1PeriphClockCmd)
    i.RCC_APB1PeriphResetCmd                 0x0800180c   Section        0  stm32f10x_rcc.o(i.RCC_APB1PeriphResetCmd)
    i.RCC_APB2PeriphClockCmd                 0x0800182c   Section        0  stm32f10x_rcc.o(i.RCC_APB2PeriphClockCmd)
    i.RCC_APB2PeriphResetCmd                 0x0800184c   Section        0  stm32f10x_rcc.o(i.RCC_APB2PeriphResetCmd)
    i.RCC_GetClocksFreq                      0x0800186c   Section        0  stm32f10x_rcc.o(i.RCC_GetClocksFreq)
    i.RCC_GetFlagStatus                      0x08001940   Section        0  stm32f10x_rcc.o(i.RCC_GetFlagStatus)
    i.RCC_LSICmd                             0x0800197c   Section        0  stm32f10x_rcc.o(i.RCC_LSICmd)
    i.RetIRCheckFunc                         0x08001988   Section        0  ir_exti.o(i.RetIRCheckFunc)
    i.RunCar1                                0x08001994   Section        0  remote-comm.o(i.RunCar1)
    i.SetSysClock                            0x08001c40   Section        0  system_stm32f10x.o(i.SetSysClock)
    SetSysClock                              0x08001c41   Thumb Code     8  system_stm32f10x.o(i.SetSysClock)
    i.SetSysClockTo72                        0x08001c48   Section        0  system_stm32f10x.o(i.SetSysClockTo72)
    SetSysClockTo72                          0x08001c49   Thumb Code   214  system_stm32f10x.o(i.SetSysClockTo72)
    i.SlaveDeviceStatus                      0x08001d28   Section        0  remote-comm.o(i.SlaveDeviceStatus)
    i.Start                                  0x08001dd8   Section        0  remote-comm.o(i.Start)
    i.Stop                                   0x08001e2c   Section        0  remote-comm.o(i.Stop)
    i.SysTick_Handler                        0x08001e7c   Section        0  utils_1.o(i.SysTick_Handler)
    i.SystemInit                             0x08001e8c   Section        0  system_stm32f10x.o(i.SystemInit)
    i.UART4_IRQHandler                       0x08001eec   Section        0  uart4_1.o(i.UART4_IRQHandler)
    i.USART1_IRQHandler                      0x08001f30   Section        0  uart1_1.o(i.USART1_IRQHandler)
    i.USART2_IRQHandler                      0x08001f74   Section        0  uart2_1.o(i.USART2_IRQHandler)
    i.USART3_IRQHandler                      0x08001fb8   Section        0  uart3_1.o(i.USART3_IRQHandler)
    i.USART_Cmd                              0x08001ffc   Section        0  stm32f10x_usart.o(i.USART_Cmd)
    i.USART_DeInit                           0x08002014   Section        0  stm32f10x_usart.o(i.USART_DeInit)
    i.USART_GetFlagStatus                    0x080020b0   Section        0  stm32f10x_usart.o(i.USART_GetFlagStatus)
    i.USART_GetITStatus                      0x080020ca   Section        0  stm32f10x_usart.o(i.USART_GetITStatus)
    i.USART_ITConfig                         0x0800211e   Section        0  stm32f10x_usart.o(i.USART_ITConfig)
    i.USART_Init                             0x08002168   Section        0  stm32f10x_usart.o(i.USART_Init)
    i.USART_ReceiveData                      0x08002240   Section        0  stm32f10x_usart.o(i.USART_ReceiveData)
    i.USART_SendData                         0x0800224a   Section        0  stm32f10x_usart.o(i.USART_SendData)
    i.USB_LP_CAN1_RX0_IRQHandler             0x08002254   Section        0  device_can.o(i.USB_LP_CAN1_RX0_IRQHandler)
    i.WriteFlashOneWord                      0x080022e0   Section        0  flash_1.o(i.WriteFlashOneWord)
    i.check_car_and_servo                    0x08002364   Section        0  remote-comm.o(i.check_car_and_servo)
    i.crc_modbus                             0x08002b10   Section        0  crc16_mobus_1.o(i.crc_modbus)
    i.device_init                            0x08002b50   Section        0  app.o(i.device_init)
    i.flash_Car1DirAndRunTime_data_get       0x08002b70   Section        0  flash_1.o(i.flash_Car1DirAndRunTime_data_get)
    i.flash_IRCheck_DelayTime_data_get       0x08002b94   Section        0  flash_1.o(i.flash_IRCheck_DelayTime_data_get)
    i.flash_SleepTime_data_get               0x08002bb8   Section        0  flash_1.o(i.flash_SleepTime_data_get)
    i.flash_Win_DelayTime_data_get           0x08002bdc   Section        0  flash_1.o(i.flash_Win_DelayTime_data_get)
    i.flash_device_id_data_get               0x08002c00   Section        0  flash_1.o(i.flash_device_id_data_get)
    i.flash_device_maxid_data_get            0x08002c20   Section        0  flash_1.o(i.flash_device_maxid_data_get)
    i.flash_device_timeOut_data_get          0x08002c44   Section        0  flash_1.o(i.flash_device_timeOut_data_get)
    i.flash_firstPostionTimeOut_data_get     0x08002c64   Section        0  flash_1.o(i.flash_firstPostionTimeOut_data_get)
    i.flash_init                             0x08002c84   Section        0  flash_1.o(i.flash_init)
    i.flash_powerup_on_off_data_get          0x08002cc0   Section        0  flash_1.o(i.flash_powerup_on_off_data_get)
    i.flash_read                             0x08002ce4   Section        0  flash_1.o(i.flash_read)
    i.flash_rs485_tick_data_get              0x08002df0   Section        0  flash_1.o(i.flash_rs485_tick_data_get)
    i.flash_servo_motor_adtime_data_get      0x08002e10   Section        0  flash_1.o(i.flash_servo_motor_adtime_data_get)
    i.flash_servo_motor_position_data_get    0x08002e34   Section        0  flash_1.o(i.flash_servo_motor_position_data_get)
    i.flash_servo_motor_speed_data_get       0x08002e5c   Section        0  flash_1.o(i.flash_servo_motor_speed_data_get)
    i.flash_speed_data_get                   0x08002e80   Section        0  flash_1.o(i.flash_speed_data_get)
    i.get_system_tick                        0x08002ea4   Section        0  utils_1.o(i.get_system_tick)
    i.get_uart1_buf                          0x08002eb0   Section        0  uart1_1.o(i.get_uart1_buf)
    i.get_uart1_length                       0x08002eb8   Section        0  uart1_1.o(i.get_uart1_length)
    i.get_uart2_buf                          0x08002ed4   Section        0  uart2_1.o(i.get_uart2_buf)
    i.id_run_ctrl                            0x08002edc   Section        0  crc16_mobus_1.o(i.id_run_ctrl)
    i.id_set_mobus_crc                       0x08002efe   Section        0  crc16_mobus_1.o(i.id_set_mobus_crc)
    i.init                                   0x08002f34   Section        0  app.o(i.init)
    i.initServoLiChuang                      0x080030cc   Section        0  remote-comm.o(i.initServoLiChuang)
    i.ir_init                                0x0800360c   Section        0  app.o(i.ir_init)
    i.main                                   0x08003630   Section        0  app.o(i.main)
    i.pb3_ctrl                               0x08003704   Section        0  remote-comm.o(i.pb3_ctrl)
    i.pb3_init                               0x08003728   Section        0  app.o(i.pb3_init)
    i.reset                                  0x0800375c   Section        0  utils_1.o(i.reset)
    i.retTickDiff                            0x080037a4   Section        0  utils_1.o(i.retTickDiff)
    i.rs3485_pb14_init                       0x080037b0   Section        0  uart4_1.o(i.rs3485_pb14_init)
    i.rs3485_pb15_init                       0x080037f4   Section        0  uart2_1.o(i.rs3485_pb15_init)
    i.send_servor_motor_data                 0x08003838   Section        0  crc16_mobus_1.o(i.send_servor_motor_data)
    i.send_servor_motor_pos                  0x0800385e   Section        0  crc16_mobus_1.o(i.send_servor_motor_pos)
    i.servo_motor_rs485_init                 0x0800388c   Section        0  remote-comm.o(i.servo_motor_rs485_init)
    i.set_addr_mobus_crc                     0x08003af4   Section        0  crc16_mobus_1.o(i.set_addr_mobus_crc)
    i.set_mobus_crc                          0x08003b26   Section        0  crc16_mobus_1.o(i.set_mobus_crc)
    i.treadmill_init                         0x08003b4c   Section        0  remote-comm.o(i.treadmill_init)
    i.uart1RecvFinish                        0x08003d00   Section        0  uart1_1.o(i.uart1RecvFinish)
    i.uart1_clear                            0x08003da0   Section        0  uart1_1.o(i.uart1_clear)
    i.uart1_init                             0x08003dc4   Section        0  uart1_1.o(i.uart1_init)
    i.uart1_process                          0x08003e6c   Section        0  remote-comm.o(i.uart1_process)
    i.uart1_sendstr                          0x08004b58   Section        0  uart1_1.o(i.uart1_sendstr)
    i.uart2_clear                            0x08004b90   Section        0  uart2_1.o(i.uart2_clear)
    i.uart2_init                             0x08004bb4   Section        0  uart2_1.o(i.uart2_init)
    i.uart2_sendstr                          0x08004c64   Section        0  uart2_1.o(i.uart2_sendstr)
    i.uart4_clear                            0x08004cc4   Section        0  uart4_1.o(i.uart4_clear)
    i.uart4_init                             0x08004ce8   Section        0  uart4_1.o(i.uart4_init)
    i.uart4_sendstr                          0x08004d9c   Section        0  uart4_1.o(i.uart4_sendstr)
    i.uart_485_delay                         0x08004df8   Section        0  uart4_1.o(i.uart_485_delay)
    locale$$code                             0x08004e04   Section       44  lc_ctype_c.o(locale$$code)
    .constdata                               0x08004e30   Section        8  remote-comm.o(.constdata)
    .constdata                               0x08004e38   Section      512  crc16_mobus_1.o(.constdata)
    crc_tab16                                0x08004e38   Data         512  crc16_mobus_1.o(.constdata)
    .conststring                             0x08005038   Section      124  flash_1.o(.conststring)
    locale$$data                             0x080050d4   Section      272  lc_ctype_c.o(locale$$data)
    __lcctype_c_name                         0x080050d8   Data           2  lc_ctype_c.o(locale$$data)
    __lcctype_c_start                        0x080050e0   Data           0  lc_ctype_c.o(locale$$data)
    __lcctype_c_end                          0x080051e4   Data           0  lc_ctype_c.o(locale$$data)
    .data                                    0x20000000   Section       84  remote-comm.o(.data)
    goodsNumber                              0x20000014   Data           4  remote-comm.o(.data)
    DeviceStartOrStop                        0x20000018   Data           4  remote-comm.o(.data)
    tick                                     0x2000001c   Data           4  remote-comm.o(.data)
    firstPower                               0x20000020   Data           4  remote-comm.o(.data)
    state                                    0x20000024   Data           4  remote-comm.o(.data)
    CheckNumber                              0x20000028   Data           4  remote-comm.o(.data)
    tick                                     0x2000002c   Data           4  remote-comm.o(.data)
    Car1Dir                                  0x20000030   Data           4  remote-comm.o(.data)
    Car1RunTime                              0x20000034   Data           4  remote-comm.o(.data)
    state                                    0x20000038   Data           4  remote-comm.o(.data)
    DelayTick                                0x2000003c   Data           4  remote-comm.o(.data)
    id                                       0x20000040   Data           4  remote-comm.o(.data)
    abnormal                                 0x20000044   Data           4  remote-comm.o(.data)
    i                                        0x20000048   Data           4  remote-comm.o(.data)
    CanSendMsg                               0x2000004c   Data           8  remote-comm.o(.data)
    .data                                    0x20000054   Section        4  device_can.o(.data)
    .data                                    0x20000058   Section       24  uart1_1.o(.data)
    state                                    0x20000064   Data           4  uart1_1.o(.data)
    tick                                     0x20000068   Data           4  uart1_1.o(.data)
    recvLenTmp                               0x2000006c   Data           4  uart1_1.o(.data)
    .data                                    0x20000070   Section        8  uart2_1.o(.data)
    .data                                    0x20000078   Section        8  uart3_1.o(.data)
    .data                                    0x20000080   Section        8  uart4_1.o(.data)
    .data                                    0x20000088   Section        1  flash_1.o(.data)
    .data                                    0x2000008c   Section        4  utils_1.o(.data)
    .data                                    0x20000090   Section        4  ir_exti.o(.data)
    IRCheck                                  0x20000090   Data           4  ir_exti.o(.data)
    .data                                    0x20000094   Section       20  stm32f10x_rcc.o(.data)
    APBAHBPrescTable                         0x20000094   Data          16  stm32f10x_rcc.o(.data)
    ADCPrescTable                            0x200000a4   Data           4  stm32f10x_rcc.o(.data)
    .data                                    0x200000a8   Section       20  system_stm32f10x.o(.data)
    .bss                                     0x200000bc   Section     5832  app.o(.bss)
    .bss                                     0x20001784   Section     1240  remote-comm.o(.bss)
    .bss                                     0x20001c5c   Section      200  uart1_1.o(.bss)
    .bss                                     0x20001d24   Section      200  uart2_1.o(.bss)
    .bss                                     0x20001dec   Section      200  uart3_1.o(.bss)
    .bss                                     0x20001eb4   Section      200  uart4_1.o(.bss)
    .bss                                     0x20001f7c   Section     4098  messagequeuing.o(.bss)
    .bss                                     0x20002f80   Section       96  libspace.o(.bss)
    HEAP                                     0x20002fe0   Section      512  startup_stm32f10x_hd.o(HEAP)
    Heap_Mem                                 0x20002fe0   Data         512  startup_stm32f10x_hd.o(HEAP)
    STACK                                    0x200031e0   Section     1024  startup_stm32f10x_hd.o(STACK)
    Stack_Mem                                0x200031e0   Data        1024  startup_stm32f10x_hd.o(STACK)
    __initial_sp                             0x200035e0   Data           0  startup_stm32f10x_hd.o(STACK)

    Global Symbols

    Symbol Name                              Value     Ov Type        Size  Object(Section)

    BuildAttributes$$THM_ISAv4$P$D$K$B$S$PE$A:L22UL41UL21$X:L11$S22US41US21$IEEE1$IW$USESV6$~STKCKD$USESV7$~SHL$OSPACE$ROPI$EBA8$UX$STANDARDLIB$REQ8$PRES8$EABIv2 0x00000000   Number         0  anon$$obj.o ABSOLUTE
    __ARM_use_no_argv                        0x00000000   Number         0  app.o ABSOLUTE
    __ARM_exceptions_init                     - Undefined Weak Reference
    __alloca_initialize                       - Undefined Weak Reference
    __arm_preinit_                            - Undefined Weak Reference
    __cpp_initialize__aeabi_                  - Undefined Weak Reference
    __cxa_finalize                            - Undefined Weak Reference
    __sigvec_lookup                           - Undefined Weak Reference
    _atexit_init                              - Undefined Weak Reference
    _call_atexit_fns                          - Undefined Weak Reference
    _clock_init                               - Undefined Weak Reference
    _fp_trap_init                             - Undefined Weak Reference
    _fp_trap_shutdown                         - Undefined Weak Reference
    _get_lc_collate                           - Undefined Weak Reference
    _get_lc_monetary                          - Undefined Weak Reference
    _get_lc_numeric                           - Undefined Weak Reference
    _get_lc_time                              - Undefined Weak Reference
    _getenv_init                              - Undefined Weak Reference
    _handle_redirection                       - Undefined Weak Reference
    _init_alloc                               - Undefined Weak Reference
    _init_user_alloc                          - Undefined Weak Reference
    _initio                                   - Undefined Weak Reference
    _printf_mbtowc                            - Undefined Weak Reference
    _printf_post_padding                      - Undefined Weak Reference
    _printf_pre_padding                       - Undefined Weak Reference
    _printf_truncate_signed                   - Undefined Weak Reference
    _printf_truncate_unsigned                 - Undefined Weak Reference
    _rand_init                                - Undefined Weak Reference
    _signal_finish                            - Undefined Weak Reference
    _signal_init                              - Undefined Weak Reference
    _terminate_alloc                          - Undefined Weak Reference
    _terminate_user_alloc                     - Undefined Weak Reference
    _terminateio                              - Undefined Weak Reference
    __Vectors_Size                           0x00000130   Number         0  startup_stm32f10x_hd.o ABSOLUTE
    __Vectors                                0x08000000   Data           4  startup_stm32f10x_hd.o(RESET)
    __Vectors_End                            0x08000130   Data           0  startup_stm32f10x_hd.o(RESET)
    __main                                   0x08000131   Thumb Code     8  __main.o(!!!main)
    __scatterload                            0x08000139   Thumb Code     0  __scatter.o(!!!scatter)
    __scatterload_rt2                        0x08000139   Thumb Code    44  __scatter.o(!!!scatter)
    __scatterload_rt2_thumb_only             0x08000139   Thumb Code     0  __scatter.o(!!!scatter)
    __scatterload_null                       0x08000147   Thumb Code     0  __scatter.o(!!!scatter)
    __scatterload_copy                       0x0800016d   Thumb Code    26  __scatter_copy.o(!!handler_copy)
    __scatterload_zeroinit                   0x08000189   Thumb Code    28  __scatter_zi.o(!!handler_zi)
    _printf_d                                0x080001a5   Thumb Code     0  _printf_d.o(.ARM.Collect$$_printf_percent$$00000009)
    _printf_percent                          0x080001a5   Thumb Code     0  _printf_percent.o(.ARM.Collect$$_printf_percent$$00000000)
    _printf_percent_end                      0x080001ab   Thumb Code     0  _printf_percent_end.o(.ARM.Collect$$_printf_percent$$00000017)
    __rt_lib_init                            0x080001af   Thumb Code     0  libinit.o(.ARM.Collect$$libinit$$00000000)
    __rt_lib_init_fp_1                       0x080001b1   Thumb Code     0  libinit2.o(.ARM.Collect$$libinit$$00000002)
    __rt_lib_init_heap_1                     0x080001b1   Thumb Code     0  libinit2.o(.ARM.Collect$$libinit$$0000000A)
    __rt_lib_init_lc_common                  0x080001b1   Thumb Code     0  libinit2.o(.ARM.Collect$$libinit$$0000000F)
    __rt_lib_init_preinit_1                  0x080001b1   Thumb Code     0  libinit2.o(.ARM.Collect$$libinit$$00000004)
    __rt_lib_init_rand_1                     0x080001b1   Thumb Code     0  libinit2.o(.ARM.Collect$$libinit$$0000000E)
    __rt_lib_init_user_alloc_1               0x080001b1   Thumb Code     0  libinit2.o(.ARM.Collect$$libinit$$0000000C)
    __rt_lib_init_lc_collate_1               0x080001b7   Thumb Code     0  libinit2.o(.ARM.Collect$$libinit$$00000011)
    __rt_lib_init_lc_ctype_2                 0x080001b7   Thumb Code     0  libinit2.o(.ARM.Collect$$libinit$$00000012)
    __rt_lib_init_alloca_1                   0x080001c3   Thumb Code     0  libinit2.o(.ARM.Collect$$libinit$$0000002E)
    __rt_lib_init_argv_1                     0x080001c3   Thumb Code     0  libinit2.o(.ARM.Collect$$libinit$$0000002C)
    __rt_lib_init_atexit_1                   0x080001c3   Thumb Code     0  libinit2.o(.ARM.Collect$$libinit$$0000001B)
    __rt_lib_init_clock_1                    0x080001c3   Thumb Code     0  libinit2.o(.ARM.Collect$$libinit$$00000021)
    __rt_lib_init_cpp_1                      0x080001c3   Thumb Code     0  libinit2.o(.ARM.Collect$$libinit$$00000032)
    __rt_lib_init_exceptions_1               0x080001c3   Thumb Code     0  libinit2.o(.ARM.Collect$$libinit$$00000030)
    __rt_lib_init_fp_trap_1                  0x080001c3   Thumb Code     0  libinit2.o(.ARM.Collect$$libinit$$0000001F)
    __rt_lib_init_getenv_1                   0x080001c3   Thumb Code     0  libinit2.o(.ARM.Collect$$libinit$$00000023)
    __rt_lib_init_lc_ctype_1                 0x080001c3   Thumb Code     0  libinit2.o(.ARM.Collect$$libinit$$00000013)
    __rt_lib_init_lc_monetary_1              0x080001c3   Thumb Code     0  libinit2.o(.ARM.Collect$$libinit$$00000015)
    __rt_lib_init_lc_numeric_1               0x080001c3   Thumb Code     0  libinit2.o(.ARM.Collect$$libinit$$00000017)
    __rt_lib_init_lc_time_1                  0x080001c3   Thumb Code     0  libinit2.o(.ARM.Collect$$libinit$$00000019)
    __rt_lib_init_return                     0x080001c3   Thumb Code     0  libinit2.o(.ARM.Collect$$libinit$$00000033)
    __rt_lib_init_signal_1                   0x080001c3   Thumb Code     0  libinit2.o(.ARM.Collect$$libinit$$0000001D)
    __rt_lib_init_stdio_1                    0x080001c3   Thumb Code     0  libinit2.o(.ARM.Collect$$libinit$$00000025)
    __rt_lib_shutdown                        0x080001c5   Thumb Code     0  libshutdown.o(.ARM.Collect$$libshutdown$$00000000)
    __rt_lib_shutdown_fp_trap_1              0x080001c7   Thumb Code     0  libshutdown2.o(.ARM.Collect$$libshutdown$$00000006)
    __rt_lib_shutdown_heap_1                 0x080001c7   Thumb Code     0  libshutdown2.o(.ARM.Collect$$libshutdown$$0000000E)
    __rt_lib_shutdown_return                 0x080001c7   Thumb Code     0  libshutdown2.o(.ARM.Collect$$libshutdown$$0000000F)
    __rt_lib_shutdown_signal_1               0x080001c7   Thumb Code     0  libshutdown2.o(.ARM.Collect$$libshutdown$$00000009)
    __rt_lib_shutdown_stdio_1                0x080001c7   Thumb Code     0  libshutdown2.o(.ARM.Collect$$libshutdown$$00000003)
    __rt_lib_shutdown_user_alloc_1           0x080001c7   Thumb Code     0  libshutdown2.o(.ARM.Collect$$libshutdown$$0000000B)
    __rt_entry                               0x080001c9   Thumb Code     0  __rtentry.o(.ARM.Collect$$rtentry$$00000000)
    __rt_entry_presh_1                       0x080001c9   Thumb Code     0  __rtentry2.o(.ARM.Collect$$rtentry$$00000002)
    __rt_entry_sh                            0x080001c9   Thumb Code     0  __rtentry4.o(.ARM.Collect$$rtentry$$00000004)
    __rt_entry_li                            0x080001cf   Thumb Code     0  __rtentry2.o(.ARM.Collect$$rtentry$$0000000A)
    __rt_entry_postsh_1                      0x080001cf   Thumb Code     0  __rtentry2.o(.ARM.Collect$$rtentry$$00000009)
    __rt_entry_main                          0x080001d3   Thumb Code     0  __rtentry2.o(.ARM.Collect$$rtentry$$0000000D)
    __rt_entry_postli_1                      0x080001d3   Thumb Code     0  __rtentry2.o(.ARM.Collect$$rtentry$$0000000C)
    __rt_exit                                0x080001db   Thumb Code     0  rtexit.o(.ARM.Collect$$rtexit$$00000000)
    __rt_exit_ls                             0x080001dd   Thumb Code     0  rtexit2.o(.ARM.Collect$$rtexit$$00000003)
    __rt_exit_prels_1                        0x080001dd   Thumb Code     0  rtexit2.o(.ARM.Collect$$rtexit$$00000002)
    __rt_exit_exit                           0x080001e1   Thumb Code     0  rtexit2.o(.ARM.Collect$$rtexit$$00000004)
    Reset_Handler                            0x080001e9   Thumb Code     8  startup_stm32f10x_hd.o(.text)
    NMI_Handler                              0x080001f1   Thumb Code     2  startup_stm32f10x_hd.o(.text)
    HardFault_Handler                        0x080001f3   Thumb Code     2  startup_stm32f10x_hd.o(.text)
    MemManage_Handler                        0x080001f5   Thumb Code     2  startup_stm32f10x_hd.o(.text)
    BusFault_Handler                         0x080001f7   Thumb Code     2  startup_stm32f10x_hd.o(.text)
    UsageFault_Handler                       0x080001f9   Thumb Code     2  startup_stm32f10x_hd.o(.text)
    SVC_Handler                              0x080001fb   Thumb Code     2  startup_stm32f10x_hd.o(.text)
    DebugMon_Handler                         0x080001fd   Thumb Code     2  startup_stm32f10x_hd.o(.text)
    PendSV_Handler                           0x080001ff   Thumb Code     2  startup_stm32f10x_hd.o(.text)
    ADC1_2_IRQHandler                        0x08000203   Thumb Code     0  startup_stm32f10x_hd.o(.text)
    ADC3_IRQHandler                          0x08000203   Thumb Code     0  startup_stm32f10x_hd.o(.text)
    CAN1_RX1_IRQHandler                      0x08000203   Thumb Code     0  startup_stm32f10x_hd.o(.text)
    CAN1_SCE_IRQHandler                      0x08000203   Thumb Code     0  startup_stm32f10x_hd.o(.text)
    DMA1_Channel1_IRQHandler                 0x08000203   Thumb Code     0  startup_stm32f10x_hd.o(.text)
    DMA1_Channel2_IRQHandler                 0x08000203   Thumb Code     0  startup_stm32f10x_hd.o(.text)
    DMA1_Channel3_IRQHandler                 0x08000203   Thumb Code     0  startup_stm32f10x_hd.o(.text)
    DMA1_Channel4_IRQHandler                 0x08000203   Thumb Code     0  startup_stm32f10x_hd.o(.text)
    DMA1_Channel5_IRQHandler                 0x08000203   Thumb Code     0  startup_stm32f10x_hd.o(.text)
    DMA1_Channel6_IRQHandler                 0x08000203   Thumb Code     0  startup_stm32f10x_hd.o(.text)
    DMA1_Channel7_IRQHandler                 0x08000203   Thumb Code     0  startup_stm32f10x_hd.o(.text)
    DMA2_Channel1_IRQHandler                 0x08000203   Thumb Code     0  startup_stm32f10x_hd.o(.text)
    DMA2_Channel2_IRQHandler                 0x08000203   Thumb Code     0  startup_stm32f10x_hd.o(.text)
    DMA2_Channel3_IRQHandler                 0x08000203   Thumb Code     0  startup_stm32f10x_hd.o(.text)
    DMA2_Channel4_5_IRQHandler               0x08000203   Thumb Code     0  startup_stm32f10x_hd.o(.text)
    EXTI0_IRQHandler                         0x08000203   Thumb Code     0  startup_stm32f10x_hd.o(.text)
    EXTI15_10_IRQHandler                     0x08000203   Thumb Code     0  startup_stm32f10x_hd.o(.text)
    EXTI1_IRQHandler                         0x08000203   Thumb Code     0  startup_stm32f10x_hd.o(.text)
    EXTI2_IRQHandler                         0x08000203   Thumb Code     0  startup_stm32f10x_hd.o(.text)
    EXTI3_IRQHandler                         0x08000203   Thumb Code     0  startup_stm32f10x_hd.o(.text)
    FLASH_IRQHandler                         0x08000203   Thumb Code     0  startup_stm32f10x_hd.o(.text)
    FSMC_IRQHandler                          0x08000203   Thumb Code     0  startup_stm32f10x_hd.o(.text)
    I2C1_ER_IRQHandler                       0x08000203   Thumb Code     0  startup_stm32f10x_hd.o(.text)
    I2C1_EV_IRQHandler                       0x08000203   Thumb Code     0  startup_stm32f10x_hd.o(.text)
    I2C2_ER_IRQHandler                       0x08000203   Thumb Code     0  startup_stm32f10x_hd.o(.text)
    I2C2_EV_IRQHandler                       0x08000203   Thumb Code     0  startup_stm32f10x_hd.o(.text)
    PVD_IRQHandler                           0x08000203   Thumb Code     0  startup_stm32f10x_hd.o(.text)
    RCC_IRQHandler                           0x08000203   Thumb Code     0  startup_stm32f10x_hd.o(.text)
    RTCAlarm_IRQHandler                      0x08000203   Thumb Code     0  startup_stm32f10x_hd.o(.text)
    RTC_IRQHandler                           0x08000203   Thumb Code     0  startup_stm32f10x_hd.o(.text)
    SDIO_IRQHandler                          0x08000203   Thumb Code     0  startup_stm32f10x_hd.o(.text)
    SPI1_IRQHandler                          0x08000203   Thumb Code     0  startup_stm32f10x_hd.o(.text)
    SPI2_IRQHandler                          0x08000203   Thumb Code     0  startup_stm32f10x_hd.o(.text)
    SPI3_IRQHandler                          0x08000203   Thumb Code     0  startup_stm32f10x_hd.o(.text)
    TAMPER_IRQHandler                        0x08000203   Thumb Code     0  startup_stm32f10x_hd.o(.text)
    TIM1_BRK_IRQHandler                      0x08000203   Thumb Code     0  startup_stm32f10x_hd.o(.text)
    TIM1_CC_IRQHandler                       0x08000203   Thumb Code     0  startup_stm32f10x_hd.o(.text)
    TIM1_TRG_COM_IRQHandler                  0x08000203   Thumb Code     0  startup_stm32f10x_hd.o(.text)
    TIM1_UP_IRQHandler                       0x08000203   Thumb Code     0  startup_stm32f10x_hd.o(.text)
    TIM2_IRQHandler                          0x08000203   Thumb Code     0  startup_stm32f10x_hd.o(.text)
    TIM3_IRQHandler                          0x08000203   Thumb Code     0  startup_stm32f10x_hd.o(.text)
    TIM4_IRQHandler                          0x08000203   Thumb Code     0  startup_stm32f10x_hd.o(.text)
    TIM5_IRQHandler                          0x08000203   Thumb Code     0  startup_stm32f10x_hd.o(.text)
    TIM6_IRQHandler                          0x08000203   Thumb Code     0  startup_stm32f10x_hd.o(.text)
    TIM7_IRQHandler                          0x08000203   Thumb Code     0  startup_stm32f10x_hd.o(.text)
    TIM8_BRK_IRQHandler                      0x08000203   Thumb Code     0  startup_stm32f10x_hd.o(.text)
    TIM8_CC_IRQHandler                       0x08000203   Thumb Code     0  startup_stm32f10x_hd.o(.text)
    TIM8_TRG_COM_IRQHandler                  0x08000203   Thumb Code     0  startup_stm32f10x_hd.o(.text)
    TIM8_UP_IRQHandler                       0x08000203   Thumb Code     0  startup_stm32f10x_hd.o(.text)
    UART5_IRQHandler                         0x08000203   Thumb Code     0  startup_stm32f10x_hd.o(.text)
    USBWakeUp_IRQHandler                     0x08000203   Thumb Code     0  startup_stm32f10x_hd.o(.text)
    USB_HP_CAN1_TX_IRQHandler                0x08000203   Thumb Code     0  startup_stm32f10x_hd.o(.text)
    WWDG_IRQHandler                          0x08000203   Thumb Code     0  startup_stm32f10x_hd.o(.text)
    __user_initial_stackheap                 0x08000205   Thumb Code     0  startup_stm32f10x_hd.o(.text)
    __2sprintf                               0x08000229   Thumb Code    34  noretval__2sprintf.o(.text)
    __printf                                 0x08000251   Thumb Code   104  __printf.o(.text)
    _printf_int_dec                          0x080002b9   Thumb Code   104  _printf_dec.o(.text)
    strtol                                   0x08000331   Thumb Code   112  strtol.o(.text)
    memcmp                                   0x080003a1   Thumb Code    88  memcmp.o(.text)
    strlen                                   0x080003f9   Thumb Code    62  strlen.o(.text)
    __aeabi_memcpy4                          0x08000437   Thumb Code     0  rt_memcpy_w.o(.text)
    __aeabi_memcpy8                          0x08000437   Thumb Code     0  rt_memcpy_w.o(.text)
    __rt_memcpy_w                            0x08000437   Thumb Code   100  rt_memcpy_w.o(.text)
    _memcpy_lastbytes_aligned                0x0800047f   Thumb Code     0  rt_memcpy_w.o(.text)
    __aeabi_memclr                           0x0800049b   Thumb Code     0  rt_memclr.o(.text)
    __rt_memclr                              0x0800049b   Thumb Code    68  rt_memclr.o(.text)
    _memset                                  0x0800049f   Thumb Code     0  rt_memclr.o(.text)
    __aeabi_memclr4                          0x080004df   Thumb Code     0  rt_memclr_w.o(.text)
    __aeabi_memclr8                          0x080004df   Thumb Code     0  rt_memclr_w.o(.text)
    __rt_memclr_w                            0x080004df   Thumb Code    78  rt_memclr_w.o(.text)
    _memset_w                                0x080004e3   Thumb Code     0  rt_memclr_w.o(.text)
    __use_two_region_memory                  0x0800052d   Thumb Code     2  heapauxi.o(.text)
    __rt_heap_escrow$2region                 0x0800052f   Thumb Code     2  heapauxi.o(.text)
    __rt_heap_expand$2region                 0x08000531   Thumb Code     2  heapauxi.o(.text)
    __rt_ctype_table                         0x08000535   Thumb Code    16  rt_ctype_table.o(.text)
    __aeabi_errno_addr                       0x08000545   Thumb Code     8  rt_errno_addr_intlibspace.o(.text)
    __errno$intlibspace                      0x08000545   Thumb Code     0  rt_errno_addr_intlibspace.o(.text)
    __rt_errno_addr$intlibspace              0x08000545   Thumb Code     0  rt_errno_addr_intlibspace.o(.text)
    _printf_int_common                       0x0800054d   Thumb Code   178  _printf_intcommon.o(.text)
    _printf_char_common                      0x0800060b   Thumb Code    32  _printf_char_common.o(.text)
    _sputc                                   0x08000631   Thumb Code    10  _sputc.o(.text)
    _strtoul                                 0x0800063b   Thumb Code   158  _strtoul.o(.text)
    __user_libspace                          0x080006d9   Thumb Code     8  libspace.o(.text)
    __user_perproc_libspace                  0x080006d9   Thumb Code     0  libspace.o(.text)
    __user_perthread_libspace                0x080006d9   Thumb Code     0  libspace.o(.text)
    __rt_locale                              0x080006e1   Thumb Code     8  rt_locale_intlibspace.o(.text)
    _chval                                   0x080006e9   Thumb Code    28  _chval.o(.text)
    __user_setup_stackheap                   0x08000705   Thumb Code    74  sys_stackheap_outer.o(.text)
    exit                                     0x0800074f   Thumb Code    12  exit.o(.text)
    strcmp                                   0x0800075d   Thumb Code   128  strcmpv7m.o(.text)
    _sys_exit                                0x080007dd   Thumb Code     8  sys_exit.o(.text)
    __I$use$semihosting                      0x080007e9   Thumb Code     0  use_no_semi.o(.text)
    __use_no_semihosting_swi                 0x080007e9   Thumb Code     2  use_no_semi.o(.text)
    __semihosting_library_function           0x080007eb   Thumb Code     0  indicate_semi.o(.text)
    Adv_Data_Clear                           0x080007ed   Thumb Code    10  messagequeuing.o(i.Adv_Data_Clear)
    Adv_Data_Fill                            0x080007fd   Thumb Code    92  messagequeuing.o(i.Adv_Data_Fill)
    Adv_Data_Get                             0x0800085d   Thumb Code   128  messagequeuing.o(i.Adv_Data_Get)
    Adv_Data_GetLength                       0x080008e1   Thumb Code    68  messagequeuing.o(i.Adv_Data_GetLength)
    CAN_FilterInit                           0x08000929   Thumb Code   258  stm32f10x_can.o(i.CAN_FilterInit)
    CAN_ITConfig                             0x08000a31   Thumb Code    18  stm32f10x_can.o(i.CAN_ITConfig)
    CAN_Init                                 0x08000a43   Thumb Code   276  stm32f10x_can.o(i.CAN_Init)
    CAN_Mode_Init                            0x08000b59   Thumb Code   710  device_can.o(i.CAN_Mode_Init)
    CAN_Receive                              0x08000e29   Thumb Code   240  stm32f10x_can.o(i.CAN_Receive)
    CAN_Transmit                             0x08000f19   Thumb Code   294  stm32f10x_can.o(i.CAN_Transmit)
    CAN_TransmitStatus                       0x08001041   Thumb Code   138  stm32f10x_can.o(i.CAN_TransmitStatus)
    Can_Send_Msg                             0x080010e1   Thumb Code   112  device_can.o(i.Can_Send_Msg)
    ClearIRCheck                             0x08001155   Thumb Code     8  ir_exti.o(i.ClearIRCheck)
    EXTI4_IRQHandler                         0x08001161   Thumb Code    36  ir_exti.o(i.EXTI4_IRQHandler)
    EXTI9_5_IRQHandler                       0x0800118d   Thumb Code    84  ir_exti.o(i.EXTI9_5_IRQHandler)
    EXTIX_Init                               0x080011e9   Thumb Code   140  ir_exti.o(i.EXTIX_Init)
    EXTI_ClearITPendingBit                   0x08001275   Thumb Code     6  stm32f10x_exti.o(i.EXTI_ClearITPendingBit)
    EXTI_GetITStatus                         0x08001281   Thumb Code    34  stm32f10x_exti.o(i.EXTI_GetITStatus)
    EXTI_Init                                0x080012a9   Thumb Code   142  stm32f10x_exti.o(i.EXTI_Init)
    FLASH_ClearFlag                          0x0800133d   Thumb Code     6  stm32f10x_flash.o(i.FLASH_ClearFlag)
    FLASH_ErasePage                          0x08001349   Thumb Code    72  stm32f10x_flash.o(i.FLASH_ErasePage)
    FLASH_GetBank1Status                     0x08001395   Thumb Code    48  stm32f10x_flash.o(i.FLASH_GetBank1Status)
    FLASH_LockBank1                          0x080013c9   Thumb Code    14  stm32f10x_flash.o(i.FLASH_LockBank1)
    FLASH_ProgramWord                        0x080013dd   Thumb Code   102  stm32f10x_flash.o(i.FLASH_ProgramWord)
    FLASH_UnlockBank1                        0x08001449   Thumb Code    12  stm32f10x_flash.o(i.FLASH_UnlockBank1)
    FLASH_WaitForLastOperation               0x08001461   Thumb Code    38  stm32f10x_flash.o(i.FLASH_WaitForLastOperation)
    GPIO_EXTILineConfig                      0x08001489   Thumb Code    60  stm32f10x_gpio.o(i.GPIO_EXTILineConfig)
    GPIO_Init                                0x080014c9   Thumb Code   278  stm32f10x_gpio.o(i.GPIO_Init)
    GPIO_PinRemapConfig                      0x080015e1   Thumb Code   138  stm32f10x_gpio.o(i.GPIO_PinRemapConfig)
    GPIO_ReadInputDataBit                    0x08001671   Thumb Code    18  stm32f10x_gpio.o(i.GPIO_ReadInputDataBit)
    GPIO_ResetBits                           0x08001683   Thumb Code     4  stm32f10x_gpio.o(i.GPIO_ResetBits)
    GPIO_SetBits                             0x08001687   Thumb Code     4  stm32f10x_gpio.o(i.GPIO_SetBits)
    GoodStructInit                           0x0800168b   Thumb Code    22  remote-comm.o(i.GoodStructInit)
    GoodsStructClean                         0x080016a1   Thumb Code    72  remote-comm.o(i.GoodsStructClean)
    IRCheckFunc                              0x080016ed   Thumb Code    46  ir_exti.o(i.IRCheckFunc)
    IWDG_Enable                              0x08001725   Thumb Code    10  stm32f10x_iwdg.o(i.IWDG_Enable)
    IWDG_ReloadCounter                       0x08001735   Thumb Code    10  stm32f10x_iwdg.o(i.IWDG_ReloadCounter)
    IWDG_SetPrescaler                        0x08001745   Thumb Code     6  stm32f10x_iwdg.o(i.IWDG_SetPrescaler)
    IWDG_SetReload                           0x08001751   Thumb Code     6  stm32f10x_iwdg.o(i.IWDG_SetReload)
    IWDG_WriteAccessCmd                      0x0800175d   Thumb Code     6  stm32f10x_iwdg.o(i.IWDG_WriteAccessCmd)
    NVIC_Init                                0x08001769   Thumb Code   100  misc.o(i.NVIC_Init)
    NVIC_PriorityGroupConfig                 0x080017d9   Thumb Code    10  misc.o(i.NVIC_PriorityGroupConfig)
    RCC_APB1PeriphClockCmd                   0x080017ed   Thumb Code    26  stm32f10x_rcc.o(i.RCC_APB1PeriphClockCmd)
    RCC_APB1PeriphResetCmd                   0x0800180d   Thumb Code    26  stm32f10x_rcc.o(i.RCC_APB1PeriphResetCmd)
    RCC_APB2PeriphClockCmd                   0x0800182d   Thumb Code    26  stm32f10x_rcc.o(i.RCC_APB2PeriphClockCmd)
    RCC_APB2PeriphResetCmd                   0x0800184d   Thumb Code    26  stm32f10x_rcc.o(i.RCC_APB2PeriphResetCmd)
    RCC_GetClocksFreq                        0x0800186d   Thumb Code   192  stm32f10x_rcc.o(i.RCC_GetClocksFreq)
    RCC_GetFlagStatus                        0x08001941   Thumb Code    56  stm32f10x_rcc.o(i.RCC_GetFlagStatus)
    RCC_LSICmd                               0x0800197d   Thumb Code     6  stm32f10x_rcc.o(i.RCC_LSICmd)
    RetIRCheckFunc                           0x08001989   Thumb Code     6  ir_exti.o(i.RetIRCheckFunc)
    RunCar1                                  0x08001995   Thumb Code   650  remote-comm.o(i.RunCar1)
    SlaveDeviceStatus                        0x08001d29   Thumb Code   160  remote-comm.o(i.SlaveDeviceStatus)
    Start                                    0x08001dd9   Thumb Code    76  remote-comm.o(i.Start)
    Stop                                     0x08001e2d   Thumb Code    68  remote-comm.o(i.Stop)
    SysTick_Handler                          0x08001e7d   Thumb Code    12  utils_1.o(i.SysTick_Handler)
    SystemInit                               0x08001e8d   Thumb Code    78  system_stm32f10x.o(i.SystemInit)
    UART4_IRQHandler                         0x08001eed   Thumb Code    54  uart4_1.o(i.UART4_IRQHandler)
    USART1_IRQHandler                        0x08001f31   Thumb Code    54  uart1_1.o(i.USART1_IRQHandler)
    USART2_IRQHandler                        0x08001f75   Thumb Code    54  uart2_1.o(i.USART2_IRQHandler)
    USART3_IRQHandler                        0x08001fb9   Thumb Code    54  uart3_1.o(i.USART3_IRQHandler)
    USART_Cmd                                0x08001ffd   Thumb Code    24  stm32f10x_usart.o(i.USART_Cmd)
    USART_DeInit                             0x08002015   Thumb Code   134  stm32f10x_usart.o(i.USART_DeInit)
    USART_GetFlagStatus                      0x080020b1   Thumb Code    26  stm32f10x_usart.o(i.USART_GetFlagStatus)
    USART_GetITStatus                        0x080020cb   Thumb Code    84  stm32f10x_usart.o(i.USART_GetITStatus)
    USART_ITConfig                           0x0800211f   Thumb Code    74  stm32f10x_usart.o(i.USART_ITConfig)
    USART_Init                               0x08002169   Thumb Code   210  stm32f10x_usart.o(i.USART_Init)
    USART_ReceiveData                        0x08002241   Thumb Code    10  stm32f10x_usart.o(i.USART_ReceiveData)
    USART_SendData                           0x0800224b   Thumb Code     8  stm32f10x_usart.o(i.USART_SendData)
    USB_LP_CAN1_RX0_IRQHandler               0x08002255   Thumb Code   126  device_can.o(i.USB_LP_CAN1_RX0_IRQHandler)
    WriteFlashOneWord                        0x080022e1   Thumb Code   124  flash_1.o(i.WriteFlashOneWord)
    check_car_and_servo                      0x08002365   Thumb Code  1926  remote-comm.o(i.check_car_and_servo)
    crc_modbus                               0x08002b11   Thumb Code    60  crc16_mobus_1.o(i.crc_modbus)
    device_init                              0x08002b51   Thumb Code    28  app.o(i.device_init)
    flash_Car1DirAndRunTime_data_get         0x08002b71   Thumb Code    28  flash_1.o(i.flash_Car1DirAndRunTime_data_get)
    flash_IRCheck_DelayTime_data_get         0x08002b95   Thumb Code    26  flash_1.o(i.flash_IRCheck_DelayTime_data_get)
    flash_SleepTime_data_get                 0x08002bb9   Thumb Code    26  flash_1.o(i.flash_SleepTime_data_get)
    flash_Win_DelayTime_data_get             0x08002bdd   Thumb Code    26  flash_1.o(i.flash_Win_DelayTime_data_get)
    flash_device_id_data_get                 0x08002c01   Thumb Code    22  flash_1.o(i.flash_device_id_data_get)
    flash_device_maxid_data_get              0x08002c21   Thumb Code    26  flash_1.o(i.flash_device_maxid_data_get)
    flash_device_timeOut_data_get            0x08002c45   Thumb Code    24  flash_1.o(i.flash_device_timeOut_data_get)
    flash_firstPostionTimeOut_data_get       0x08002c65   Thumb Code    24  flash_1.o(i.flash_firstPostionTimeOut_data_get)
    flash_init                               0x08002c85   Thumb Code    60  flash_1.o(i.flash_init)
    flash_powerup_on_off_data_get            0x08002cc1   Thumb Code    26  flash_1.o(i.flash_powerup_on_off_data_get)
    flash_read                               0x08002ce5   Thumb Code   186  flash_1.o(i.flash_read)
    flash_rs485_tick_data_get                0x08002df1   Thumb Code    24  flash_1.o(i.flash_rs485_tick_data_get)
    flash_servo_motor_adtime_data_get        0x08002e11   Thumb Code    26  flash_1.o(i.flash_servo_motor_adtime_data_get)
    flash_servo_motor_position_data_get      0x08002e35   Thumb Code    26  flash_1.o(i.flash_servo_motor_position_data_get)
    flash_servo_motor_speed_data_get         0x08002e5d   Thumb Code    28  flash_1.o(i.flash_servo_motor_speed_data_get)
    flash_speed_data_get                     0x08002e81   Thumb Code    28  flash_1.o(i.flash_speed_data_get)
    get_system_tick                          0x08002ea5   Thumb Code     6  utils_1.o(i.get_system_tick)
    get_uart1_buf                            0x08002eb1   Thumb Code     4  uart1_1.o(i.get_uart1_buf)
    get_uart1_length                         0x08002eb9   Thumb Code    18  uart1_1.o(i.get_uart1_length)
    get_uart2_buf                            0x08002ed5   Thumb Code     4  uart2_1.o(i.get_uart2_buf)
    id_run_ctrl                              0x08002edd   Thumb Code    34  crc16_mobus_1.o(i.id_run_ctrl)
    id_set_mobus_crc                         0x08002eff   Thumb Code    54  crc16_mobus_1.o(i.id_set_mobus_crc)
    init                                     0x08002f35   Thumb Code   402  app.o(i.init)
    initServoLiChuang                        0x080030cd   Thumb Code  1340  remote-comm.o(i.initServoLiChuang)
    ir_init                                  0x0800360d   Thumb Code    32  app.o(i.ir_init)
    main                                     0x08003631   Thumb Code   200  app.o(i.main)
    pb3_ctrl                                 0x08003705   Thumb Code    30  remote-comm.o(i.pb3_ctrl)
    pb3_init                                 0x08003729   Thumb Code    46  app.o(i.pb3_init)
    reset                                    0x0800375d   Thumb Code    60  utils_1.o(i.reset)
    retTickDiff                              0x080037a5   Thumb Code    12  utils_1.o(i.retTickDiff)
    rs3485_pb14_init                         0x080037b1   Thumb Code    58  uart4_1.o(i.rs3485_pb14_init)
    rs3485_pb15_init                         0x080037f5   Thumb Code    58  uart2_1.o(i.rs3485_pb15_init)
    send_servor_motor_data                   0x08003839   Thumb Code    38  crc16_mobus_1.o(i.send_servor_motor_data)
    send_servor_motor_pos                    0x0800385f   Thumb Code    46  crc16_mobus_1.o(i.send_servor_motor_pos)
    servo_motor_rs485_init                   0x0800388d   Thumb Code   416  remote-comm.o(i.servo_motor_rs485_init)
    set_addr_mobus_crc                       0x08003af5   Thumb Code    50  crc16_mobus_1.o(i.set_addr_mobus_crc)
    set_mobus_crc                            0x08003b27   Thumb Code    38  crc16_mobus_1.o(i.set_mobus_crc)
    treadmill_init                           0x08003b4d   Thumb Code   306  remote-comm.o(i.treadmill_init)
    uart1RecvFinish                          0x08003d01   Thumb Code   140  uart1_1.o(i.uart1RecvFinish)
    uart1_clear                              0x08003da1   Thumb Code    22  uart1_1.o(i.uart1_clear)
    uart1_init                               0x08003dc5   Thumb Code   158  uart1_1.o(i.uart1_init)
    uart1_process                            0x08003e6d   Thumb Code  3138  remote-comm.o(i.uart1_process)
    uart1_sendstr                            0x08004b59   Thumb Code    50  uart1_1.o(i.uart1_sendstr)
    uart2_clear                              0x08004b91   Thumb Code    22  uart2_1.o(i.uart2_clear)
    uart2_init                               0x08004bb5   Thumb Code   166  uart2_1.o(i.uart2_init)
    uart2_sendstr                            0x08004c65   Thumb Code    84  uart2_1.o(i.uart2_sendstr)
    uart4_clear                              0x08004cc5   Thumb Code    22  uart4_1.o(i.uart4_clear)
    uart4_init                               0x08004ce9   Thumb Code   170  uart4_1.o(i.uart4_init)
    uart4_sendstr                            0x08004d9d   Thumb Code    84  uart4_1.o(i.uart4_sendstr)
    uart_485_delay                           0x08004df9   Thumb Code    12  uart4_1.o(i.uart_485_delay)
    _get_lc_ctype                            0x08004e05   Thumb Code    44  lc_ctype_c.o(locale$$code)
    Region$$Table$$Base                      0x080050b4   Number         0  anon$$obj.o(Region$$Table)
    Region$$Table$$Limit                     0x080050d4   Number         0  anon$$obj.o(Region$$Table)
    __ctype                                  0x080050e1   Data           0  lc_ctype_c.o(locale$$data)
    uart2_485_delay                          0x20000000   Data           2  remote-comm.o(.data)
    VERSION                                  0x20000002   Data          15  remote-comm.o(.data)
    WorkStatus                               0x20000054   Data           4  device_can.o(.data)
    usart1_rx_len                            0x20000058   Data           4  uart1_1.o(.data)
    usart1_at_buffer                         0x2000005c   Data           2  uart1_1.o(.data)
    flag_usart1_rx                           0x20000060   Data           4  uart1_1.o(.data)
    usart2_rx_len                            0x20000070   Data           4  uart2_1.o(.data)
    flag_usart2_rx                           0x20000074   Data           4  uart2_1.o(.data)
    usart3_rx_len                            0x20000078   Data           4  uart3_1.o(.data)
    flag_usart3_rx                           0x2000007c   Data           4  uart3_1.o(.data)
    uart4_rx_len                             0x20000080   Data           4  uart4_1.o(.data)
    flag_uart4_rx                            0x20000084   Data           4  uart4_1.o(.data)
    FLASHStatus                              0x20000088   Data           1  flash_1.o(.data)
    g_system_tick                            0x2000008c   Data           4  utils_1.o(.data)
    SystemCoreClock                          0x200000a8   Data           4  system_stm32f10x.o(.data)
    AHBPrescTable                            0x200000ac   Data          16  system_stm32f10x.o(.data)
    treadmill                                0x200000bc   Data         200  app.o(.bss)
    goods                                    0x20000184   Data        5632  app.o(.bss)
    Slave_Device                             0x20001784   Data         808  remote-comm.o(.bss)
    servo                                    0x20001aac   Data         212  remote-comm.o(.bss)
    CanComm                                  0x20001b80   Data          56  remote-comm.o(.bss)
    can_recv_buf                             0x20001bb8   Data          18  remote-comm.o(.bss)
    can_send_buf                             0x20001bca   Data          18  remote-comm.o(.bss)
    heartbeat                                0x20001bdc   Data         128  remote-comm.o(.bss)
    usart1_rx_buffer                         0x20001c5c   Data         200  uart1_1.o(.bss)
    usart2_rx_buffer                         0x20001d24   Data         200  uart2_1.o(.bss)
    usart3_rx_buffer                         0x20001dec   Data         200  uart3_1.o(.bss)
    uart4_rx_buffer                          0x20001eb4   Data         200  uart4_1.o(.bss)
    stAdvDataList                            0x20001f7c   Data        4098  messagequeuing.o(.bss)
    __libspace_start                         0x20002f80   Data          96  libspace.o(.bss)
    __temporary_stack_top$libspace           0x20002fe0   Data           0  libspace.o(.bss)



==============================================================================

Memory Map of the image

  Image Entry point : 0x08000131

  Load Region LR_IROM1 (Base: 0x08000000, Size: 0x000052a0, Max: 0x00040000, ABSOLUTE)

    Execution Region ER_IROM1 (Base: 0x08000000, Size: 0x000051e4, Max: 0x00040000, ABSOLUTE)

    Base Addr    Size         Type   Attr      Idx    E Section Name        Object

    0x08000000   0x00000130   Data   RO         1996    RESET               startup_stm32f10x_hd.o
    0x08000130   0x00000008   Code   RO         2096  * !!!main             c_w.l(__main.o)
    0x08000138   0x00000034   Code   RO         2284    !!!scatter          c_w.l(__scatter.o)
    0x0800016c   0x0000001a   Code   RO         2286    !!handler_copy      c_w.l(__scatter_copy.o)
    0x08000186   0x00000002   PAD
    0x08000188   0x0000001c   Code   RO         2288    !!handler_zi        c_w.l(__scatter_zi.o)
    0x080001a4   0x00000000   Code   RO         2081    .ARM.Collect$$_printf_percent$$00000000  c_w.l(_printf_percent.o)
    0x080001a4   0x00000006   Code   RO         2080    .ARM.Collect$$_printf_percent$$00000009  c_w.l(_printf_d.o)
    0x080001aa   0x00000004   Code   RO         2114    .ARM.Collect$$_printf_percent$$00000017  c_w.l(_printf_percent_end.o)
    0x080001ae   0x00000002   Code   RO         2158    .ARM.Collect$$libinit$$00000000  c_w.l(libinit.o)
    0x080001b0   0x00000000   Code   RO         2160    .ARM.Collect$$libinit$$00000002  c_w.l(libinit2.o)
    0x080001b0   0x00000000   Code   RO         2162    .ARM.Collect$$libinit$$00000004  c_w.l(libinit2.o)
    0x080001b0   0x00000000   Code   RO         2165    .ARM.Collect$$libinit$$0000000A  c_w.l(libinit2.o)
    0x080001b0   0x00000000   Code   RO         2167    .ARM.Collect$$libinit$$0000000C  c_w.l(libinit2.o)
    0x080001b0   0x00000000   Code   RO         2169    .ARM.Collect$$libinit$$0000000E  c_w.l(libinit2.o)
    0x080001b0   0x00000006   Code   RO         2170    .ARM.Collect$$libinit$$0000000F  c_w.l(libinit2.o)
    0x080001b6   0x00000000   Code   RO         2172    .ARM.Collect$$libinit$$00000011  c_w.l(libinit2.o)
    0x080001b6   0x0000000c   Code   RO         2173    .ARM.Collect$$libinit$$00000012  c_w.l(libinit2.o)
    0x080001c2   0x00000000   Code   RO         2174    .ARM.Collect$$libinit$$00000013  c_w.l(libinit2.o)
    0x080001c2   0x00000000   Code   RO         2176    .ARM.Collect$$libinit$$00000015  c_w.l(libinit2.o)
    0x080001c2   0x00000000   Code   RO         2178    .ARM.Collect$$libinit$$00000017  c_w.l(libinit2.o)
    0x080001c2   0x00000000   Code   RO         2180    .ARM.Collect$$libinit$$00000019  c_w.l(libinit2.o)
    0x080001c2   0x00000000   Code   RO         2182    .ARM.Collect$$libinit$$0000001B  c_w.l(libinit2.o)
    0x080001c2   0x00000000   Code   RO         2184    .ARM.Collect$$libinit$$0000001D  c_w.l(libinit2.o)
    0x080001c2   0x00000000   Code   RO         2186    .ARM.Collect$$libinit$$0000001F  c_w.l(libinit2.o)
    0x080001c2   0x00000000   Code   RO         2188    .ARM.Collect$$libinit$$00000021  c_w.l(libinit2.o)
    0x080001c2   0x00000000   Code   RO         2190    .ARM.Collect$$libinit$$00000023  c_w.l(libinit2.o)
    0x080001c2   0x00000000   Code   RO         2192    .ARM.Collect$$libinit$$00000025  c_w.l(libinit2.o)
    0x080001c2   0x00000000   Code   RO         2196    .ARM.Collect$$libinit$$0000002C  c_w.l(libinit2.o)
    0x080001c2   0x00000000   Code   RO         2198    .ARM.Collect$$libinit$$0000002E  c_w.l(libinit2.o)
    0x080001c2   0x00000000   Code   RO         2200    .ARM.Collect$$libinit$$00000030  c_w.l(libinit2.o)
    0x080001c2   0x00000000   Code   RO         2202    .ARM.Collect$$libinit$$00000032  c_w.l(libinit2.o)
    0x080001c2   0x00000002   Code   RO         2203    .ARM.Collect$$libinit$$00000033  c_w.l(libinit2.o)
    0x080001c4   0x00000002   Code   RO         2233    .ARM.Collect$$libshutdown$$00000000  c_w.l(libshutdown.o)
    0x080001c6   0x00000000   Code   RO         2245    .ARM.Collect$$libshutdown$$00000003  c_w.l(libshutdown2.o)
    0x080001c6   0x00000000   Code   RO         2248    .ARM.Collect$$libshutdown$$00000006  c_w.l(libshutdown2.o)
    0x080001c6   0x00000000   Code   RO         2251    .ARM.Collect$$libshutdown$$00000009  c_w.l(libshutdown2.o)
    0x080001c6   0x00000000   Code   RO         2253    .ARM.Collect$$libshutdown$$0000000B  c_w.l(libshutdown2.o)
    0x080001c6   0x00000000   Code   RO         2256    .ARM.Collect$$libshutdown$$0000000E  c_w.l(libshutdown2.o)
    0x080001c6   0x00000002   Code   RO         2257    .ARM.Collect$$libshutdown$$0000000F  c_w.l(libshutdown2.o)
    0x080001c8   0x00000000   Code   RO         2098    .ARM.Collect$$rtentry$$00000000  c_w.l(__rtentry.o)
    0x080001c8   0x00000000   Code   RO         2121    .ARM.Collect$$rtentry$$00000002  c_w.l(__rtentry2.o)
    0x080001c8   0x00000006   Code   RO         2133    .ARM.Collect$$rtentry$$00000004  c_w.l(__rtentry4.o)
    0x080001ce   0x00000000   Code   RO         2123    .ARM.Collect$$rtentry$$00000009  c_w.l(__rtentry2.o)
    0x080001ce   0x00000004   Code   RO         2124    .ARM.Collect$$rtentry$$0000000A  c_w.l(__rtentry2.o)
    0x080001d2   0x00000000   Code   RO         2126    .ARM.Collect$$rtentry$$0000000C  c_w.l(__rtentry2.o)
    0x080001d2   0x00000008   Code   RO         2127    .ARM.Collect$$rtentry$$0000000D  c_w.l(__rtentry2.o)
    0x080001da   0x00000002   Code   RO         2204    .ARM.Collect$$rtexit$$00000000  c_w.l(rtexit.o)
    0x080001dc   0x00000000   Code   RO         2211    .ARM.Collect$$rtexit$$00000002  c_w.l(rtexit2.o)
    0x080001dc   0x00000004   Code   RO         2212    .ARM.Collect$$rtexit$$00000003  c_w.l(rtexit2.o)
    0x080001e0   0x00000006   Code   RO         2213    .ARM.Collect$$rtexit$$00000004  c_w.l(rtexit2.o)
    0x080001e6   0x00000002   PAD
    0x080001e8   0x00000040   Code   RO         1997    .text               startup_stm32f10x_hd.o
    0x08000228   0x00000028   Code   RO         2051    .text               c_w.l(noretval__2sprintf.o)
    0x08000250   0x00000068   Code   RO         2053    .text               c_w.l(__printf.o)
    0x080002b8   0x00000078   Code   RO         2057    .text               c_w.l(_printf_dec.o)
    0x08000330   0x00000070   Code   RO         2082    .text               c_w.l(strtol.o)
    0x080003a0   0x00000058   Code   RO         2084    .text               c_w.l(memcmp.o)
    0x080003f8   0x0000003e   Code   RO         2086    .text               c_w.l(strlen.o)
    0x08000436   0x00000064   Code   RO         2088    .text               c_w.l(rt_memcpy_w.o)
    0x0800049a   0x00000044   Code   RO         2090    .text               c_w.l(rt_memclr.o)
    0x080004de   0x0000004e   Code   RO         2092    .text               c_w.l(rt_memclr_w.o)
    0x0800052c   0x00000006   Code   RO         2094    .text               c_w.l(heapauxi.o)
    0x08000532   0x00000002   PAD
    0x08000534   0x00000010   Code   RO         2099    .text               c_w.l(rt_ctype_table.o)
    0x08000544   0x00000008   Code   RO         2104    .text               c_w.l(rt_errno_addr_intlibspace.o)
    0x0800054c   0x000000b2   Code   RO         2106    .text               c_w.l(_printf_intcommon.o)
    0x080005fe   0x00000002   PAD
    0x08000600   0x00000030   Code   RO         2108    .text               c_w.l(_printf_char_common.o)
    0x08000630   0x0000000a   Code   RO         2110    .text               c_w.l(_sputc.o)
    0x0800063a   0x0000009e   Code   RO         2115    .text               c_w.l(_strtoul.o)
    0x080006d8   0x00000008   Code   RO         2117    .text               c_w.l(libspace.o)
    0x080006e0   0x00000008   Code   RO         2138    .text               c_w.l(rt_locale_intlibspace.o)
    0x080006e8   0x0000001c   Code   RO         2142    .text               c_w.l(_chval.o)
    0x08000704   0x0000004a   Code   RO         2147    .text               c_w.l(sys_stackheap_outer.o)
    0x0800074e   0x0000000c   Code   RO         2149    .text               c_w.l(exit.o)
    0x0800075a   0x00000002   PAD
    0x0800075c   0x00000080   Code   RO         2151    .text               c_w.l(strcmpv7m.o)
    0x080007dc   0x0000000c   Code   RO         2223    .text               c_w.l(sys_exit.o)
    0x080007e8   0x00000002   Code   RO         2234    .text               c_w.l(use_no_semi.o)
    0x080007ea   0x00000000   Code   RO         2236    .text               c_w.l(indicate_semi.o)
    0x080007ea   0x00000002   PAD
    0x080007ec   0x00000010   Code   RO          842    i.Adv_Data_Clear    messagequeuing.o
    0x080007fc   0x00000060   Code   RO          843    i.Adv_Data_Fill     messagequeuing.o
    0x0800085c   0x00000084   Code   RO          844    i.Adv_Data_Get      messagequeuing.o
    0x080008e0   0x00000048   Code   RO          845    i.Adv_Data_GetLength  messagequeuing.o
    0x08000928   0x00000108   Code   RO         1000    i.CAN_FilterInit    stm32f10x_can.o
    0x08000a30   0x00000012   Code   RO         1006    i.CAN_ITConfig      stm32f10x_can.o
    0x08000a42   0x00000114   Code   RO         1007    i.CAN_Init          stm32f10x_can.o
    0x08000b56   0x00000002   PAD
    0x08000b58   0x000002d0   Code   RO          266    i.CAN_Mode_Init     device_can.o
    0x08000e28   0x000000f0   Code   RO         1010    i.CAN_Receive       stm32f10x_can.o
    0x08000f18   0x00000126   Code   RO         1015    i.CAN_Transmit      stm32f10x_can.o
    0x0800103e   0x00000002   PAD
    0x08001040   0x000000a0   Code   RO         1016    i.CAN_TransmitStatus  stm32f10x_can.o
    0x080010e0   0x00000074   Code   RO          268    i.Can_Send_Msg      device_can.o
    0x08001154   0x0000000c   Code   RO          890    i.ClearIRCheck      ir_exti.o
    0x08001160   0x0000002c   Code   RO          891    i.EXTI4_IRQHandler  ir_exti.o
    0x0800118c   0x0000005c   Code   RO          892    i.EXTI9_5_IRQHandler  ir_exti.o
    0x080011e8   0x0000008c   Code   RO          893    i.EXTIX_Init        ir_exti.o
    0x08001274   0x0000000c   Code   RO         1162    i.EXTI_ClearITPendingBit  stm32f10x_exti.o
    0x08001280   0x00000028   Code   RO         1166    i.EXTI_GetITStatus  stm32f10x_exti.o
    0x080012a8   0x00000094   Code   RO         1167    i.EXTI_Init         stm32f10x_exti.o
    0x0800133c   0x0000000c   Code   RO         1227    i.FLASH_ClearFlag   stm32f10x_flash.o
    0x08001348   0x0000004c   Code   RO         1232    i.FLASH_ErasePage   stm32f10x_flash.o
    0x08001394   0x00000034   Code   RO         1233    i.FLASH_GetBank1Status  stm32f10x_flash.o
    0x080013c8   0x00000014   Code   RO         1243    i.FLASH_LockBank1   stm32f10x_flash.o
    0x080013dc   0x0000006c   Code   RO         1247    i.FLASH_ProgramWord  stm32f10x_flash.o
    0x08001448   0x00000018   Code   RO         1251    i.FLASH_UnlockBank1  stm32f10x_flash.o
    0x08001460   0x00000026   Code   RO         1254    i.FLASH_WaitForLastOperation  stm32f10x_flash.o
    0x08001486   0x00000002   PAD
    0x08001488   0x00000040   Code   RO         1416    i.GPIO_EXTILineConfig  stm32f10x_gpio.o
    0x080014c8   0x00000116   Code   RO         1419    i.GPIO_Init         stm32f10x_gpio.o
    0x080015de   0x00000002   PAD
    0x080015e0   0x00000090   Code   RO         1421    i.GPIO_PinRemapConfig  stm32f10x_gpio.o
    0x08001670   0x00000012   Code   RO         1423    i.GPIO_ReadInputDataBit  stm32f10x_gpio.o
    0x08001682   0x00000004   Code   RO         1426    i.GPIO_ResetBits    stm32f10x_gpio.o
    0x08001686   0x00000004   Code   RO         1427    i.GPIO_SetBits      stm32f10x_gpio.o
    0x0800168a   0x00000016   Code   RO          144    i.GoodStructInit    remote-comm.o
    0x080016a0   0x0000004c   Code   RO          145    i.GoodsStructClean  remote-comm.o
    0x080016ec   0x00000038   Code   RO          894    i.IRCheckFunc       ir_exti.o
    0x08001724   0x00000010   Code   RO         1539    i.IWDG_Enable       stm32f10x_iwdg.o
    0x08001734   0x00000010   Code   RO         1541    i.IWDG_ReloadCounter  stm32f10x_iwdg.o
    0x08001744   0x0000000c   Code   RO         1542    i.IWDG_SetPrescaler  stm32f10x_iwdg.o
    0x08001750   0x0000000c   Code   RO         1543    i.IWDG_SetReload    stm32f10x_iwdg.o
    0x0800175c   0x0000000c   Code   RO         1544    i.IWDG_WriteAccessCmd  stm32f10x_iwdg.o
    0x08001768   0x00000070   Code   RO          946    i.NVIC_Init         misc.o
    0x080017d8   0x00000014   Code   RO          947    i.NVIC_PriorityGroupConfig  misc.o
    0x080017ec   0x00000020   Code   RO         1595    i.RCC_APB1PeriphClockCmd  stm32f10x_rcc.o
    0x0800180c   0x00000020   Code   RO         1596    i.RCC_APB1PeriphResetCmd  stm32f10x_rcc.o
    0x0800182c   0x00000020   Code   RO         1597    i.RCC_APB2PeriphClockCmd  stm32f10x_rcc.o
    0x0800184c   0x00000020   Code   RO         1598    i.RCC_APB2PeriphResetCmd  stm32f10x_rcc.o
    0x0800186c   0x000000d4   Code   RO         1605    i.RCC_GetClocksFreq  stm32f10x_rcc.o
    0x08001940   0x0000003c   Code   RO         1606    i.RCC_GetFlagStatus  stm32f10x_rcc.o
    0x0800197c   0x0000000c   Code   RO         1614    i.RCC_LSICmd        stm32f10x_rcc.o
    0x08001988   0x0000000c   Code   RO          895    i.RetIRCheckFunc    ir_exti.o
    0x08001994   0x000002ac   Code   RO          146    i.RunCar1           remote-comm.o
    0x08001c40   0x00000008   Code   RO         2004    i.SetSysClock       system_stm32f10x.o
    0x08001c48   0x000000e0   Code   RO         2005    i.SetSysClockTo72   system_stm32f10x.o
    0x08001d28   0x000000b0   Code   RO          147    i.SlaveDeviceStatus  remote-comm.o
    0x08001dd8   0x00000054   Code   RO          148    i.Start             remote-comm.o
    0x08001e2c   0x00000050   Code   RO          149    i.Stop              remote-comm.o
    0x08001e7c   0x00000010   Code   RO          793    i.SysTick_Handler   utils_1.o
    0x08001e8c   0x00000060   Code   RO         2007    i.SystemInit        system_stm32f10x.o
    0x08001eec   0x00000044   Code   RO          523    i.UART4_IRQHandler  uart4_1.o
    0x08001f30   0x00000044   Code   RO          327    i.USART1_IRQHandler  uart1_1.o
    0x08001f74   0x00000044   Code   RO          395    i.USART2_IRQHandler  uart2_1.o
    0x08001fb8   0x00000044   Code   RO          459    i.USART3_IRQHandler  uart3_1.o
    0x08001ffc   0x00000018   Code   RO         1809    i.USART_Cmd         stm32f10x_usart.o
    0x08002014   0x0000009c   Code   RO         1811    i.USART_DeInit      stm32f10x_usart.o
    0x080020b0   0x0000001a   Code   RO         1812    i.USART_GetFlagStatus  stm32f10x_usart.o
    0x080020ca   0x00000054   Code   RO         1813    i.USART_GetITStatus  stm32f10x_usart.o
    0x0800211e   0x0000004a   Code   RO         1815    i.USART_ITConfig    stm32f10x_usart.o
    0x08002168   0x000000d8   Code   RO         1816    i.USART_Init        stm32f10x_usart.o
    0x08002240   0x0000000a   Code   RO         1823    i.USART_ReceiveData  stm32f10x_usart.o
    0x0800224a   0x00000008   Code   RO         1826    i.USART_SendData    stm32f10x_usart.o
    0x08002252   0x00000002   PAD
    0x08002254   0x0000008c   Code   RO          269    i.USB_LP_CAN1_RX0_IRQHandler  device_can.o
    0x080022e0   0x00000084   Code   RO          666    i.WriteFlashOneWord  flash_1.o
    0x08002364   0x000007ac   Code   RO          150    i.check_car_and_servo  remote-comm.o
    0x08002b10   0x00000040   Code   RO          593    i.crc_modbus        crc16_mobus_1.o
    0x08002b50   0x00000020   Code   RO            4    i.device_init       app.o
    0x08002b70   0x00000024   Code   RO          667    i.flash_Car1DirAndRunTime_data_get  flash_1.o
    0x08002b94   0x00000024   Code   RO          668    i.flash_IRCheck_DelayTime_data_get  flash_1.o
    0x08002bb8   0x00000024   Code   RO          669    i.flash_SleepTime_data_get  flash_1.o
    0x08002bdc   0x00000024   Code   RO          670    i.flash_Win_DelayTime_data_get  flash_1.o
    0x08002c00   0x00000020   Code   RO          671    i.flash_device_id_data_get  flash_1.o
    0x08002c20   0x00000024   Code   RO          672    i.flash_device_maxid_data_get  flash_1.o
    0x08002c44   0x00000020   Code   RO          673    i.flash_device_timeOut_data_get  flash_1.o
    0x08002c64   0x00000020   Code   RO          674    i.flash_firstPostionTimeOut_data_get  flash_1.o
    0x08002c84   0x0000003c   Code   RO          675    i.flash_init        flash_1.o
    0x08002cc0   0x00000024   Code   RO          676    i.flash_powerup_on_off_data_get  flash_1.o
    0x08002ce4   0x0000010c   Code   RO          677    i.flash_read        flash_1.o
    0x08002df0   0x00000020   Code   RO          678    i.flash_rs485_tick_data_get  flash_1.o
    0x08002e10   0x00000024   Code   RO          679    i.flash_servo_motor_adtime_data_get  flash_1.o
    0x08002e34   0x00000028   Code   RO          680    i.flash_servo_motor_position_data_get  flash_1.o
    0x08002e5c   0x00000024   Code   RO          681    i.flash_servo_motor_speed_data_get  flash_1.o
    0x08002e80   0x00000024   Code   RO          682    i.flash_speed_data_get  flash_1.o
    0x08002ea4   0x0000000c   Code   RO          794    i.get_system_tick   utils_1.o
    0x08002eb0   0x00000008   Code   RO          328    i.get_uart1_buf     uart1_1.o
    0x08002eb8   0x0000001c   Code   RO          329    i.get_uart1_length  uart1_1.o
    0x08002ed4   0x00000008   Code   RO          396    i.get_uart2_buf     uart2_1.o
    0x08002edc   0x00000022   Code   RO          594    i.id_run_ctrl       crc16_mobus_1.o
    0x08002efe   0x00000036   Code   RO          595    i.id_set_mobus_crc  crc16_mobus_1.o
    0x08002f34   0x00000198   Code   RO            5    i.init              app.o
    0x080030cc   0x00000540   Code   RO          151    i.initServoLiChuang  remote-comm.o
    0x0800360c   0x00000024   Code   RO            6    i.ir_init           app.o
    0x08003630   0x000000d4   Code   RO            7    i.main              app.o
    0x08003704   0x00000024   Code   RO          152    i.pb3_ctrl          remote-comm.o
    0x08003728   0x00000034   Code   RO            9    i.pb3_init          app.o
    0x0800375c   0x00000048   Code   RO          795    i.reset             utils_1.o
    0x080037a4   0x0000000c   Code   RO          796    i.retTickDiff       utils_1.o
    0x080037b0   0x00000044   Code   RO          526    i.rs3485_pb14_init  uart4_1.o
    0x080037f4   0x00000044   Code   RO          398    i.rs3485_pb15_init  uart2_1.o
    0x08003838   0x00000026   Code   RO          596    i.send_servor_motor_data  crc16_mobus_1.o
    0x0800385e   0x0000002e   Code   RO          597    i.send_servor_motor_pos  crc16_mobus_1.o
    0x0800388c   0x00000268   Code   RO          153    i.servo_motor_rs485_init  remote-comm.o
    0x08003af4   0x00000032   Code   RO          598    i.set_addr_mobus_crc  crc16_mobus_1.o
    0x08003b26   0x00000026   Code   RO          600    i.set_mobus_crc     crc16_mobus_1.o
    0x08003b4c   0x000001b4   Code   RO          154    i.treadmill_init    remote-comm.o
    0x08003d00   0x000000a0   Code   RO          330    i.uart1RecvFinish   uart1_1.o
    0x08003da0   0x00000024   Code   RO          331    i.uart1_clear       uart1_1.o
    0x08003dc4   0x000000a8   Code   RO          332    i.uart1_init        uart1_1.o
    0x08003e6c   0x00000cec   Code   RO          155    i.uart1_process     remote-comm.o
    0x08004b58   0x00000038   Code   RO          333    i.uart1_sendstr     uart1_1.o
    0x08004b90   0x00000024   Code   RO          399    i.uart2_clear       uart2_1.o
    0x08004bb4   0x000000b0   Code   RO          400    i.uart2_init        uart2_1.o
    0x08004c64   0x00000060   Code   RO          401    i.uart2_sendstr     uart2_1.o
    0x08004cc4   0x00000024   Code   RO          527    i.uart4_clear       uart4_1.o
    0x08004ce8   0x000000b4   Code   RO          528    i.uart4_init        uart4_1.o
    0x08004d9c   0x0000005c   Code   RO          529    i.uart4_sendstr     uart4_1.o
    0x08004df8   0x0000000c   Code   RO          530    i.uart_485_delay    uart4_1.o
    0x08004e04   0x0000002c   Code   RO         2145    locale$$code        c_w.l(lc_ctype_c.o)
    0x08004e30   0x00000008   Data   RO          157    .constdata          remote-comm.o
    0x08004e38   0x00000200   Data   RO          601    .constdata          crc16_mobus_1.o
    0x08005038   0x0000007c   Data   RO          683    .conststring        flash_1.o
    0x080050b4   0x00000020   Data   RO         2282    Region$$Table       anon$$obj.o
    0x080050d4   0x00000110   Data   RO         2144    locale$$data        c_w.l(lc_ctype_c.o)


    Execution Region RW_IRAM1 (Base: 0x20000000, Size: 0x000035e0, Max: 0x0000c000, ABSOLUTE)

    Base Addr    Size         Type   Attr      Idx    E Section Name        Object

    0x20000000   0x00000054   Data   RW          158    .data               remote-comm.o
    0x20000054   0x00000004   Data   RW          271    .data               device_can.o
    0x20000058   0x00000018   Data   RW          335    .data               uart1_1.o
    0x20000070   0x00000008   Data   RW          403    .data               uart2_1.o
    0x20000078   0x00000008   Data   RW          467    .data               uart3_1.o
    0x20000080   0x00000008   Data   RW          532    .data               uart4_1.o
    0x20000088   0x00000001   Data   RW          684    .data               flash_1.o
    0x20000089   0x00000003   PAD
    0x2000008c   0x00000004   Data   RW          797    .data               utils_1.o
    0x20000090   0x00000004   Data   RW          896    .data               ir_exti.o
    0x20000094   0x00000014   Data   RW         1625    .data               stm32f10x_rcc.o
    0x200000a8   0x00000014   Data   RW         2008    .data               system_stm32f10x.o
    0x200000bc   0x000016c8   Zero   RW           10    .bss                app.o
    0x20001784   0x000004d8   Zero   RW          156    .bss                remote-comm.o
    0x20001c5c   0x000000c8   Zero   RW          334    .bss                uart1_1.o
    0x20001d24   0x000000c8   Zero   RW          402    .bss                uart2_1.o
    0x20001dec   0x000000c8   Zero   RW          466    .bss                uart3_1.o
    0x20001eb4   0x000000c8   Zero   RW          531    .bss                uart4_1.o
    0x20001f7c   0x00001002   Zero   RW          846    .bss                messagequeuing.o
    0x20002f7e   0x00000002   PAD
    0x20002f80   0x00000060   Zero   RW         2118    .bss                c_w.l(libspace.o)
    0x20002fe0   0x00000200   Zero   RW         1995    HEAP                startup_stm32f10x_hd.o
    0x200031e0   0x00000400   Zero   RW         1994    STACK               startup_stm32f10x_hd.o


==============================================================================

Image component sizes


      Code (inc. data)   RO Data    RW Data    ZI Data      Debug   Object Name

       740         32          0          0       5832     280734   app.o
       324          4        512          0          0       5032   crc16_mobus_1.o
       976         44          0          4          0       6404   device_can.o
       952        222        124          1          0       9122   flash_1.o
       356         36          0          4          0       2951   ir_exti.o
       316         18          0          0       4098       3277   messagequeuing.o
       132         22          0          0          0       1691   misc.o
      8826       1026          8         84       1240      17785   remote-comm.o
        64         26        304          0       1536        828   startup_stm32f10x_hd.o
      1252         28          0          0          0       5349   stm32f10x_can.o
       200         18          0          0          0       2280   stm32f10x_exti.o
       330         38          0          0          0       5658   stm32f10x_flash.o
       512         10          0          0          0       5364   stm32f10x_gpio.o
        68         30          0          0          0       2642   stm32f10x_iwdg.o
       412         54          0         20          0       7041   stm32f10x_rcc.o
       598         28          0          0          0       7060   stm32f10x_usart.o
       328         28          0         20          0       2325   system_stm32f10x.o
       524         78          0         24        200       4605   uart1_1.o
       452         64          0          8        200       3990   uart2_1.o
        68         14          0          8        200       1332   uart3_1.o
       456         56          0          8        200       3999   uart4_1.o
       112         22          0          4          0       2002   utils_1.o

    ----------------------------------------------------------------------
     18008       1898        980        188      13508     381471   Object Totals
         0          0         32          0          0          0   (incl. Generated)
        10          0          0          3          2          0   (incl. Padding)

    ----------------------------------------------------------------------

      Code (inc. data)   RO Data    RW Data    ZI Data      Debug   Library Member Name

         8          0          0          0          0         68   __main.o
       104          0          0          0          0         84   __printf.o
         0          0          0          0          0          0   __rtentry.o
        12          0          0          0          0          0   __rtentry2.o
         6          0          0          0          0          0   __rtentry4.o
        52          8          0          0          0          0   __scatter.o
        26          0          0          0          0          0   __scatter_copy.o
        28          0          0          0          0          0   __scatter_zi.o
        28          0          0          0          0         68   _chval.o
        48          6          0          0          0         96   _printf_char_common.o
         6          0          0          0          0          0   _printf_d.o
       120         16          0          0          0         92   _printf_dec.o
       178          0          0          0          0         88   _printf_intcommon.o
         0          0          0          0          0          0   _printf_percent.o
         4          0          0          0          0          0   _printf_percent_end.o
        10          0          0          0          0         68   _sputc.o
       158          0          0          0          0         92   _strtoul.o
        12          0          0          0          0         72   exit.o
         6          0          0          0          0        152   heapauxi.o
         0          0          0          0          0          0   indicate_semi.o
        44         10        272          0          0         76   lc_ctype_c.o
         2          0          0          0          0          0   libinit.o
        20          0          0          0          0          0   libinit2.o
         2          0          0          0          0          0   libshutdown.o
         2          0          0          0          0          0   libshutdown2.o
         8          4          0          0         96         68   libspace.o
        88          0          0          0          0         76   memcmp.o
        40          6          0          0          0         84   noretval__2sprintf.o
        16          4          0          0          0         76   rt_ctype_table.o
         8          4          0          0          0         68   rt_errno_addr_intlibspace.o
         8          4          0          0          0         68   rt_locale_intlibspace.o
        68          0          0          0          0         68   rt_memclr.o
        78          0          0          0          0         80   rt_memclr_w.o
       100          0          0          0          0         80   rt_memcpy_w.o
         2          0          0          0          0          0   rtexit.o
        10          0          0          0          0          0   rtexit2.o
       128          0          0          0          0         68   strcmpv7m.o
        62          0          0          0          0         76   strlen.o
       112          0          0          0          0         88   strtol.o
        12          4          0          0          0         68   sys_exit.o
        74          0          0          0          0         80   sys_stackheap_outer.o
         2          0          0          0          0         68   use_no_semi.o

    ----------------------------------------------------------------------
      1704         66        272          0         96       2072   Library Totals
        12          0          0          0          0          0   (incl. Padding)

    ----------------------------------------------------------------------

      Code (inc. data)   RO Data    RW Data    ZI Data      Debug   Library Name

      1692         66        272          0         96       2072   c_w.l

    ----------------------------------------------------------------------
      1704         66        272          0         96       2072   Library Totals

    ----------------------------------------------------------------------

==============================================================================


      Code (inc. data)   RO Data    RW Data    ZI Data      Debug   

     19712       1964       1252        188      13604     376103   Grand Totals
     19712       1964       1252        188      13604     376103   ELF Image Totals
     19712       1964       1252        188          0          0   ROM Totals

==============================================================================

    Total RO  Size (Code + RO Data)                20964 (  20.47kB)
    Total RW  Size (RW Data + ZI Data)             13792 (  13.47kB)
    Total ROM Size (Code + RO Data + RW Data)      21152 (  20.66kB)

==============================================================================

